Archive member included to satisfy reference by file (symbol)

C:\MCU_ARM\gcc-arm-none-eabi-10.3-2021.10\arm-none-eabi\lib\thumb\v6-m\nofp\libnosys.a(errno.o)
                              newlib_stubs.o (errno)
C:\MCU_ARM\gcc-arm-none-eabi-10.3-2021.10\lib\gcc\arm-none-eabi\10.3.1\thumb\v6-m\nofp\libgcc.a(_udivsi3.o)
                              main.o (__aeabi_uidivmod)
C:\MCU_ARM\gcc-arm-none-eabi-10.3-2021.10\lib\gcc\arm-none-eabi\10.3.1\thumb\v6-m\nofp\libgcc.a(_divsi3.o)
                              main.o (__aeabi_idiv)
C:\MCU_ARM\gcc-arm-none-eabi-10.3-2021.10\lib\gcc\arm-none-eabi\10.3.1\thumb\v6-m\nofp\libgcc.a(_dvmd_tls.o)
                              C:\MCU_ARM\gcc-arm-none-eabi-10.3-2021.10\lib\gcc\arm-none-eabi\10.3.1\thumb\v6-m\nofp\libgcc.a(_udivsi3.o) (__aeabi_idiv0)
C:\MCU_ARM\gcc-arm-none-eabi-10.3-2021.10\lib\gcc\arm-none-eabi\10.3.1\thumb\v6-m\nofp\libgcc.a(_arm_cmpsf2.o)
                              main.o (__aeabi_fcmplt)
C:\MCU_ARM\gcc-arm-none-eabi-10.3-2021.10\lib\gcc\arm-none-eabi\10.3.1\thumb\v6-m\nofp\libgcc.a(addsf3.o)
                              main.o (__aeabi_fadd)
C:\MCU_ARM\gcc-arm-none-eabi-10.3-2021.10\lib\gcc\arm-none-eabi\10.3.1\thumb\v6-m\nofp\libgcc.a(divsf3.o)
                              main.o (__aeabi_fdiv)
C:\MCU_ARM\gcc-arm-none-eabi-10.3-2021.10\lib\gcc\arm-none-eabi\10.3.1\thumb\v6-m\nofp\libgcc.a(eqsf2.o)
                              C:\MCU_ARM\gcc-arm-none-eabi-10.3-2021.10\lib\gcc\arm-none-eabi\10.3.1\thumb\v6-m\nofp\libgcc.a(_arm_cmpsf2.o) (__eqsf2)
C:\MCU_ARM\gcc-arm-none-eabi-10.3-2021.10\lib\gcc\arm-none-eabi\10.3.1\thumb\v6-m\nofp\libgcc.a(gesf2.o)
                              C:\MCU_ARM\gcc-arm-none-eabi-10.3-2021.10\lib\gcc\arm-none-eabi\10.3.1\thumb\v6-m\nofp\libgcc.a(_arm_cmpsf2.o) (__gesf2)
C:\MCU_ARM\gcc-arm-none-eabi-10.3-2021.10\lib\gcc\arm-none-eabi\10.3.1\thumb\v6-m\nofp\libgcc.a(lesf2.o)
                              C:\MCU_ARM\gcc-arm-none-eabi-10.3-2021.10\lib\gcc\arm-none-eabi\10.3.1\thumb\v6-m\nofp\libgcc.a(_arm_cmpsf2.o) (__lesf2)
C:\MCU_ARM\gcc-arm-none-eabi-10.3-2021.10\lib\gcc\arm-none-eabi\10.3.1\thumb\v6-m\nofp\libgcc.a(subsf3.o)
                              main.o (__aeabi_fsub)
C:\MCU_ARM\gcc-arm-none-eabi-10.3-2021.10\lib\gcc\arm-none-eabi\10.3.1\thumb\v6-m\nofp\libgcc.a(fixsfsi.o)
                              main.o (__aeabi_f2iz)
C:\MCU_ARM\gcc-arm-none-eabi-10.3-2021.10\lib\gcc\arm-none-eabi\10.3.1\thumb\v6-m\nofp\libgcc.a(floatsisf.o)
                              main.o (__aeabi_i2f)
C:\MCU_ARM\gcc-arm-none-eabi-10.3-2021.10\lib\gcc\arm-none-eabi\10.3.1\thumb\v6-m\nofp\libgcc.a(adddf3.o)
                              main.o (__aeabi_dadd)
C:\MCU_ARM\gcc-arm-none-eabi-10.3-2021.10\lib\gcc\arm-none-eabi\10.3.1\thumb\v6-m\nofp\libgcc.a(divdf3.o)
                              main.o (__aeabi_ddiv)
C:\MCU_ARM\gcc-arm-none-eabi-10.3-2021.10\lib\gcc\arm-none-eabi\10.3.1\thumb\v6-m\nofp\libgcc.a(muldf3.o)
                              main.o (__aeabi_dmul)
C:\MCU_ARM\gcc-arm-none-eabi-10.3-2021.10\lib\gcc\arm-none-eabi\10.3.1\thumb\v6-m\nofp\libgcc.a(fixdfsi.o)
                              main.o (__aeabi_d2iz)
C:\MCU_ARM\gcc-arm-none-eabi-10.3-2021.10\lib\gcc\arm-none-eabi\10.3.1\thumb\v6-m\nofp\libgcc.a(floatsidf.o)
                              main.o (__aeabi_i2d)
C:\MCU_ARM\gcc-arm-none-eabi-10.3-2021.10\lib\gcc\arm-none-eabi\10.3.1\thumb\v6-m\nofp\libgcc.a(extendsfdf2.o)
                              main.o (__aeabi_f2d)
C:\MCU_ARM\gcc-arm-none-eabi-10.3-2021.10\lib\gcc\arm-none-eabi\10.3.1\thumb\v6-m\nofp\libgcc.a(truncdfsf2.o)
                              main.o (__aeabi_d2f)
C:\MCU_ARM\gcc-arm-none-eabi-10.3-2021.10\lib\gcc\arm-none-eabi\10.3.1\thumb\v6-m\nofp\libgcc.a(_clzsi2.o)
                              C:\MCU_ARM\gcc-arm-none-eabi-10.3-2021.10\lib\gcc\arm-none-eabi\10.3.1\thumb\v6-m\nofp\libgcc.a(addsf3.o) (__clzsi2)
C:\MCU_ARM\gcc-arm-none-eabi-10.3-2021.10\arm-none-eabi\lib\thumb\v6-m\nofp\libc_nano.a(lib_a-memset.o)
                              main.o (memset)
C:\MCU_ARM\gcc-arm-none-eabi-10.3-2021.10\arm-none-eabi\lib\thumb\v6-m\nofp\libc_nano.a(lib_a-nano-vfprintf_float.o)
                              (_printf_float)
C:\MCU_ARM\gcc-arm-none-eabi-10.3-2021.10\arm-none-eabi\lib\thumb\v6-m\nofp\libc_nano.a(lib_a-nano-vfprintf_i.o)
                              C:\MCU_ARM\gcc-arm-none-eabi-10.3-2021.10\arm-none-eabi\lib\thumb\v6-m\nofp\libc_nano.a(lib_a-nano-vfprintf_float.o) (_printf_common)
C:\MCU_ARM\gcc-arm-none-eabi-10.3-2021.10\arm-none-eabi\lib\thumb\v6-m\nofp\libc_nano.a(lib_a-printf.o)
                              main.o (printf)
C:\MCU_ARM\gcc-arm-none-eabi-10.3-2021.10\arm-none-eabi\lib\thumb\v6-m\nofp\libc_nano.a(lib_a-puts.o)
                              main.o (puts)
C:\MCU_ARM\gcc-arm-none-eabi-10.3-2021.10\arm-none-eabi\lib\thumb\v6-m\nofp\libc_nano.a(lib_a-sprintf.o)
                              main.o (sprintf)
[...]
Memory Configuration

Name             Origin             Length             Attributes
flash            0x08000000         0x00010000
ram              0x20000000         0x00002000
*default*        0x00000000         0xffffffff

Linker script and memory map

LOAD main.o
LOAD lcd.o
LOAD adc.o
LOAD serial.o
LOAD UART2.o
LOAD startup.o
LOAD newlib_stubs.o
LOAD C:\MCU_ARM\gcc-arm-none-eabi-10.3-2021.10\arm-none-eabi\lib\thumb\v6-m\nofp\libnosys.a
LOAD C:\MCU_ARM\gcc-arm-none-eabi-10.3-2021.10\lib\gcc\arm-none-eabi\10.3.1\thumb\v6-m\nofp\libgcc.a
START GROUP
LOAD C:\MCU_ARM\gcc-arm-none-eabi-10.3-2021.10\lib\gcc\arm-none-eabi\10.3.1\thumb\v6-m\nofp\libgcc.a
LOAD C:\MCU_ARM\gcc-arm-none-eabi-10.3-2021.10\arm-none-eabi\lib\thumb\v6-m\nofp\libc_nano.a
LOAD C:\MCU_ARM\gcc-arm-none-eabi-10.3-2021.10\arm-none-eabi\lib\thumb\v6-m\nofp\libm.a
END GROUP

.text           0x08000000     0xb014
 *(.vectors)
 .vectors       0x08000000       0xb8 startup.o
                0x08000000                Vectors
 *(.after_vectors*)
 .after_vectors
                0x080000b8       0x28 startup.o
                0x080000b8                ResetInit
 *(.text*)
 .text          0x080000e0      0xf38 main.o
                0x080000e0                Set_Pin_Input
                0x0800019e                Set_Pin_Output
                0x08000254                Configure_Pins
                0x080003f4                Setbuzzer_freq
                0x0800041c                Buzzer
                0x08000490                buzzer_ctrl
                0x080004f8                SendATCommand
                0x08000570                ReceptionOff
                0x080005c8                LCD_Custom_Char
                0x08000618                Auto_enter
                0x08000658                TIM21_Handler
                0x08000684                TIM22_Handler
                0x08000710                Coin_chk
                0x080007dc                calculate_std
                0x080008b4                calculate_mean
                0x08000916                main
 .text          0x08001018      0x38c lcd.o
                0x08001018                Delay_us
                0x08001078                waitms
                0x080010c4                LCD_pulse
                0x080010f4                LCD_byte
                0x08001276                WriteData
                0x080012aa                WriteCommand
                0x080012de                LCD_4BIT
                0x08001328                LCDprint
 .text          0x080013a4      0x10c adc.o
                0x080013a4                initADC
                0x08001444                readADC
 .text          0x080014b0      0x5b4 serial.o
                0x080014b0                ReadCom
                0x08001524                WriteCom
                0x080015c4                initUART
                0x08001714                USART1_Handler
                0x08001740                usart_rx
                0x08001770                usart_tx
                0x080017d8                PutBuf
                0x0800183a                GetBuf
                0x08001890                GetBufCount
                0x080018a4                eputs
                0x080018e0                eputc
                0x080018fe                egetc
                0x08001918                egets
                0x080019a4                egetc_echo
                0x080019ca                egets_echo
 .text          0x08001a64      0x5c8 UART2.o
                0x08001a64                ReadCom2
                0x08001ad8                WriteCom2
                0x08001b78                initUART2
                0x08001cc4                USART2_Handler
                0x08001cf0                usart_rx2
                0x08001d20                usart_tx2
                0x08001d88                PutBuf2
                0x08001dea                GetBuf2
                0x08001e40                GetBufCount2
                0x08001e54                eputs2
                0x08001e90                eputc2
                0x08001eae                egetc2
                0x08001ec8                egets2
                0x08001f54                ReceivedBytes2
                0x08001f6c                egetc_echo2
                0x08001f92                egets_echo2
 .text          0x0800202c      0x1a8 startup.o
                0x080020a4                initClock
                0x080021ac                EXTI2_3_Handler
                0x080021ac                SysTick_Handler
                0x080021ac                I2C1_Handler
                0x080021ac                PendSV_Handler
                0x080021ac                NMI_Handler
                0x080021ac                WWDG_Handler
                0x080021ac                RTC_Handler
                0x080021ac                EXTI4_15_Handler
                0x080021ac                TIM2_Handler
                0x080021ac                DMA_CH4_5_6_7_Handler
                0x080021ac                Default_Handler
                0x080021ac                LPUART1_Handler
                0x080021ac                FLASH_Handler
                0x080021ac                EXTI0_1_Handler
                0x080021ac                DMA_CH1_Handler
                0x080021ac                SPI2_Handler
                0x080021ac                DMA_CH2_3_Handler
                0x080021ac                I2C2_Handler
                0x080021ac                SVC_Handler
                0x080021ac                LPTIM1_Handler
                0x080021ac                SPI1_Handler
                0x080021ac                RCC_Handler
                0x080021ac                PVD_Handler
                0x080021ac                TIM6_Handler
                0x080021ac                ADC_COMP_Handler
                0x080021c0                Hard_Fault_Handler
 .text          0x080021d4      0x29c newlib_stubs.o
                0x080021d4                _exit
                0x080021de                _close
                0x080021f2                _execve
                0x08002214                _fork
                0x0800222c                _fstat
                0x08002248                _getpid
                0x08002254                _kill
                0x08002274                _link
                0x08002294                _lseek
                0x080022aa                _stat
                0x080022c6                _times
                0x080022da                _unlink
                0x080022f8                _wait
                0x08002318                _isatty
                0x08002340                _sbrk
                0x080023a4                _read
                0x0800241c                _write
 .text          0x08002470        0x0 C:\MCU_ARM\gcc-arm-none-eabi-10.3-2021.10\arm-none-eabi\lib\thumb\v6-m\nofp\libnosys.a(errno.o)
 .text          0x08002470      0x114 C:\MCU_ARM\gcc-arm-none-eabi-10.3-2021.10\lib\gcc\arm-none-eabi\10.3.1\thumb\v6-m\nofp\libgcc.a(_udivsi3.o)
                0x08002470                __aeabi_uidiv
                0x08002470                __udivsi3
                0x0800257c                __aeabi_uidivmod
 .text          0x08002584      0x1d4 C:\MCU_ARM\gcc-arm-none-eabi-10.3-2021.10\lib\gcc\arm-none-eabi\10.3.1\thumb\v6-m\nofp\libgcc.a(_divsi3.o)
                0x08002584                __divsi3
                0x08002584                __aeabi_idiv
                0x08002750                __aeabi_idivmod
 .text          0x08002758        0x4 C:\MCU_ARM\gcc-arm-none-eabi-10.3-2021.10\lib\gcc\arm-none-eabi\10.3.1\thumb\v6-m\nofp\libgcc.a(_dvmd_tls.o)
                0x08002758                __aeabi_idiv0
                0x08002758                __aeabi_ldiv0
 .text          0x0800275c       0x74 C:\MCU_ARM\gcc-arm-none-eabi-10.3-2021.10\lib\gcc\arm-none-eabi\10.3.1\thumb\v6-m\nofp\libgcc.a(_arm_cmpsf2.o)
                0x0800275c                __aeabi_cfrcmple
                0x08002764                __aeabi_cfcmpeq
                0x08002764                __aeabi_cfcmple
                0x08002774                __aeabi_fcmpeq
                0x08002780                __aeabi_fcmplt
                0x08002794                __aeabi_fcmple
                0x080027a8                __aeabi_fcmpgt
                0x080027bc                __aeabi_fcmpge
 .text          0x080027d0      0x33c C:\MCU_ARM\gcc-arm-none-eabi-10.3-2021.10\lib\gcc\arm-none-eabi\10.3.1\thumb\v6-m\nofp\libgcc.a(addsf3.o)
                0x080027d0                __aeabi_fadd
 .text          0x08002b0c      0x230 C:\MCU_ARM\gcc-arm-none-eabi-10.3-2021.10\lib\gcc\arm-none-eabi\10.3.1\thumb\v6-m\nofp\libgcc.a(divsf3.o)
                0x08002b0c                __aeabi_fdiv
 .text          0x08002d3c       0x4c C:\MCU_ARM\gcc-arm-none-eabi-10.3-2021.10\lib\gcc\arm-none-eabi\10.3.1\thumb\v6-m\nofp\libgcc.a(eqsf2.o)
                0x08002d3c                __eqsf2
                0x08002d3c                __nesf2
 .text          0x08002d88       0x8c C:\MCU_ARM\gcc-arm-none-eabi-10.3-2021.10\lib\gcc\arm-none-eabi\10.3.1\thumb\v6-m\nofp\libgcc.a(gesf2.o)
                0x08002d88                __gesf2
                0x08002d88                __gtsf2
 .text          0x08002e14       0x88 C:\MCU_ARM\gcc-arm-none-eabi-10.3-2021.10\lib\gcc\arm-none-eabi\10.3.1\thumb\v6-m\nofp\libgcc.a(lesf2.o)
                0x08002e14                __ltsf2
                0x08002e14                __lesf2
 .text          0x08002e9c      0x35c C:\MCU_ARM\gcc-arm-none-eabi-10.3-2021.10\lib\gcc\arm-none-eabi\10.3.1\thumb\v6-m\nofp\libgcc.a(subsf3.o)
                0x08002e9c                __aeabi_fsub
 .text          0x080031f8       0x40 C:\MCU_ARM\gcc-arm-none-eabi-10.3-2021.10\lib\gcc\arm-none-eabi\10.3.1\thumb\v6-m\nofp\libgcc.a(fixsfsi.o)
                0x080031f8                __aeabi_f2iz
 .text          0x08003238       0x9c C:\MCU_ARM\gcc-arm-none-eabi-10.3-2021.10\lib\gcc\arm-none-eabi\10.3.1\thumb\v6-m\nofp\libgcc.a(floatsisf.o)
                0x08003238                __aeabi_i2f
 .text          0x080032d4      0x678 C:\MCU_ARM\gcc-arm-none-eabi-10.3-2021.10\lib\gcc\arm-none-eabi\10.3.1\thumb\v6-m\nofp\libgcc.a(adddf3.o)
                0x080032d4                __aeabi_dadd
 .text          0x0800394c      0x5ec C:\MCU_ARM\gcc-arm-none-eabi-10.3-2021.10\lib\gcc\arm-none-eabi\10.3.1\thumb\v6-m\nofp\libgcc.a(divdf3.o)
                0x0800394c                __aeabi_ddiv
 .text          0x08003f38      0x4d8 C:\MCU_ARM\gcc-arm-none-eabi-10.3-2021.10\lib\gcc\arm-none-eabi\10.3.1\thumb\v6-m\nofp\libgcc.a(muldf3.o)
                0x08003f38                __aeabi_dmul
 .text          0x08004410       0x6c C:\MCU_ARM\gcc-arm-none-eabi-10.3-2021.10\lib\gcc\arm-none-eabi\10.3.1\thumb\v6-m\nofp\libgcc.a(fixdfsi.o)
                0x08004410                __aeabi_d2iz
 .text          0x0800447c       0x60 C:\MCU_ARM\gcc-arm-none-eabi-10.3-2021.10\lib\gcc\arm-none-eabi\10.3.1\thumb\v6-m\nofp\libgcc.a(floatsidf.o)
                0x0800447c                __aeabi_i2d
 .text          0x080044dc       0x90 C:\MCU_ARM\gcc-arm-none-eabi-10.3-2021.10\lib\gcc\arm-none-eabi\10.3.1\thumb\v6-m\nofp\libgcc.a(extendsfdf2.o)
                0x080044dc                __aeabi_f2d
 .text          0x0800456c      0x110 C:\MCU_ARM\gcc-arm-none-eabi-10.3-2021.10\lib\gcc\arm-none-eabi\10.3.1\thumb\v6-m\nofp\libgcc.a(truncdfsf2.o)
                0x0800456c                __aeabi_d2f
 .text          0x0800467c       0x3c C:\MCU_ARM\gcc-arm-none-eabi-10.3-2021.10\lib\gcc\arm-none-eabi\10.3.1\thumb\v6-m\nofp\libgcc.a(_clzsi2.o)
                0x0800467c                __clzsi2
 .text          0x080046b8        0x0 C:\MCU_ARM\gcc-arm-none-eabi-10.3-2021.10\arm-none-eabi\lib\thumb\v6-m\nofp\libc_nano.a(lib_a-memset.o)
 .text.memset   0x080046b8       0x10 C:\MCU_ARM\gcc-arm-none-eabi-10.3-2021.10\arm-none-eabi\lib\thumb\v6-m\nofp\libc_nano.a(lib_a-memset.o)
                0x080046b8                memset
 .text          0x080046c8        0x0 C:\MCU_ARM\gcc-arm-none-eabi-10.3-2021.10\arm-none-eabi\lib\thumb\v6-m\nofp\libc_nano.a(lib_a-nano-vfprintf_float.o)
 .text.__cvt    0x080046c8       0xc6 C:\MCU_ARM\gcc-arm-none-eabi-10.3-2021.10\arm-none-eabi\lib\thumb\v6-m\nofp\libc_nano.a(lib_a-nano-vfprintf_float.o)
                0x080046c8                __cvt
 .text.__exponent
                0x0800478e       0x8e C:\MCU_ARM\gcc-arm-none-eabi-10.3-2021.10\arm-none-eabi\lib\thumb\v6-m\nofp\libc_nano.a(lib_a-nano-vfprintf_float.o)
                0x0800478e                __exponent
 .text._printf_float
                0x0800481c      0x484 C:\MCU_ARM\gcc-arm-none-eabi-10.3-2021.10\arm-none-eabi\lib\thumb\v6-m\nofp\libc_nano.a(lib_a-nano-vfprintf_float.o)
                0x0800481c                _printf_float
 .text          0x08004ca0        0x0 C:\MCU_ARM\gcc-arm-none-eabi-10.3-2021.10\arm-none-eabi\lib\thumb\v6-m\nofp\libc_nano.a(lib_a-nano-vfprintf_i.o)
 .text._printf_common
                0x08004ca0       0xde C:\MCU_ARM\gcc-arm-none-eabi-10.3-2021.10\arm-none-eabi\lib\thumb\v6-m\nofp\libc_nano.a(lib_a-nano-vfprintf_i.o)
                0x08004ca0                _printf_common
 *fill*         0x08004d7e        0x2 
 .text._printf_i
                0x08004d80      0x224 C:\MCU_ARM\gcc-arm-none-eabi-10.3-2021.10\arm-none-eabi\lib\thumb\v6-m\nofp\libc_nano.a(lib_a-nano-vfprintf_i.o)
                0x08004d80                _printf_i
 .text          0x08004fa4        0x0 C:\MCU_ARM\gcc-arm-none-eabi-10.3-2021.10\arm-none-eabi\lib\thumb\v6-m\nofp\libc_nano.a(lib_a-printf.o)
 .text._printf_r
                0x08004fa4       0x28 C:\MCU_ARM\gcc-arm-none-eabi-10.3-2021.10\arm-none-eabi\lib\thumb\v6-m\nofp\libc_nano.a(lib_a-printf.o)
                0x08004fa4                _iprintf_r
                0x08004fa4                _printf_r
 .text.printf   0x08004fcc       0x34 C:\MCU_ARM\gcc-arm-none-eabi-10.3-2021.10\arm-none-eabi\lib\thumb\v6-m\nofp\libc_nano.a(lib_a-printf.o)
                0x08004fcc                iprintf
                0x08004fcc                printf
 .text          0x08005000        0x0 C:\MCU_ARM\gcc-arm-none-eabi-10.3-2021.10\arm-none-eabi\lib\thumb\v6-m\nofp\libc_nano.a(lib_a-puts.o)
 .text._puts_r  0x08005000       0xe4 C:\MCU_ARM\gcc-arm-none-eabi-10.3-2021.10\arm-none-eabi\lib\thumb\v6-m\nofp\libc_nano.a(lib_a-puts.o)
                0x08005000                _puts_r
 .text.puts     0x080050e4       0x14 C:\MCU_ARM\gcc-arm-none-eabi-10.3-2021.10\arm-none-eabi\lib\thumb\v6-m\nofp\libc_nano.a(lib_a-puts.o)
                0x080050e4                puts
 .text          0x080050f8        0x0 C:\MCU_ARM\gcc-arm-none-eabi-10.3-2021.10\arm-none-eabi\lib\thumb\v6-m\nofp\libc_nano.a(lib_a-sprintf.o)
 .text._sprintf_r
                0x080050f8       0x38 C:\MCU_ARM\gcc-arm-none-eabi-10.3-2021.10\arm-none-eabi\lib\thumb\v6-m\nofp\libc_nano.a(lib_a-sprintf.o)
                0x080050f8                _sprintf_r
                0x080050f8                _siprintf_r
 .text.sprintf  0x08005130       0x40 C:\MCU_ARM\gcc-arm-none-eabi-10.3-2021.10\arm-none-eabi\lib\thumb\v6-m\nofp\libc_nano.a(lib_a-sprintf.o)
                0x08005130                siprintf
                0x08005130                sprintf
 .text          0x08005170        0x0 C:\MCU_ARM\gcc-arm-none-eabi-10.3-2021.10\arm-none-eabi\lib\thumb\v6-m\nofp\libc_nano.a(lib_a-sscanf.o)
 .text.sscanf   0x08005170       0x50 C:\MCU_ARM\gcc-arm-none-eabi-10.3-2021.10\arm-none-eabi\lib\thumb\v6-m\nofp\libc_nano.a(lib_a-sscanf.o)
                0x08005170                siscanf
                0x08005170                sscanf
 .text._sscanf_r
                0x080051c0       0x50 C:\MCU_ARM\gcc-arm-none-eabi-10.3-2021.10\arm-none-eabi\lib\thumb\v6-m\nofp\libc_nano.a(lib_a-sscanf.o)
                0x080051c0                _sscanf_r
                0x080051c0                _siscanf_r
 .text          0x08005210        0x0 C:\MCU_ARM\gcc-arm-none-eabi-10.3-2021.10\arm-none-eabi\lib\thumb\v6-m\nofp\libc_nano.a(lib_a-stdio.o)
 .text.__sread  0x08005210       0x28 C:\MCU_ARM\gcc-arm-none-eabi-10.3-2021.10\arm-none-eabi\lib\thumb\v6-m\nofp\libc_nano.a(lib_a-stdio.o)
                0x08005210                __sread
 .text.__seofread
                0x08005238        0x4 C:\MCU_ARM\gcc-arm-none-eabi-10.3-2021.10\arm-none-eabi\lib\thumb\v6-m\nofp\libc_nano.a(lib_a-stdio.o)
                0x08005238                __seofread
 .text.__swrite
                0x0800523c       0x38 C:\MCU_ARM\gcc-arm-none-eabi-10.3-2021.10\arm-none-eabi\lib\thumb\v6-m\nofp\libc_nano.a(lib_a-stdio.o)
                0x0800523c                __swrite
 .text.__sseek  0x08005274       0x2c C:\MCU_ARM\gcc-arm-none-eabi-10.3-2021.10\arm-none-eabi\lib\thumb\v6-m\nofp\libc_nano.a(lib_a-stdio.o)
                0x08005274                __sseek
 .text.__sclose
                0x080052a0        0xc C:\MCU_ARM\gcc-arm-none-eabi-10.3-2021.10\arm-none-eabi\lib\thumb\v6-m\nofp\libc_nano.a(lib_a-stdio.o)
                0x080052a0                __sclose
 .text          0x080052ac        0xe C:\MCU_ARM\gcc-arm-none-eabi-10.3-2021.10\arm-none-eabi\lib\thumb\v6-m\nofp\libc_nano.a(lib_a-strlen.o)
                0x080052ac                strlen
 .text          0x080052ba        0x0 C:\MCU_ARM\gcc-arm-none-eabi-10.3-2021.10\arm-none-eabi\lib\thumb\v6-m\nofp\libc_nano.a(lib_a-wbuf.o)
 *fill*         0x080052ba        0x2 
 .text.__swbuf_r
                0x080052bc       0xac C:\MCU_ARM\gcc-arm-none-eabi-10.3-2021.10\arm-none-eabi\lib\thumb\v6-m\nofp\libc_nano.a(lib_a-wbuf.o)
                0x080052bc                __swbuf_r
 .text.__swbuf  0x08005368       0x14 C:\MCU_ARM\gcc-arm-none-eabi-10.3-2021.10\arm-none-eabi\lib\thumb\v6-m\nofp\libc_nano.a(lib_a-wbuf.o)
                0x08005368                __swbuf
 .text          0x0800537c        0x0 C:\MCU_ARM\gcc-arm-none-eabi-10.3-2021.10\arm-none-eabi\lib\thumb\v6-m\nofp\libc_nano.a(lib_a-writer.o)
 .text._write_r
                0x0800537c       0x28 C:\MCU_ARM\gcc-arm-none-eabi-10.3-2021.10\arm-none-eabi\lib\thumb\v6-m\nofp\libc_nano.a(lib_a-writer.o)
                0x0800537c                _write_r
 .text          0x080053a4        0x0 C:\MCU_ARM\gcc-arm-none-eabi-10.3-2021.10\arm-none-eabi\lib\thumb\v6-m\nofp\libc_nano.a(lib_a-wsetup.o)
 .text.__swsetup_r
                0x080053a4       0xf0 C:\MCU_ARM\gcc-arm-none-eabi-10.3-2021.10\arm-none-eabi\lib\thumb\v6-m\nofp\libc_nano.a(lib_a-wsetup.o)
                0x080053a4                __swsetup_r
 .text          0x08005494        0x0 C:\MCU_ARM\gcc-arm-none-eabi-10.3-2021.10\arm-none-eabi\lib\thumb\v6-m\nofp\libc_nano.a(lib_a-closer.o)
 .text._close_r
                0x08005494       0x24 C:\MCU_ARM\gcc-arm-none-eabi-10.3-2021.10\arm-none-eabi\lib\thumb\v6-m\nofp\libc_nano.a(lib_a-closer.o)
                0x08005494                _close_r
 .text          0x080054b8        0x0 C:\MCU_ARM\gcc-arm-none-eabi-10.3-2021.10\arm-none-eabi\lib\thumb\v6-m\nofp\libc_nano.a(lib_a-dtoa.o)
 .text.quorem   0x080054b8      0x116 C:\MCU_ARM\gcc-arm-none-eabi-10.3-2021.10\arm-none-eabi\lib\thumb\v6-m\nofp\libc_nano.a(lib_a-dtoa.o)
 *fill*         0x080055ce        0x2 
 .text._dtoa_r  0x080055d0      0xc34 C:\MCU_ARM\gcc-arm-none-eabi-10.3-2021.10\arm-none-eabi\lib\thumb\v6-m\nofp\libc_nano.a(lib_a-dtoa.o)
                0x080055d0                _dtoa_r
 .text          0x08006204        0x0 C:\MCU_ARM\gcc-arm-none-eabi-10.3-2021.10\arm-none-eabi\lib\thumb\v6-m\nofp\libc_nano.a(lib_a-fflush.o)
 .text.__sflush_r
                0x08006204      0x118 C:\MCU_ARM\gcc-arm-none-eabi-10.3-2021.10\arm-none-eabi\lib\thumb\v6-m\nofp\libc_nano.a(lib_a-fflush.o)
                0x08006204                __sflush_r
 .text._fflush_r
                0x0800631c       0x80 C:\MCU_ARM\gcc-arm-none-eabi-10.3-2021.10\arm-none-eabi\lib\thumb\v6-m\nofp\libc_nano.a(lib_a-fflush.o)
                0x0800631c                _fflush_r
 .text.fflush   0x0800639c       0x2c C:\MCU_ARM\gcc-arm-none-eabi-10.3-2021.10\arm-none-eabi\lib\thumb\v6-m\nofp\libc_nano.a(lib_a-fflush.o)
                0x0800639c                fflush
 .text          0x080063c8        0x0 C:\MCU_ARM\gcc-arm-none-eabi-10.3-2021.10\arm-none-eabi\lib\thumb\v6-m\nofp\libc_nano.a(lib_a-findfp.o)
 .text.std      0x080063c8       0x48 C:\MCU_ARM\gcc-arm-none-eabi-10.3-2021.10\arm-none-eabi\lib\thumb\v6-m\nofp\libc_nano.a(lib_a-findfp.o)
 .text._cleanup_r
                0x08006410       0x10 C:\MCU_ARM\gcc-arm-none-eabi-10.3-2021.10\arm-none-eabi\lib\thumb\v6-m\nofp\libc_nano.a(lib_a-findfp.o)
                0x08006410                _cleanup_r
 .text.__fp_lock
                0x08006420       0x18 C:\MCU_ARM\gcc-arm-none-eabi-10.3-2021.10\arm-none-eabi\lib\thumb\v6-m\nofp\libc_nano.a(lib_a-findfp.o)
 .text.__fp_unlock
                0x08006438       0x18 C:\MCU_ARM\gcc-arm-none-eabi-10.3-2021.10\arm-none-eabi\lib\thumb\v6-m\nofp\libc_nano.a(lib_a-findfp.o)
 .text.__sfmoreglue
                0x08006450       0x2c C:\MCU_ARM\gcc-arm-none-eabi-10.3-2021.10\arm-none-eabi\lib\thumb\v6-m\nofp\libc_nano.a(lib_a-findfp.o)
                0x08006450                __sfmoreglue
 .text._cleanup
                0x0800647c       0x10 C:\MCU_ARM\gcc-arm-none-eabi-10.3-2021.10\arm-none-eabi\lib\thumb\v6-m\nofp\libc_nano.a(lib_a-findfp.o)
                0x0800647c                _cleanup
 .text.__sfp_lock_acquire
                0x0800648c       0x10 C:\MCU_ARM\gcc-arm-none-eabi-10.3-2021.10\arm-none-eabi\lib\thumb\v6-m\nofp\libc_nano.a(lib_a-findfp.o)
                0x0800648c                __sfp_lock_acquire
 .text.__sfp_lock_release
                0x0800649c       0x10 C:\MCU_ARM\gcc-arm-none-eabi-10.3-2021.10\arm-none-eabi\lib\thumb\v6-m\nofp\libc_nano.a(lib_a-findfp.o)
                0x0800649c                __sfp_lock_release
 .text.__sinit_lock_acquire
                0x080064ac       0x10 C:\MCU_ARM\gcc-arm-none-eabi-10.3-2021.10\arm-none-eabi\lib\thumb\v6-m\nofp\libc_nano.a(lib_a-findfp.o)
                0x080064ac                __sinit_lock_acquire
 .text.__sinit_lock_release
                0x080064bc       0x10 C:\MCU_ARM\gcc-arm-none-eabi-10.3-2021.10\arm-none-eabi\lib\thumb\v6-m\nofp\libc_nano.a(lib_a-findfp.o)
                0x080064bc                __sinit_lock_release
 .text.__sinit  0x080064cc       0x70 C:\MCU_ARM\gcc-arm-none-eabi-10.3-2021.10\arm-none-eabi\lib\thumb\v6-m\nofp\libc_nano.a(lib_a-findfp.o)
                0x080064cc                __sinit
 .text.__sfp    0x0800653c       0x90 C:\MCU_ARM\gcc-arm-none-eabi-10.3-2021.10\arm-none-eabi\lib\thumb\v6-m\nofp\libc_nano.a(lib_a-findfp.o)
                0x0800653c                __sfp
 .text.__fp_lock_all
                0x080065cc       0x1c C:\MCU_ARM\gcc-arm-none-eabi-10.3-2021.10\arm-none-eabi\lib\thumb\v6-m\nofp\libc_nano.a(lib_a-findfp.o)
                0x080065cc                __fp_lock_all
 .text.__fp_unlock_all
                0x080065e8       0x1c C:\MCU_ARM\gcc-arm-none-eabi-10.3-2021.10\arm-none-eabi\lib\thumb\v6-m\nofp\libc_nano.a(lib_a-findfp.o)
                0x080065e8                __fp_unlock_all
 .text          0x08006604        0x0 C:\MCU_ARM\gcc-arm-none-eabi-10.3-2021.10\arm-none-eabi\lib\thumb\v6-m\nofp\libc_nano.a(lib_a-fwalk.o)
 .text._fwalk   0x08006604       0x36 C:\MCU_ARM\gcc-arm-none-eabi-10.3-2021.10\arm-none-eabi\lib\thumb\v6-m\nofp\libc_nano.a(lib_a-fwalk.o)
                0x08006604                _fwalk
 .text._fwalk_reent
                0x0800663a       0x40 C:\MCU_ARM\gcc-arm-none-eabi-10.3-2021.10\arm-none-eabi\lib\thumb\v6-m\nofp\libc_nano.a(lib_a-fwalk.o)
                0x0800663a                _fwalk_reent
 .text          0x0800667a        0x0 C:\MCU_ARM\gcc-arm-none-eabi-10.3-2021.10\arm-none-eabi\lib\thumb\v6-m\nofp\libc_nano.a(lib_a-impure.o)
 .text          0x0800667a        0x0 C:\MCU_ARM\gcc-arm-none-eabi-10.3-2021.10\arm-none-eabi\lib\thumb\v6-m\nofp\libc_nano.a(lib_a-localeconv.o)
 .text.__localeconv_l
                0x0800667a        0x4 C:\MCU_ARM\gcc-arm-none-eabi-10.3-2021.10\arm-none-eabi\lib\thumb\v6-m\nofp\libc_nano.a(lib_a-localeconv.o)
                0x0800667a                __localeconv_l
 *fill*         0x0800667e        0x2 
 .text._localeconv_r
                0x08006680        0x8 C:\MCU_ARM\gcc-arm-none-eabi-10.3-2021.10\arm-none-eabi\lib\thumb\v6-m\nofp\libc_nano.a(lib_a-localeconv.o)
                0x08006680                _localeconv_r
 .text.localeconv
                0x08006688        0x8 C:\MCU_ARM\gcc-arm-none-eabi-10.3-2021.10\arm-none-eabi\lib\thumb\v6-m\nofp\libc_nano.a(lib_a-localeconv.o)
                0x08006688                localeconv
 .text          0x08006690        0x0 C:\MCU_ARM\gcc-arm-none-eabi-10.3-2021.10\arm-none-eabi\lib\thumb\v6-m\nofp\libc_nano.a(lib_a-lock.o)
 .text.__retarget_lock_init
                0x08006690        0x2 C:\MCU_ARM\gcc-arm-none-eabi-10.3-2021.10\arm-none-eabi\lib\thumb\v6-m\nofp\libc_nano.a(lib_a-lock.o)
                0x08006690                __retarget_lock_init
 .text.__retarget_lock_init_recursive
                0x08006692        0x2 C:\MCU_ARM\gcc-arm-none-eabi-10.3-2021.10\arm-none-eabi\lib\thumb\v6-m\nofp\libc_nano.a(lib_a-lock.o)
                0x08006692                __retarget_lock_init_recursive
 .text.__retarget_lock_close
                0x08006694        0x2 C:\MCU_ARM\gcc-arm-none-eabi-10.3-2021.10\arm-none-eabi\lib\thumb\v6-m\nofp\libc_nano.a(lib_a-lock.o)
                0x08006694                __retarget_lock_close
 .text.__retarget_lock_close_recursive
                0x08006696        0x2 C:\MCU_ARM\gcc-arm-none-eabi-10.3-2021.10\arm-none-eabi\lib\thumb\v6-m\nofp\libc_nano.a(lib_a-lock.o)
                0x08006696                __retarget_lock_close_recursive
 .text.__retarget_lock_acquire
                0x08006698        0x2 C:\MCU_ARM\gcc-arm-none-eabi-10.3-2021.10\arm-none-eabi\lib\thumb\v6-m\nofp\libc_nano.a(lib_a-lock.o)
                0x08006698                __retarget_lock_acquire
 .text.__retarget_lock_acquire_recursive
                0x0800669a        0x2 C:\MCU_ARM\gcc-arm-none-eabi-10.3-2021.10\arm-none-eabi\lib\thumb\v6-m\nofp\libc_nano.a(lib_a-lock.o)
                0x0800669a                __retarget_lock_acquire_recursive
 .text.__retarget_lock_try_acquire
                0x0800669c        0x4 C:\MCU_ARM\gcc-arm-none-eabi-10.3-2021.10\arm-none-eabi\lib\thumb\v6-m\nofp\libc_nano.a(lib_a-lock.o)
                0x0800669c                __retarget_lock_try_acquire
 .text.__retarget_lock_try_acquire_recursive
                0x080066a0        0x4 C:\MCU_ARM\gcc-arm-none-eabi-10.3-2021.10\arm-none-eabi\lib\thumb\v6-m\nofp\libc_nano.a(lib_a-lock.o)
                0x080066a0                __retarget_lock_try_acquire_recursive
 .text.__retarget_lock_release
                0x080066a4        0x2 C:\MCU_ARM\gcc-arm-none-eabi-10.3-2021.10\arm-none-eabi\lib\thumb\v6-m\nofp\libc_nano.a(lib_a-lock.o)
                0x080066a4                __retarget_lock_release
 .text.__retarget_lock_release_recursive
                0x080066a6        0x2 C:\MCU_ARM\gcc-arm-none-eabi-10.3-2021.10\arm-none-eabi\lib\thumb\v6-m\nofp\libc_nano.a(lib_a-lock.o)
                0x080066a6                __retarget_lock_release_recursive
 .text          0x080066a8        0x0 C:\MCU_ARM\gcc-arm-none-eabi-10.3-2021.10\arm-none-eabi\lib\thumb\v6-m\nofp\libc_nano.a(lib_a-lseekr.o)
 .text._lseek_r
                0x080066a8       0x28 C:\MCU_ARM\gcc-arm-none-eabi-10.3-2021.10\arm-none-eabi\lib\thumb\v6-m\nofp\libc_nano.a(lib_a-lseekr.o)
                0x080066a8                _lseek_r
 .text          0x080066d0        0x0 C:\MCU_ARM\gcc-arm-none-eabi-10.3-2021.10\arm-none-eabi\lib\thumb\v6-m\nofp\libc_nano.a(lib_a-makebuf.o)
 .text.__swhatbuf_r
                0x080066d0       0x50 C:\MCU_ARM\gcc-arm-none-eabi-10.3-2021.10\arm-none-eabi\lib\thumb\v6-m\nofp\libc_nano.a(lib_a-makebuf.o)
                0x080066d0                __swhatbuf_r
 .text.__smakebuf_r
                0x08006720       0x88 C:\MCU_ARM\gcc-arm-none-eabi-10.3-2021.10\arm-none-eabi\lib\thumb\v6-m\nofp\libc_nano.a(lib_a-makebuf.o)
                0x08006720                __smakebuf_r
 .text          0x080067a8        0x0 C:\MCU_ARM\gcc-arm-none-eabi-10.3-2021.10\arm-none-eabi\lib\thumb\v6-m\nofp\libc_nano.a(lib_a-malloc.o)
 .text.malloc   0x080067a8       0x14 C:\MCU_ARM\gcc-arm-none-eabi-10.3-2021.10\arm-none-eabi\lib\thumb\v6-m\nofp\libc_nano.a(lib_a-malloc.o)
                0x080067a8                malloc
 .text.free     0x080067bc       0x14 C:\MCU_ARM\gcc-arm-none-eabi-10.3-2021.10\arm-none-eabi\lib\thumb\v6-m\nofp\libc_nano.a(lib_a-malloc.o)
                0x080067bc                free
 .text          0x080067d0        0x0 C:\MCU_ARM\gcc-arm-none-eabi-10.3-2021.10\arm-none-eabi\lib\thumb\v6-m\nofp\libc_nano.a(lib_a-memchr-stub.o)
 .text.memchr   0x080067d0       0x16 C:\MCU_ARM\gcc-arm-none-eabi-10.3-2021.10\arm-none-eabi\lib\thumb\v6-m\nofp\libc_nano.a(lib_a-memchr-stub.o)
                0x080067d0                memchr
 .text          0x080067e6        0x0 C:\MCU_ARM\gcc-arm-none-eabi-10.3-2021.10\arm-none-eabi\lib\thumb\v6-m\nofp\libc_nano.a(lib_a-memcpy-stub.o)
 .text.memcpy   0x080067e6       0x12 C:\MCU_ARM\gcc-arm-none-eabi-10.3-2021.10\arm-none-eabi\lib\thumb\v6-m\nofp\libc_nano.a(lib_a-memcpy-stub.o)
                0x080067e6                memcpy
 .text          0x080067f8        0x0 C:\MCU_ARM\gcc-arm-none-eabi-10.3-2021.10\arm-none-eabi\lib\thumb\v6-m\nofp\libc_nano.a(lib_a-mprec.o)
 .text._Balloc  0x080067f8       0x88 C:\MCU_ARM\gcc-arm-none-eabi-10.3-2021.10\arm-none-eabi\lib\thumb\v6-m\nofp\libc_nano.a(lib_a-mprec.o)
                0x080067f8                _Balloc
 .text._Bfree   0x08006880       0x48 C:\MCU_ARM\gcc-arm-none-eabi-10.3-2021.10\arm-none-eabi\lib\thumb\v6-m\nofp\libc_nano.a(lib_a-mprec.o)
                0x08006880                _Bfree
 .text.__multadd
                0x080068c8       0x88 C:\MCU_ARM\gcc-arm-none-eabi-10.3-2021.10\arm-none-eabi\lib\thumb\v6-m\nofp\libc_nano.a(lib_a-mprec.o)
                0x080068c8                __multadd
 .text.__s2b    0x08006950       0x98 C:\MCU_ARM\gcc-arm-none-eabi-10.3-2021.10\arm-none-eabi\lib\thumb\v6-m\nofp\libc_nano.a(lib_a-mprec.o)
                0x08006950                __s2b
 .text.__hi0bits
                0x080069e8       0x34 C:\MCU_ARM\gcc-arm-none-eabi-10.3-2021.10\arm-none-eabi\lib\thumb\v6-m\nofp\libc_nano.a(lib_a-mprec.o)
                0x080069e8                __hi0bits
 .text.__lo0bits
                0x08006a1c       0x5c C:\MCU_ARM\gcc-arm-none-eabi-10.3-2021.10\arm-none-eabi\lib\thumb\v6-m\nofp\libc_nano.a(lib_a-mprec.o)
                0x08006a1c                __lo0bits
 .text.__i2b    0x08006a78       0x2c C:\MCU_ARM\gcc-arm-none-eabi-10.3-2021.10\arm-none-eabi\lib\thumb\v6-m\nofp\libc_nano.a(lib_a-mprec.o)
                0x08006a78                __i2b
 .text.__multiply
                0x08006aa4      0x160 C:\MCU_ARM\gcc-arm-none-eabi-10.3-2021.10\arm-none-eabi\lib\thumb\v6-m\nofp\libc_nano.a(lib_a-mprec.o)
                0x08006aa4                __multiply
 .text.__pow5mult
                0x08006c04       0xb8 C:\MCU_ARM\gcc-arm-none-eabi-10.3-2021.10\arm-none-eabi\lib\thumb\v6-m\nofp\libc_nano.a(lib_a-mprec.o)
                0x08006c04                __pow5mult
 .text.__lshift
                0x08006cbc       0xdc C:\MCU_ARM\gcc-arm-none-eabi-10.3-2021.10\arm-none-eabi\lib\thumb\v6-m\nofp\libc_nano.a(lib_a-mprec.o)
                0x08006cbc                __lshift
 .text.__mcmp   0x08006d98       0x36 C:\MCU_ARM\gcc-arm-none-eabi-10.3-2021.10\arm-none-eabi\lib\thumb\v6-m\nofp\libc_nano.a(lib_a-mprec.o)
                0x08006d98                __mcmp
 *fill*         0x08006dce        0x2 
 .text.__mdiff  0x08006dd0      0x130 C:\MCU_ARM\gcc-arm-none-eabi-10.3-2021.10\arm-none-eabi\lib\thumb\v6-m\nofp\libc_nano.a(lib_a-mprec.o)
                0x08006dd0                __mdiff
 .text.__ulp    0x08006f00       0x48 C:\MCU_ARM\gcc-arm-none-eabi-10.3-2021.10\arm-none-eabi\lib\thumb\v6-m\nofp\libc_nano.a(lib_a-mprec.o)
                0x08006f00                __ulp
 .text.__b2d    0x08006f48       0xa0 C:\MCU_ARM\gcc-arm-none-eabi-10.3-2021.10\arm-none-eabi\lib\thumb\v6-m\nofp\libc_nano.a(lib_a-mprec.o)
                0x08006f48                __b2d
 .text.__d2b    0x08006fe8       0xc8 C:\MCU_ARM\gcc-arm-none-eabi-10.3-2021.10\arm-none-eabi\lib\thumb\v6-m\nofp\libc_nano.a(lib_a-mprec.o)
                0x08006fe8                __d2b
 .text.__ratio  0x080070b0       0x52 C:\MCU_ARM\gcc-arm-none-eabi-10.3-2021.10\arm-none-eabi\lib\thumb\v6-m\nofp\libc_nano.a(lib_a-mprec.o)
                0x080070b0                __ratio
 *fill*         0x08007102        0x2 
 .text._mprec_log10
                0x08007104       0x34 C:\MCU_ARM\gcc-arm-none-eabi-10.3-2021.10\arm-none-eabi\lib\thumb\v6-m\nofp\libc_nano.a(lib_a-mprec.o)
                0x08007104                _mprec_log10
 .text.__copybits
                0x08007138       0x42 C:\MCU_ARM\gcc-arm-none-eabi-10.3-2021.10\arm-none-eabi\lib\thumb\v6-m\nofp\libc_nano.a(lib_a-mprec.o)
                0x08007138                __copybits
 .text.__any_on
                0x0800717a       0x46 C:\MCU_ARM\gcc-arm-none-eabi-10.3-2021.10\arm-none-eabi\lib\thumb\v6-m\nofp\libc_nano.a(lib_a-mprec.o)
                0x0800717a                __any_on
 .text          0x080071c0        0x0 C:\MCU_ARM\gcc-arm-none-eabi-10.3-2021.10\arm-none-eabi\lib\thumb\v6-m\nofp\libc_nano.a(lib_a-nano-callocr.o)
 .text._calloc_r
                0x080071c0       0x58 C:\MCU_ARM\gcc-arm-none-eabi-10.3-2021.10\arm-none-eabi\lib\thumb\v6-m\nofp\libc_nano.a(lib_a-nano-callocr.o)
                0x080071c0                _calloc_r
 .text          0x08007218        0x0 C:\MCU_ARM\gcc-arm-none-eabi-10.3-2021.10\arm-none-eabi\lib\thumb\v6-m\nofp\libc_nano.a(lib_a-nano-freer.o)
 .text._free_r  0x08007218       0x94 C:\MCU_ARM\gcc-arm-none-eabi-10.3-2021.10\arm-none-eabi\lib\thumb\v6-m\nofp\libc_nano.a(lib_a-nano-freer.o)
                0x08007218                _free_r
 .text          0x080072ac        0x0 C:\MCU_ARM\gcc-arm-none-eabi-10.3-2021.10\arm-none-eabi\lib\thumb\v6-m\nofp\libc_nano.a(lib_a-nano-mallocr.o)
 .text.sbrk_aligned
                0x080072ac       0x44 C:\MCU_ARM\gcc-arm-none-eabi-10.3-2021.10\arm-none-eabi\lib\thumb\v6-m\nofp\libc_nano.a(lib_a-nano-mallocr.o)
 .text._malloc_r
                0x080072f0       0xec C:\MCU_ARM\gcc-arm-none-eabi-10.3-2021.10\arm-none-eabi\lib\thumb\v6-m\nofp\libc_nano.a(lib_a-nano-mallocr.o)
                0x080072f0                _malloc_r
 .text          0x080073dc        0x0 C:\MCU_ARM\gcc-arm-none-eabi-10.3-2021.10\arm-none-eabi\lib\thumb\v6-m\nofp\libc_nano.a(lib_a-nano-svfprintf.o)
 .text.__ssputs_r
                0x080073dc       0xc4 C:\MCU_ARM\gcc-arm-none-eabi-10.3-2021.10\arm-none-eabi\lib\thumb\v6-m\nofp\libc_nano.a(lib_a-nano-svfprintf.o)
                0x080073dc                __ssputs_r
 .text.__ssprint_r
                0x080074a0      0x100 C:\MCU_ARM\gcc-arm-none-eabi-10.3-2021.10\arm-none-eabi\lib\thumb\v6-m\nofp\libc_nano.a(lib_a-nano-svfprintf.o)
                0x080074a0                __ssprint_r
 .text._svfprintf_r
                0x080075a0      0x200 C:\MCU_ARM\gcc-arm-none-eabi-10.3-2021.10\arm-none-eabi\lib\thumb\v6-m\nofp\libc_nano.a(lib_a-nano-svfprintf.o)
                0x080075a0                _svfiprintf_r
                0x080075a0                _svfprintf_r
 .text          0x080077a0        0x0 C:\MCU_ARM\gcc-arm-none-eabi-10.3-2021.10\arm-none-eabi\lib\thumb\v6-m\nofp\libc_nano.a(lib_a-nano-svfscanf.o)
 .text._sungetc_r
                0x080077a0       0x78 C:\MCU_ARM\gcc-arm-none-eabi-10.3-2021.10\arm-none-eabi\lib\thumb\v6-m\nofp\libc_nano.a(lib_a-nano-svfscanf.o)
                0x080077a0                _sungetc_r
 .text.__ssrefill_r
                0x08007818       0x3e C:\MCU_ARM\gcc-arm-none-eabi-10.3-2021.10\arm-none-eabi\lib\thumb\v6-m\nofp\libc_nano.a(lib_a-nano-svfscanf.o)
                0x08007818                __ssrefill_r
 *fill*         0x08007856        0x2 
 .text.__ssvfscanf_r
                0x08007858      0x2fc C:\MCU_ARM\gcc-arm-none-eabi-10.3-2021.10\arm-none-eabi\lib\thumb\v6-m\nofp\libc_nano.a(lib_a-nano-svfscanf.o)
                0x08007858                __ssvfiscanf_r
                0x08007858                __ssvfscanf_r
 .text          0x08007b54        0x0 C:\MCU_ARM\gcc-arm-none-eabi-10.3-2021.10\arm-none-eabi\lib\thumb\v6-m\nofp\libc_nano.a(lib_a-nano-vfprintf.o)
 .text.__sfputc_r
                0x08007b54       0x2a C:\MCU_ARM\gcc-arm-none-eabi-10.3-2021.10\arm-none-eabi\lib\thumb\v6-m\nofp\libc_nano.a(lib_a-nano-vfprintf.o)
 .text.__sfputs_r
                0x08007b7e       0x24 C:\MCU_ARM\gcc-arm-none-eabi-10.3-2021.10\arm-none-eabi\lib\thumb\v6-m\nofp\libc_nano.a(lib_a-nano-vfprintf.o)
                0x08007b7e                __sfputs_r
 .text.__sprint_r
                0x08007ba2       0x1c C:\MCU_ARM\gcc-arm-none-eabi-10.3-2021.10\arm-none-eabi\lib\thumb\v6-m\nofp\libc_nano.a(lib_a-nano-vfprintf.o)
                0x08007ba2                __sprint_r
 *fill*         0x08007bbe        0x2 
 .text._vfprintf_r
                0x08007bc0      0x274 C:\MCU_ARM\gcc-arm-none-eabi-10.3-2021.10\arm-none-eabi\lib\thumb\v6-m\nofp\libc_nano.a(lib_a-nano-vfprintf.o)
                0x08007bc0                _vfprintf_r
                0x08007bc0                _vfiprintf_r
 .text.vfprintf
                0x08007e34       0x18 C:\MCU_ARM\gcc-arm-none-eabi-10.3-2021.10\arm-none-eabi\lib\thumb\v6-m\nofp\libc_nano.a(lib_a-nano-vfprintf.o)
                0x08007e34                vfprintf
                0x08007e34                vfiprintf
 .text          0x08007e4c        0x0 C:\MCU_ARM\gcc-arm-none-eabi-10.3-2021.10\arm-none-eabi\lib\thumb\v6-m\nofp\libc_nano.a(lib_a-nano-vfscanf_i.o)
 .text._scanf_chars
                0x08007e4c       0xbc C:\MCU_ARM\gcc-arm-none-eabi-10.3-2021.10\arm-none-eabi\lib\thumb\v6-m\nofp\libc_nano.a(lib_a-nano-vfscanf_i.o)
                0x08007e4c                _scanf_chars
 .text._scanf_i
                0x08007f08      0x208 C:\MCU_ARM\gcc-arm-none-eabi-10.3-2021.10\arm-none-eabi\lib\thumb\v6-m\nofp\libc_nano.a(lib_a-nano-vfscanf_i.o)
                0x08007f08                _scanf_i
 .text          0x08008110        0x0 C:\MCU_ARM\gcc-arm-none-eabi-10.3-2021.10\arm-none-eabi\lib\thumb\v6-m\nofp\libc_nano.a(lib_a-readr.o)
 .text._read_r  0x08008110       0x28 C:\MCU_ARM\gcc-arm-none-eabi-10.3-2021.10\arm-none-eabi\lib\thumb\v6-m\nofp\libc_nano.a(lib_a-readr.o)
                0x08008110                _read_r
 .text          0x08008138        0x0 C:\MCU_ARM\gcc-arm-none-eabi-10.3-2021.10\arm-none-eabi\lib\thumb\v6-m\nofp\libc_nano.a(lib_a-sbrkr.o)
 .text._sbrk_r  0x08008138       0x24 C:\MCU_ARM\gcc-arm-none-eabi-10.3-2021.10\arm-none-eabi\lib\thumb\v6-m\nofp\libc_nano.a(lib_a-sbrkr.o)
                0x08008138                _sbrk_r
 .text          0x0800815c        0x0 C:\MCU_ARM\gcc-arm-none-eabi-10.3-2021.10\arm-none-eabi\lib\thumb\v6-m\nofp\libc_nano.a(lib_a-sccl.o)
 .text.__sccl   0x0800815c       0x78 C:\MCU_ARM\gcc-arm-none-eabi-10.3-2021.10\arm-none-eabi\lib\thumb\v6-m\nofp\libc_nano.a(lib_a-sccl.o)
                0x0800815c                __sccl
 .text          0x080081d4        0x0 C:\MCU_ARM\gcc-arm-none-eabi-10.3-2021.10\arm-none-eabi\lib\thumb\v6-m\nofp\libc_nano.a(lib_a-strtol.o)
 .text._strtol_l.constprop.0
                0x080081d4      0x11c C:\MCU_ARM\gcc-arm-none-eabi-10.3-2021.10\arm-none-eabi\lib\thumb\v6-m\nofp\libc_nano.a(lib_a-strtol.o)
 .text._strtol_r
                0x080082f0        0x8 C:\MCU_ARM\gcc-arm-none-eabi-10.3-2021.10\arm-none-eabi\lib\thumb\v6-m\nofp\libc_nano.a(lib_a-strtol.o)
                0x080082f0                _strtol_r
 .text.strtol_l
                0x080082f8       0x18 C:\MCU_ARM\gcc-arm-none-eabi-10.3-2021.10\arm-none-eabi\lib\thumb\v6-m\nofp\libc_nano.a(lib_a-strtol.o)
                0x080082f8                strtol_l
 .text.strtol   0x08008310       0x18 C:\MCU_ARM\gcc-arm-none-eabi-10.3-2021.10\arm-none-eabi\lib\thumb\v6-m\nofp\libc_nano.a(lib_a-strtol.o)
                0x08008310                strtol
 .text          0x08008328        0x0 C:\MCU_ARM\gcc-arm-none-eabi-10.3-2021.10\arm-none-eabi\lib\thumb\v6-m\nofp\libc_nano.a(lib_a-strtoul.o)
 .text._strtoul_l.constprop.0
                0x08008328      0x114 C:\MCU_ARM\gcc-arm-none-eabi-10.3-2021.10\arm-none-eabi\lib\thumb\v6-m\nofp\libc_nano.a(lib_a-strtoul.o)
 .text._strtoul_r
                0x0800843c        0x8 C:\MCU_ARM\gcc-arm-none-eabi-10.3-2021.10\arm-none-eabi\lib\thumb\v6-m\nofp\libc_nano.a(lib_a-strtoul.o)
                0x0800843c                _strtoul_r
 .text.strtoul_l
                0x08008444       0x18 C:\MCU_ARM\gcc-arm-none-eabi-10.3-2021.10\arm-none-eabi\lib\thumb\v6-m\nofp\libc_nano.a(lib_a-strtoul.o)
                0x08008444                strtoul_l
 .text.strtoul  0x0800845c       0x18 C:\MCU_ARM\gcc-arm-none-eabi-10.3-2021.10\arm-none-eabi\lib\thumb\v6-m\nofp\libc_nano.a(lib_a-strtoul.o)
                0x0800845c                strtoul
 .text          0x08008474        0x0 C:\MCU_ARM\gcc-arm-none-eabi-10.3-2021.10\arm-none-eabi\lib\thumb\v6-m\nofp\libc_nano.a(lib_a-ungetc.o)
 .text.__submore
                0x08008474       0x7c C:\MCU_ARM\gcc-arm-none-eabi-10.3-2021.10\arm-none-eabi\lib\thumb\v6-m\nofp\libc_nano.a(lib_a-ungetc.o)
                0x08008474                __submore
 .text._ungetc_r
                0x080084f0      0x138 C:\MCU_ARM\gcc-arm-none-eabi-10.3-2021.10\arm-none-eabi\lib\thumb\v6-m\nofp\libc_nano.a(lib_a-ungetc.o)
                0x080084f0                _ungetc_r
 .text.ungetc   0x08008628       0x14 C:\MCU_ARM\gcc-arm-none-eabi-10.3-2021.10\arm-none-eabi\lib\thumb\v6-m\nofp\libc_nano.a(lib_a-ungetc.o)
                0x08008628                ungetc
 .text          0x0800863c        0x0 C:\MCU_ARM\gcc-arm-none-eabi-10.3-2021.10\arm-none-eabi\lib\thumb\v6-m\nofp\libc_nano.a(lib_a-assert.o)
 .text.__assert_func
                0x0800863c       0x3c C:\MCU_ARM\gcc-arm-none-eabi-10.3-2021.10\arm-none-eabi\lib\thumb\v6-m\nofp\libc_nano.a(lib_a-assert.o)
                0x0800863c                __assert_func
 .text.__assert
                0x08008678        0xa C:\MCU_ARM\gcc-arm-none-eabi-10.3-2021.10\arm-none-eabi\lib\thumb\v6-m\nofp\libc_nano.a(lib_a-assert.o)
                0x08008678                __assert
 .text          0x08008682        0x0 C:\MCU_ARM\gcc-arm-none-eabi-10.3-2021.10\arm-none-eabi\lib\thumb\v6-m\nofp\libc_nano.a(lib_a-ctype_.o)
 .text          0x08008682        0x0 C:\MCU_ARM\gcc-arm-none-eabi-10.3-2021.10\arm-none-eabi\lib\thumb\v6-m\nofp\libc_nano.a(lib_a-errno.o)
 *fill*         0x08008682        0x2 
 .text.__errno  0x08008684        0xc C:\MCU_ARM\gcc-arm-none-eabi-10.3-2021.10\arm-none-eabi\lib\thumb\v6-m\nofp\libc_nano.a(lib_a-errno.o)
                0x08008684                __errno
 .text          0x08008690        0x0 C:\MCU_ARM\gcc-arm-none-eabi-10.3-2021.10\arm-none-eabi\lib\thumb\v6-m\nofp\libc_nano.a(lib_a-fprintf.o)
 .text._fprintf_r
                0x08008690       0x16 C:\MCU_ARM\gcc-arm-none-eabi-10.3-2021.10\arm-none-eabi\lib\thumb\v6-m\nofp\libc_nano.a(lib_a-fprintf.o)
                0x08008690                _fiprintf_r
                0x08008690                _fprintf_r
 *fill*         0x080086a6        0x2 
 .text.fprintf  0x080086a8       0x20 C:\MCU_ARM\gcc-arm-none-eabi-10.3-2021.10\arm-none-eabi\lib\thumb\v6-m\nofp\libc_nano.a(lib_a-fprintf.o)
                0x080086a8                fiprintf
                0x080086a8                fprintf
 .text          0x080086c8        0x0 C:\MCU_ARM\gcc-arm-none-eabi-10.3-2021.10\arm-none-eabi\lib\thumb\v6-m\nofp\libc_nano.a(lib_a-fstatr.o)
 .text._fstat_r
                0x080086c8       0x24 C:\MCU_ARM\gcc-arm-none-eabi-10.3-2021.10\arm-none-eabi\lib\thumb\v6-m\nofp\libc_nano.a(lib_a-fstatr.o)
                0x080086c8                _fstat_r
 .text          0x080086ec        0x0 C:\MCU_ARM\gcc-arm-none-eabi-10.3-2021.10\arm-none-eabi\lib\thumb\v6-m\nofp\libc_nano.a(lib_a-fvwrite.o)
 .text.__sfvwrite_r
                0x080086ec      0x2d0 C:\MCU_ARM\gcc-arm-none-eabi-10.3-2021.10\arm-none-eabi\lib\thumb\v6-m\nofp\libc_nano.a(lib_a-fvwrite.o)
                0x080086ec                __sfvwrite_r
 .text          0x080089bc        0x0 C:\MCU_ARM\gcc-arm-none-eabi-10.3-2021.10\arm-none-eabi\lib\thumb\v6-m\nofp\libc_nano.a(lib_a-isattyr.o)
 .text._isatty_r
                0x080089bc       0x24 C:\MCU_ARM\gcc-arm-none-eabi-10.3-2021.10\arm-none-eabi\lib\thumb\v6-m\nofp\libc_nano.a(lib_a-isattyr.o)
                0x080089bc                _isatty_r
 .text          0x080089e0        0x0 C:\MCU_ARM\gcc-arm-none-eabi-10.3-2021.10\arm-none-eabi\lib\thumb\v6-m\nofp\libc_nano.a(lib_a-locale.o)
 .text._setlocale_r
                0x080089e0       0x40 C:\MCU_ARM\gcc-arm-none-eabi-10.3-2021.10\arm-none-eabi\lib\thumb\v6-m\nofp\libc_nano.a(lib_a-locale.o)
                0x080089e0                _setlocale_r
 .text.__locale_mb_cur_max
                0x08008a20       0x10 C:\MCU_ARM\gcc-arm-none-eabi-10.3-2021.10\arm-none-eabi\lib\thumb\v6-m\nofp\libc_nano.a(lib_a-locale.o)
                0x08008a20                __locale_mb_cur_max
 .text.setlocale
                0x08008a30       0x14 C:\MCU_ARM\gcc-arm-none-eabi-10.3-2021.10\arm-none-eabi\lib\thumb\v6-m\nofp\libc_nano.a(lib_a-locale.o)
                0x08008a30                setlocale
 .text          0x08008a44        0x0 C:\MCU_ARM\gcc-arm-none-eabi-10.3-2021.10\arm-none-eabi\lib\thumb\v6-m\nofp\libc_nano.a(lib_a-mbtowc_r.o)
 .text._mbtowc_r
                0x08008a44       0x14 C:\MCU_ARM\gcc-arm-none-eabi-10.3-2021.10\arm-none-eabi\lib\thumb\v6-m\nofp\libc_nano.a(lib_a-mbtowc_r.o)
                0x08008a44                _mbtowc_r
 .text.__ascii_mbtowc
                0x08008a58       0x24 C:\MCU_ARM\gcc-arm-none-eabi-10.3-2021.10\arm-none-eabi\lib\thumb\v6-m\nofp\libc_nano.a(lib_a-mbtowc_r.o)
                0x08008a58                __ascii_mbtowc
 .text          0x08008a7c        0x0 C:\MCU_ARM\gcc-arm-none-eabi-10.3-2021.10\arm-none-eabi\lib\thumb\v6-m\nofp\libc_nano.a(lib_a-memmove.o)
 .text.memmove  0x08008a7c       0x26 C:\MCU_ARM\gcc-arm-none-eabi-10.3-2021.10\arm-none-eabi\lib\thumb\v6-m\nofp\libc_nano.a(lib_a-memmove.o)
                0x08008a7c                memmove
 .text          0x08008aa2        0x0 C:\MCU_ARM\gcc-arm-none-eabi-10.3-2021.10\arm-none-eabi\lib\thumb\v6-m\nofp\libc_nano.a(lib_a-mlock.o)
 *fill*         0x08008aa2        0x2 
 .text.__malloc_lock
                0x08008aa4       0x10 C:\MCU_ARM\gcc-arm-none-eabi-10.3-2021.10\arm-none-eabi\lib\thumb\v6-m\nofp\libc_nano.a(lib_a-mlock.o)
                0x08008aa4                __malloc_lock
 .text.__malloc_unlock
                0x08008ab4       0x10 C:\MCU_ARM\gcc-arm-none-eabi-10.3-2021.10\arm-none-eabi\lib\thumb\v6-m\nofp\libc_nano.a(lib_a-mlock.o)
                0x08008ab4                __malloc_unlock
 .text          0x08008ac4        0x0 C:\MCU_ARM\gcc-arm-none-eabi-10.3-2021.10\arm-none-eabi\lib\thumb\v6-m\nofp\libc_nano.a(lib_a-nano-reallocr.o)
 .text._realloc_r
                0x08008ac4       0x5e C:\MCU_ARM\gcc-arm-none-eabi-10.3-2021.10\arm-none-eabi\lib\thumb\v6-m\nofp\libc_nano.a(lib_a-nano-reallocr.o)
                0x08008ac4                _realloc_r
 .text          0x08008b22       0x14 C:\MCU_ARM\gcc-arm-none-eabi-10.3-2021.10\arm-none-eabi\lib\thumb\v6-m\nofp\libc_nano.a(lib_a-strcmp.o)
                0x08008b22                strcmp
 .text          0x08008b36        0x0 C:\MCU_ARM\gcc-arm-none-eabi-10.3-2021.10\arm-none-eabi\lib\thumb\v6-m\nofp\libc_nano.a(lib_a-wctomb_r.o)
 *fill*         0x08008b36        0x2 
 .text._wctomb_r
                0x08008b38       0x10 C:\MCU_ARM\gcc-arm-none-eabi-10.3-2021.10\arm-none-eabi\lib\thumb\v6-m\nofp\libc_nano.a(lib_a-wctomb_r.o)
                0x08008b38                _wctomb_r
 .text.__ascii_wctomb
                0x08008b48       0x1a C:\MCU_ARM\gcc-arm-none-eabi-10.3-2021.10\arm-none-eabi\lib\thumb\v6-m\nofp\libc_nano.a(lib_a-wctomb_r.o)
                0x08008b48                __ascii_wctomb
 .text          0x08008b62        0x0 C:\MCU_ARM\gcc-arm-none-eabi-10.3-2021.10\arm-none-eabi\lib\thumb\v6-m\nofp\libc_nano.a(lib_a-abort.o)
 .text.abort    0x08008b62        0xe C:\MCU_ARM\gcc-arm-none-eabi-10.3-2021.10\arm-none-eabi\lib\thumb\v6-m\nofp\libc_nano.a(lib_a-abort.o)
                0x08008b62                abort
 .text          0x08008b70        0x0 C:\MCU_ARM\gcc-arm-none-eabi-10.3-2021.10\arm-none-eabi\lib\thumb\v6-m\nofp\libc_nano.a(lib_a-nano-msizer.o)
 .text._malloc_usable_size_r
                0x08008b70       0x10 C:\MCU_ARM\gcc-arm-none-eabi-10.3-2021.10\arm-none-eabi\lib\thumb\v6-m\nofp\libc_nano.a(lib_a-nano-msizer.o)
                0x08008b70                _malloc_usable_size_r
 .text          0x08008b80        0x0 C:\MCU_ARM\gcc-arm-none-eabi-10.3-2021.10\arm-none-eabi\lib\thumb\v6-m\nofp\libc_nano.a(lib_a-signal.o)
 .text._init_signal_r
                0x08008b80       0x2a C:\MCU_ARM\gcc-arm-none-eabi-10.3-2021.10\arm-none-eabi\lib\thumb\v6-m\nofp\libc_nano.a(lib_a-signal.o)
                0x08008b80                _init_signal_r
 .text._signal_r
                0x08008baa       0x32 C:\MCU_ARM\gcc-arm-none-eabi-10.3-2021.10\arm-none-eabi\lib\thumb\v6-m\nofp\libc_nano.a(lib_a-signal.o)
                0x08008baa                _signal_r
 .text._raise_r
                0x08008bdc       0x54 C:\MCU_ARM\gcc-arm-none-eabi-10.3-2021.10\arm-none-eabi\lib\thumb\v6-m\nofp\libc_nano.a(lib_a-signal.o)
                0x08008bdc                _raise_r
 .text.__sigtramp_r
                0x08008c30       0x46 C:\MCU_ARM\gcc-arm-none-eabi-10.3-2021.10\arm-none-eabi\lib\thumb\v6-m\nofp\libc_nano.a(lib_a-signal.o)
                0x08008c30                __sigtramp_r
 *fill*         0x08008c76        0x2 
 .text.raise    0x08008c78       0x14 C:\MCU_ARM\gcc-arm-none-eabi-10.3-2021.10\arm-none-eabi\lib\thumb\v6-m\nofp\libc_nano.a(lib_a-signal.o)
                0x08008c78                raise
 .text.signal   0x08008c8c       0x14 C:\MCU_ARM\gcc-arm-none-eabi-10.3-2021.10\arm-none-eabi\lib\thumb\v6-m\nofp\libc_nano.a(lib_a-signal.o)
                0x08008c8c                signal
 .text._init_signal
                0x08008ca0       0x10 C:\MCU_ARM\gcc-arm-none-eabi-10.3-2021.10\arm-none-eabi\lib\thumb\v6-m\nofp\libc_nano.a(lib_a-signal.o)
                0x08008ca0                _init_signal
 .text.__sigtramp
                0x08008cb0       0x14 C:\MCU_ARM\gcc-arm-none-eabi-10.3-2021.10\arm-none-eabi\lib\thumb\v6-m\nofp\libc_nano.a(lib_a-signal.o)
                0x08008cb0                __sigtramp
 .text          0x08008cc4        0x0 C:\MCU_ARM\gcc-arm-none-eabi-10.3-2021.10\arm-none-eabi\lib\thumb\v6-m\nofp\libc_nano.a(lib_a-signalr.o)
 .text._kill_r  0x08008cc4       0x24 C:\MCU_ARM\gcc-arm-none-eabi-10.3-2021.10\arm-none-eabi\lib\thumb\v6-m\nofp\libc_nano.a(lib_a-signalr.o)
                0x08008cc4                _kill_r
 .text._getpid_r
                0x08008ce8        0x8 C:\MCU_ARM\gcc-arm-none-eabi-10.3-2021.10\arm-none-eabi\lib\thumb\v6-m\nofp\libc_nano.a(lib_a-signalr.o)
                0x08008ce8                _getpid_r
 .text          0x08008cf0        0x0 C:\MCU_ARM\gcc-arm-none-eabi-10.3-2021.10\arm-none-eabi\lib\thumb\v6-m\nofp\libm.a(lib_a-w_pow.o)
 .text.pow      0x08008cf0       0xe8 C:\MCU_ARM\gcc-arm-none-eabi-10.3-2021.10\arm-none-eabi\lib\thumb\v6-m\nofp\libm.a(lib_a-w_pow.o)
                0x08008cf0                pow
 .text          0x08008dd8        0x0 C:\MCU_ARM\gcc-arm-none-eabi-10.3-2021.10\arm-none-eabi\lib\thumb\v6-m\nofp\libm.a(lib_a-e_pow.o)
 .text.__ieee754_pow
                0x08008dd8      0xb1c C:\MCU_ARM\gcc-arm-none-eabi-10.3-2021.10\arm-none-eabi\lib\thumb\v6-m\nofp\libm.a(lib_a-e_pow.o)
                0x08008dd8                __ieee754_pow
 .text          0x080098f4        0x0 C:\MCU_ARM\gcc-arm-none-eabi-10.3-2021.10\arm-none-eabi\lib\thumb\v6-m\nofp\libm.a(lib_a-e_sqrt.o)
 .text.__ieee754_sqrt
                0x080098f4      0x1b0 C:\MCU_ARM\gcc-arm-none-eabi-10.3-2021.10\arm-none-eabi\lib\thumb\v6-m\nofp\libm.a(lib_a-e_sqrt.o)
                0x080098f4                __ieee754_sqrt
 .text          0x08009aa4        0x0 C:\MCU_ARM\gcc-arm-none-eabi-10.3-2021.10\arm-none-eabi\lib\thumb\v6-m\nofp\libm.a(lib_a-math_err.o)
 .text.with_errno
                0x08009aa4       0x14 C:\MCU_ARM\gcc-arm-none-eabi-10.3-2021.10\arm-none-eabi\lib\thumb\v6-m\nofp\libm.a(lib_a-math_err.o)
 .text.xflow    0x08009ab8       0x30 C:\MCU_ARM\gcc-arm-none-eabi-10.3-2021.10\arm-none-eabi\lib\thumb\v6-m\nofp\libm.a(lib_a-math_err.o)
 .text.__math_uflow
                0x08009ae8       0x10 C:\MCU_ARM\gcc-arm-none-eabi-10.3-2021.10\arm-none-eabi\lib\thumb\v6-m\nofp\libm.a(lib_a-math_err.o)
                0x08009ae8                __math_uflow
 .text.__math_may_uflow
                0x08009af8       0x10 C:\MCU_ARM\gcc-arm-none-eabi-10.3-2021.10\arm-none-eabi\lib\thumb\v6-m\nofp\libm.a(lib_a-math_err.o)
                0x08009af8                __math_may_uflow
 .text.__math_oflow
                0x08009b08       0x10 C:\MCU_ARM\gcc-arm-none-eabi-10.3-2021.10\arm-none-eabi\lib\thumb\v6-m\nofp\libm.a(lib_a-math_err.o)
                0x08009b08                __math_oflow
 .text.__math_divzero
                0x08009b18       0x34 C:\MCU_ARM\gcc-arm-none-eabi-10.3-2021.10\arm-none-eabi\lib\thumb\v6-m\nofp\libm.a(lib_a-math_err.o)
                0x08009b18                __math_divzero
 .text.__math_invalid
                0x08009b4c       0x40 C:\MCU_ARM\gcc-arm-none-eabi-10.3-2021.10\arm-none-eabi\lib\thumb\v6-m\nofp\libm.a(lib_a-math_err.o)
                0x08009b4c                __math_invalid
 .text.__math_check_uflow
                0x08009b8c       0x28 C:\MCU_ARM\gcc-arm-none-eabi-10.3-2021.10\arm-none-eabi\lib\thumb\v6-m\nofp\libm.a(lib_a-math_err.o)
                0x08009b8c                __math_check_uflow
 .text.__math_check_oflow
                0x08009bb4       0x48 C:\MCU_ARM\gcc-arm-none-eabi-10.3-2021.10\arm-none-eabi\lib\thumb\v6-m\nofp\libm.a(lib_a-math_err.o)
                0x08009bb4                __math_check_oflow
 .text          0x08009bfc        0x0 C:\MCU_ARM\gcc-arm-none-eabi-10.3-2021.10\arm-none-eabi\lib\thumb\v6-m\nofp\libm.a(lib_a-s_fabs.o)
 .text.fabs     0x08009bfc        0x8 C:\MCU_ARM\gcc-arm-none-eabi-10.3-2021.10\arm-none-eabi\lib\thumb\v6-m\nofp\libm.a(lib_a-s_fabs.o)
                0x08009bfc                fabs
 .text          0x08009c04        0x0 C:\MCU_ARM\gcc-arm-none-eabi-10.3-2021.10\arm-none-eabi\lib\thumb\v6-m\nofp\libm.a(lib_a-s_finite.o)
 .text.finite   0x08009c04       0x14 C:\MCU_ARM\gcc-arm-none-eabi-10.3-2021.10\arm-none-eabi\lib\thumb\v6-m\nofp\libm.a(lib_a-s_finite.o)
                0x08009c04                finite
 .text          0x08009c18        0x0 C:\MCU_ARM\gcc-arm-none-eabi-10.3-2021.10\arm-none-eabi\lib\thumb\v6-m\nofp\libm.a(lib_a-s_scalbn.o)
 .text.scalbn   0x08009c18       0xf8 C:\MCU_ARM\gcc-arm-none-eabi-10.3-2021.10\arm-none-eabi\lib\thumb\v6-m\nofp\libm.a(lib_a-s_scalbn.o)
                0x08009c18                scalbn
 .text          0x08009d10       0x14 C:\MCU_ARM\gcc-arm-none-eabi-10.3-2021.10\lib\gcc\arm-none-eabi\10.3.1\thumb\v6-m\nofp\libgcc.a(_thumb1_case_uqi.o)
                0x08009d10                __gnu_thumb1_case_uqi
 .text          0x08009d24       0x14 C:\MCU_ARM\gcc-arm-none-eabi-10.3-2021.10\lib\gcc\arm-none-eabi\10.3.1\thumb\v6-m\nofp\libgcc.a(_thumb1_case_shi.o)
                0x08009d24                __gnu_thumb1_case_shi
 .text          0x08009d38       0x7c C:\MCU_ARM\gcc-arm-none-eabi-10.3-2021.10\lib\gcc\arm-none-eabi\10.3.1\thumb\v6-m\nofp\libgcc.a(_arm_cmpdf2.o)
                0x08009d38                __aeabi_cdrcmple
                0x08009d48                __aeabi_cdcmple
                0x08009d48                __aeabi_cdcmpeq
                0x08009d58                __aeabi_dcmpeq
                0x08009d64                __aeabi_dcmplt
                0x08009d78                __aeabi_dcmple
                0x08009d8c                __aeabi_dcmpgt
                0x08009da0                __aeabi_dcmpge
 .text          0x08009db4       0x84 C:\MCU_ARM\gcc-arm-none-eabi-10.3-2021.10\lib\gcc\arm-none-eabi\10.3.1\thumb\v6-m\nofp\libgcc.a(eqdf2.o)
                0x08009db4                __nedf2
                0x08009db4                __eqdf2
 .text          0x08009e38       0xcc C:\MCU_ARM\gcc-arm-none-eabi-10.3-2021.10\lib\gcc\arm-none-eabi\10.3.1\thumb\v6-m\nofp\libgcc.a(gedf2.o)
                0x08009e38                __gedf2
                0x08009e38                __gtdf2
 .text          0x08009f04       0xc8 C:\MCU_ARM\gcc-arm-none-eabi-10.3-2021.10\lib\gcc\arm-none-eabi\10.3.1\thumb\v6-m\nofp\libgcc.a(ledf2.o)
                0x08009f04                __ledf2
                0x08009f04                __ltdf2
 .text          0x08009fcc      0x724 C:\MCU_ARM\gcc-arm-none-eabi-10.3-2021.10\lib\gcc\arm-none-eabi\10.3.1\thumb\v6-m\nofp\libgcc.a(subdf3.o)
                0x08009fcc                __aeabi_dsub
 .text          0x0800a6f0       0x3c C:\MCU_ARM\gcc-arm-none-eabi-10.3-2021.10\lib\gcc\arm-none-eabi\10.3.1\thumb\v6-m\nofp\libgcc.a(unorddf2.o)
                0x0800a6f0                __aeabi_dcmpun
 .text          0x0800a72c       0x4c C:\MCU_ARM\gcc-arm-none-eabi-10.3-2021.10\lib\gcc\arm-none-eabi\10.3.1\thumb\v6-m\nofp\libgcc.a(floatunsidf.o)
                0x0800a72c                __aeabi_ui2d
 *(.rodata*)
 .rodata        0x0800a778      0x2b0 main.o
 .rodata        0x0800aa28       0x7c startup.o
 .rodata        0x0800aaa4       0x80 C:\MCU_ARM\gcc-arm-none-eabi-10.3-2021.10\lib\gcc\arm-none-eabi\10.3.1\thumb\v6-m\nofp\libgcc.a(divsf3.o)
 .rodata        0x0800ab24       0x40 C:\MCU_ARM\gcc-arm-none-eabi-10.3-2021.10\lib\gcc\arm-none-eabi\10.3.1\thumb\v6-m\nofp\libgcc.a(divdf3.o)
 .rodata        0x0800ab64       0x40 C:\MCU_ARM\gcc-arm-none-eabi-10.3-2021.10\lib\gcc\arm-none-eabi\10.3.1\thumb\v6-m\nofp\libgcc.a(muldf3.o)
 .rodata._printf_float.str1.1
                0x0800aba4       0x10 C:\MCU_ARM\gcc-arm-none-eabi-10.3-2021.10\arm-none-eabi\lib\thumb\v6-m\nofp\libc_nano.a(lib_a-nano-vfprintf_float.o)
                                 0x12 (size before relaxing)
 .rodata._printf_i.str1.1
                0x0800abb4       0x22 C:\MCU_ARM\gcc-arm-none-eabi-10.3-2021.10\arm-none-eabi\lib\thumb\v6-m\nofp\libc_nano.a(lib_a-nano-vfprintf_i.o)
 .rodata._dtoa_r.str1.1
                0x0800abd6       0xb3 C:\MCU_ARM\gcc-arm-none-eabi-10.3-2021.10\arm-none-eabi\lib\thumb\v6-m\nofp\libc_nano.a(lib_a-dtoa.o)
                                 0xb5 (size before relaxing)
 *fill*         0x0800ac89        0x3 
 .rodata.__sf_fake_stderr
                0x0800ac8c       0x20 C:\MCU_ARM\gcc-arm-none-eabi-10.3-2021.10\arm-none-eabi\lib\thumb\v6-m\nofp\libc_nano.a(lib_a-findfp.o)
                0x0800ac8c                __sf_fake_stderr
 .rodata.__sf_fake_stdin
                0x0800acac       0x20 C:\MCU_ARM\gcc-arm-none-eabi-10.3-2021.10\arm-none-eabi\lib\thumb\v6-m\nofp\libc_nano.a(lib_a-findfp.o)
                0x0800acac                __sf_fake_stdin
 .rodata.__sf_fake_stdout
                0x0800accc       0x20 C:\MCU_ARM\gcc-arm-none-eabi-10.3-2021.10\arm-none-eabi\lib\thumb\v6-m\nofp\libc_nano.a(lib_a-findfp.o)
                0x0800accc                __sf_fake_stdout
 .rodata._global_impure_ptr
                0x0800acec        0x4 C:\MCU_ARM\gcc-arm-none-eabi-10.3-2021.10\arm-none-eabi\lib\thumb\v6-m\nofp\libc_nano.a(lib_a-impure.o)
                0x0800acec                _global_impure_ptr
 .rodata._Balloc.str1.1
                0x0800acf0       0x7f C:\MCU_ARM\gcc-arm-none-eabi-10.3-2021.10\arm-none-eabi\lib\thumb\v6-m\nofp\libc_nano.a(lib_a-mprec.o)
                                 0x96 (size before relaxing)
 .rodata.__multadd.str1.1
                0x0800ad6f       0x11 C:\MCU_ARM\gcc-arm-none-eabi-10.3-2021.10\arm-none-eabi\lib\thumb\v6-m\nofp\libc_nano.a(lib_a-mprec.o)
 *fill*         0x0800ad6f        0x1 
 .rodata.__mprec_bigtens
                0x0800ad70       0x28 C:\MCU_ARM\gcc-arm-none-eabi-10.3-2021.10\arm-none-eabi\lib\thumb\v6-m\nofp\libc_nano.a(lib_a-mprec.o)
                0x0800ad70                __mprec_bigtens
 .rodata.__mprec_tens
                0x0800ad98       0xc8 C:\MCU_ARM\gcc-arm-none-eabi-10.3-2021.10\arm-none-eabi\lib\thumb\v6-m\nofp\libc_nano.a(lib_a-mprec.o)
                0x0800ad98                __mprec_tens
 .rodata.__mprec_tinytens
                0x0800ae60       0x28 C:\MCU_ARM\gcc-arm-none-eabi-10.3-2021.10\arm-none-eabi\lib\thumb\v6-m\nofp\libc_nano.a(lib_a-mprec.o)
                0x0800ae60                __mprec_tinytens
 .rodata.p05.0  0x0800ae88        0xc C:\MCU_ARM\gcc-arm-none-eabi-10.3-2021.10\arm-none-eabi\lib\thumb\v6-m\nofp\libc_nano.a(lib_a-mprec.o)
 .rodata._svfprintf_r.str1.1
                0x0800ae94       0x11 C:\MCU_ARM\gcc-arm-none-eabi-10.3-2021.10\arm-none-eabi\lib\thumb\v6-m\nofp\libc_nano.a(lib_a-nano-svfprintf.o)
 .rodata.__ssvfscanf_r.str1.1
                0x0800aea5        0x4 C:\MCU_ARM\gcc-arm-none-eabi-10.3-2021.10\arm-none-eabi\lib\thumb\v6-m\nofp\libc_nano.a(lib_a-nano-svfscanf.o)
 .rodata._vfprintf_r.str1.1
                0x0800aea5       0x11 C:\MCU_ARM\gcc-arm-none-eabi-10.3-2021.10\arm-none-eabi\lib\thumb\v6-m\nofp\libc_nano.a(lib_a-nano-vfprintf.o)
 .rodata.str1.1
                0x0800aea5        0x9 C:\MCU_ARM\gcc-arm-none-eabi-10.3-2021.10\arm-none-eabi\lib\thumb\v6-m\nofp\libc_nano.a(lib_a-nano-vfscanf_i.o)
 .rodata._scanf_i.str1.1
                0x0800aeae       0x12 C:\MCU_ARM\gcc-arm-none-eabi-10.3-2021.10\arm-none-eabi\lib\thumb\v6-m\nofp\libc_nano.a(lib_a-nano-vfscanf_i.o)
 .rodata        0x0800aec0        0xc C:\MCU_ARM\gcc-arm-none-eabi-10.3-2021.10\arm-none-eabi\lib\thumb\v6-m\nofp\libc_nano.a(lib_a-nano-vfscanf_i.o)
 .rodata.__assert_func.str1.1
                0x0800aecc       0x3c C:\MCU_ARM\gcc-arm-none-eabi-10.3-2021.10\arm-none-eabi\lib\thumb\v6-m\nofp\libc_nano.a(lib_a-assert.o)
                                 0x3d (size before relaxing)
 .rodata._ctype_
                0x0800af08      0x101 C:\MCU_ARM\gcc-arm-none-eabi-10.3-2021.10\arm-none-eabi\lib\thumb\v6-m\nofp\libc_nano.a(lib_a-ctype_.o)
                0x0800af08                _ctype_
 .rodata._setlocale_r.str1.1
                0x0800b009        0x8 C:\MCU_ARM\gcc-arm-none-eabi-10.3-2021.10\arm-none-eabi\lib\thumb\v6-m\nofp\libc_nano.a(lib_a-locale.o)
                                  0x9 (size before relaxing)
 .rodata.str1.1
                0x0800b011        0x2 C:\MCU_ARM\gcc-arm-none-eabi-10.3-2021.10\arm-none-eabi\lib\thumb\v6-m\nofp\libc_nano.a(lib_a-locale.o)
                0x0800b014                . = ALIGN (0x4)
 *fill*         0x0800b013        0x1 
                0x0800b014                PROVIDE (__init_array_start = .)
 *(SORT_BY_NAME(.init_array.*))
 *(.init_array)
                0x0800b014                PROVIDE (__init_array_end = .)
                0x0800b014                . = ALIGN (0x4)
                0x0800b014                _etext = .

.glue_7         0x0800b014        0x0
 .glue_7        0x0800b014        0x0 linker stubs

.glue_7t        0x0800b014        0x0
 .glue_7t       0x0800b014        0x0 linker stubs

.vfp11_veneer   0x0800b014        0x0
 .vfp11_veneer  0x0800b014        0x0 linker stubs

.v4_bx          0x0800b014        0x0
 .v4_bx         0x0800b014        0x0 linker stubs

.iplt           0x0800b014        0x0
 .iplt          0x0800b014        0x0 main.o

.rel.dyn        0x0800b014        0x0
 .rel.iplt      0x0800b014        0x0 main.o

.data           0x20000000      0x1d8 load address 0x0800b014
                0x20000000                . = ALIGN (0x4)
                0x20000000                _data = .
 *(.data*)
 .data          0x20000000        0x4 main.o
                0x20000000                buzzer_wait
 .data          0x20000004        0x0 lcd.o
 .data          0x20000004        0x0 adc.o
 .data          0x20000004        0x0 serial.o
 .data          0x20000004        0x0 UART2.o
 .data          0x20000004        0x0 startup.o
 .data          0x20000004        0x4 newlib_stubs.o
                0x20000004                environ
 .data          0x20000008        0x0 C:\MCU_ARM\gcc-arm-none-eabi-10.3-2021.10\arm-none-eabi\lib\thumb\v6-m\nofp\libnosys.a(errno.o)
 .data          0x20000008        0x0 C:\MCU_ARM\gcc-arm-none-eabi-10.3-2021.10\lib\gcc\arm-none-eabi\10.3.1\thumb\v6-m\nofp\libgcc.a(_udivsi3.o)
 .data          0x20000008        0x0 C:\MCU_ARM\gcc-arm-none-eabi-10.3-2021.10\lib\gcc\arm-none-eabi\10.3.1\thumb\v6-m\nofp\libgcc.a(_divsi3.o)
 .data          0x20000008        0x0 C:\MCU_ARM\gcc-arm-none-eabi-10.3-2021.10\lib\gcc\arm-none-eabi\10.3.1\thumb\v6-m\nofp\libgcc.a(_dvmd_tls.o)
 .data          0x20000008        0x0 C:\MCU_ARM\gcc-arm-none-eabi-10.3-2021.10\lib\gcc\arm-none-eabi\10.3.1\thumb\v6-m\nofp\libgcc.a(_arm_cmpsf2.o)
 .data          0x20000008        0x0 C:\MCU_ARM\gcc-arm-none-eabi-10.3-2021.10\lib\gcc\arm-none-eabi\10.3.1\thumb\v6-m\nofp\libgcc.a(addsf3.o)
 .data          0x20000008        0x0 C:\MCU_ARM\gcc-arm-none-eabi-10.3-2021.10\lib\gcc\arm-none-eabi\10.3.1\thumb\v6-m\nofp\libgcc.a(divsf3.o)
 .data          0x20000008        0x0 C:\MCU_ARM\gcc-arm-none-eabi-10.3-2021.10\lib\gcc\arm-none-eabi\10.3.1\thumb\v6-m\nofp\libgcc.a(eqsf2.o)
 .data          0x20000008        0x0 C:\MCU_ARM\gcc-arm-none-eabi-10.3-2021.10\lib\gcc\arm-none-eabi\10.3.1\thumb\v6-m\nofp\libgcc.a(gesf2.o)
 .data          0x20000008        0x0 C:\MCU_ARM\gcc-arm-none-eabi-10.3-2021.10\lib\gcc\arm-none-eabi\10.3.1\thumb\v6-m\nofp\libgcc.a(lesf2.o)
 .data          0x20000008        0x0 C:\MCU_ARM\gcc-arm-none-eabi-10.3-2021.10\lib\gcc\arm-none-eabi\10.3.1\thumb\v6-m\nofp\libgcc.a(subsf3.o)
 .data          0x20000008        0x0 C:\MCU_ARM\gcc-arm-none-eabi-10.3-2021.10\lib\gcc\arm-none-eabi\10.3.1\thumb\v6-m\nofp\libgcc.a(fixsfsi.o)
 .data          0x20000008        0x0 C:\MCU_ARM\gcc-arm-none-eabi-10.3-2021.10\lib\gcc\arm-none-eabi\10.3.1\thumb\v6-m\nofp\libgcc.a(floatsisf.o)
 .data          0x20000008        0x0 C:\MCU_ARM\gcc-arm-none-eabi-10.3-2021.10\lib\gcc\arm-none-eabi\10.3.1\thumb\v6-m\nofp\libgcc.a(adddf3.o)
 .data          0x20000008        0x0 C:\MCU_ARM\gcc-arm-none-eabi-10.3-2021.10\lib\gcc\arm-none-eabi\10.3.1\thumb\v6-m\nofp\libgcc.a(divdf3.o)
 .data          0x20000008        0x0 C:\MCU_ARM\gcc-arm-none-eabi-10.3-2021.10\lib\gcc\arm-none-eabi\10.3.1\thumb\v6-m\nofp\libgcc.a(muldf3.o)
 .data          0x20000008        0x0 C:\MCU_ARM\gcc-arm-none-eabi-10.3-2021.10\lib\gcc\arm-none-eabi\10.3.1\thumb\v6-m\nofp\libgcc.a(fixdfsi.o)
 .data          0x20000008        0x0 C:\MCU_ARM\gcc-arm-none-eabi-10.3-2021.10\lib\gcc\arm-none-eabi\10.3.1\thumb\v6-m\nofp\libgcc.a(floatsidf.o)
 .data          0x20000008        0x0 C:\MCU_ARM\gcc-arm-none-eabi-10.3-2021.10\lib\gcc\arm-none-eabi\10.3.1\thumb\v6-m\nofp\libgcc.a(extendsfdf2.o)
 .data          0x20000008        0x0 C:\MCU_ARM\gcc-arm-none-eabi-10.3-2021.10\lib\gcc\arm-none-eabi\10.3.1\thumb\v6-m\nofp\libgcc.a(truncdfsf2.o)
 .data          0x20000008        0x0 C:\MCU_ARM\gcc-arm-none-eabi-10.3-2021.10\lib\gcc\arm-none-eabi\10.3.1\thumb\v6-m\nofp\libgcc.a(_clzsi2.o)
 .data          0x20000008        0x0 C:\MCU_ARM\gcc-arm-none-eabi-10.3-2021.10\arm-none-eabi\lib\thumb\v6-m\nofp\libc_nano.a(lib_a-memset.o)
 .data          0x20000008        0x0 C:\MCU_ARM\gcc-arm-none-eabi-10.3-2021.10\arm-none-eabi\lib\thumb\v6-m\nofp\libc_nano.a(lib_a-nano-vfprintf_float.o)
 .data          0x20000008        0x0 C:\MCU_ARM\gcc-arm-none-eabi-10.3-2021.10\arm-none-eabi\lib\thumb\v6-m\nofp\libc_nano.a(lib_a-nano-vfprintf_i.o)
 .data          0x20000008        0x0 C:\MCU_ARM\gcc-arm-none-eabi-10.3-2021.10\arm-none-eabi\lib\thumb\v6-m\nofp\libc_nano.a(lib_a-printf.o)
 .data          0x20000008        0x0 C:\MCU_ARM\gcc-arm-none-eabi-10.3-2021.10\arm-none-eabi\lib\thumb\v6-m\nofp\libc_nano.a(lib_a-puts.o)
 .data          0x20000008        0x0 C:\MCU_ARM\gcc-arm-none-eabi-10.3-2021.10\arm-none-eabi\lib\thumb\v6-m\nofp\libc_nano.a(lib_a-sprintf.o)
 .data          0x20000008        0x0 C:\MCU_ARM\gcc-arm-none-eabi-10.3-2021.10\arm-none-eabi\lib\thumb\v6-m\nofp\libc_nano.a(lib_a-sscanf.o)
 .data          0x20000008        0x0 C:\MCU_ARM\gcc-arm-none-eabi-10.3-2021.10\arm-none-eabi\lib\thumb\v6-m\nofp\libc_nano.a(lib_a-stdio.o)
 .data          0x20000008        0x0 C:\MCU_ARM\gcc-arm-none-eabi-10.3-2021.10\arm-none-eabi\lib\thumb\v6-m\nofp\libc_nano.a(lib_a-strlen.o)
 .data          0x20000008        0x0 C:\MCU_ARM\gcc-arm-none-eabi-10.3-2021.10\arm-none-eabi\lib\thumb\v6-m\nofp\libc_nano.a(lib_a-wbuf.o)
 .data          0x20000008        0x0 C:\MCU_ARM\gcc-arm-none-eabi-10.3-2021.10\arm-none-eabi\lib\thumb\v6-m\nofp\libc_nano.a(lib_a-writer.o)
 .data          0x20000008        0x0 C:\MCU_ARM\gcc-arm-none-eabi-10.3-2021.10\arm-none-eabi\lib\thumb\v6-m\nofp\libc_nano.a(lib_a-wsetup.o)
 .data          0x20000008        0x0 C:\MCU_ARM\gcc-arm-none-eabi-10.3-2021.10\arm-none-eabi\lib\thumb\v6-m\nofp\libc_nano.a(lib_a-closer.o)
 .data          0x20000008        0x0 C:\MCU_ARM\gcc-arm-none-eabi-10.3-2021.10\arm-none-eabi\lib\thumb\v6-m\nofp\libc_nano.a(lib_a-dtoa.o)
 .data          0x20000008        0x0 C:\MCU_ARM\gcc-arm-none-eabi-10.3-2021.10\arm-none-eabi\lib\thumb\v6-m\nofp\libc_nano.a(lib_a-fflush.o)
 .data          0x20000008        0x0 C:\MCU_ARM\gcc-arm-none-eabi-10.3-2021.10\arm-none-eabi\lib\thumb\v6-m\nofp\libc_nano.a(lib_a-findfp.o)
 .data          0x20000008        0x0 C:\MCU_ARM\gcc-arm-none-eabi-10.3-2021.10\arm-none-eabi\lib\thumb\v6-m\nofp\libc_nano.a(lib_a-fwalk.o)
 .data          0x20000008        0x0 C:\MCU_ARM\gcc-arm-none-eabi-10.3-2021.10\arm-none-eabi\lib\thumb\v6-m\nofp\libc_nano.a(lib_a-impure.o)
 .data._impure_ptr
                0x20000008        0x4 C:\MCU_ARM\gcc-arm-none-eabi-10.3-2021.10\arm-none-eabi\lib\thumb\v6-m\nofp\libc_nano.a(lib_a-impure.o)
                0x20000008                _impure_ptr
 .data.impure_data
                0x2000000c       0x60 C:\MCU_ARM\gcc-arm-none-eabi-10.3-2021.10\arm-none-eabi\lib\thumb\v6-m\nofp\libc_nano.a(lib_a-impure.o)
 .data          0x2000006c        0x0 C:\MCU_ARM\gcc-arm-none-eabi-10.3-2021.10\arm-none-eabi\lib\thumb\v6-m\nofp\libc_nano.a(lib_a-localeconv.o)
 .data          0x2000006c        0x0 C:\MCU_ARM\gcc-arm-none-eabi-10.3-2021.10\arm-none-eabi\lib\thumb\v6-m\nofp\libc_nano.a(lib_a-lock.o)
 .data          0x2000006c        0x0 C:\MCU_ARM\gcc-arm-none-eabi-10.3-2021.10\arm-none-eabi\lib\thumb\v6-m\nofp\libc_nano.a(lib_a-lseekr.o)
 .data          0x2000006c        0x0 C:\MCU_ARM\gcc-arm-none-eabi-10.3-2021.10\arm-none-eabi\lib\thumb\v6-m\nofp\libc_nano.a(lib_a-makebuf.o)
 .data          0x2000006c        0x0 C:\MCU_ARM\gcc-arm-none-eabi-10.3-2021.10\arm-none-eabi\lib\thumb\v6-m\nofp\libc_nano.a(lib_a-malloc.o)
 .data          0x2000006c        0x0 C:\MCU_ARM\gcc-arm-none-eabi-10.3-2021.10\arm-none-eabi\lib\thumb\v6-m\nofp\libc_nano.a(lib_a-memchr-stub.o)
 .data          0x2000006c        0x0 C:\MCU_ARM\gcc-arm-none-eabi-10.3-2021.10\arm-none-eabi\lib\thumb\v6-m\nofp\libc_nano.a(lib_a-memcpy-stub.o)
 .data          0x2000006c        0x0 C:\MCU_ARM\gcc-arm-none-eabi-10.3-2021.10\arm-none-eabi\lib\thumb\v6-m\nofp\libc_nano.a(lib_a-mprec.o)
 .data          0x2000006c        0x0 C:\MCU_ARM\gcc-arm-none-eabi-10.3-2021.10\arm-none-eabi\lib\thumb\v6-m\nofp\libc_nano.a(lib_a-nano-callocr.o)
 .data          0x2000006c        0x0 C:\MCU_ARM\gcc-arm-none-eabi-10.3-2021.10\arm-none-eabi\lib\thumb\v6-m\nofp\libc_nano.a(lib_a-nano-freer.o)
 .data          0x2000006c        0x0 C:\MCU_ARM\gcc-arm-none-eabi-10.3-2021.10\arm-none-eabi\lib\thumb\v6-m\nofp\libc_nano.a(lib_a-nano-mallocr.o)
 .data          0x2000006c        0x0 C:\MCU_ARM\gcc-arm-none-eabi-10.3-2021.10\arm-none-eabi\lib\thumb\v6-m\nofp\libc_nano.a(lib_a-nano-svfprintf.o)
 .data          0x2000006c        0x0 C:\MCU_ARM\gcc-arm-none-eabi-10.3-2021.10\arm-none-eabi\lib\thumb\v6-m\nofp\libc_nano.a(lib_a-nano-svfscanf.o)
 .data          0x2000006c        0x0 C:\MCU_ARM\gcc-arm-none-eabi-10.3-2021.10\arm-none-eabi\lib\thumb\v6-m\nofp\libc_nano.a(lib_a-nano-vfprintf.o)
 .data          0x2000006c        0x0 C:\MCU_ARM\gcc-arm-none-eabi-10.3-2021.10\arm-none-eabi\lib\thumb\v6-m\nofp\libc_nano.a(lib_a-nano-vfscanf_i.o)
 .data          0x2000006c        0x0 C:\MCU_ARM\gcc-arm-none-eabi-10.3-2021.10\arm-none-eabi\lib\thumb\v6-m\nofp\libc_nano.a(lib_a-readr.o)
 .data          0x2000006c        0x0 C:\MCU_ARM\gcc-arm-none-eabi-10.3-2021.10\arm-none-eabi\lib\thumb\v6-m\nofp\libc_nano.a(lib_a-sbrkr.o)
 .data          0x2000006c        0x0 C:\MCU_ARM\gcc-arm-none-eabi-10.3-2021.10\arm-none-eabi\lib\thumb\v6-m\nofp\libc_nano.a(lib_a-sccl.o)
 .data          0x2000006c        0x0 C:\MCU_ARM\gcc-arm-none-eabi-10.3-2021.10\arm-none-eabi\lib\thumb\v6-m\nofp\libc_nano.a(lib_a-strtol.o)
 .data          0x2000006c        0x0 C:\MCU_ARM\gcc-arm-none-eabi-10.3-2021.10\arm-none-eabi\lib\thumb\v6-m\nofp\libc_nano.a(lib_a-strtoul.o)
 .data          0x2000006c        0x0 C:\MCU_ARM\gcc-arm-none-eabi-10.3-2021.10\arm-none-eabi\lib\thumb\v6-m\nofp\libc_nano.a(lib_a-ungetc.o)
 .data          0x2000006c        0x0 C:\MCU_ARM\gcc-arm-none-eabi-10.3-2021.10\arm-none-eabi\lib\thumb\v6-m\nofp\libc_nano.a(lib_a-assert.o)
 .data          0x2000006c        0x0 C:\MCU_ARM\gcc-arm-none-eabi-10.3-2021.10\arm-none-eabi\lib\thumb\v6-m\nofp\libc_nano.a(lib_a-ctype_.o)
 .data          0x2000006c        0x0 C:\MCU_ARM\gcc-arm-none-eabi-10.3-2021.10\arm-none-eabi\lib\thumb\v6-m\nofp\libc_nano.a(lib_a-errno.o)
 .data          0x2000006c        0x0 C:\MCU_ARM\gcc-arm-none-eabi-10.3-2021.10\arm-none-eabi\lib\thumb\v6-m\nofp\libc_nano.a(lib_a-fprintf.o)
 .data          0x2000006c        0x0 C:\MCU_ARM\gcc-arm-none-eabi-10.3-2021.10\arm-none-eabi\lib\thumb\v6-m\nofp\libc_nano.a(lib_a-fstatr.o)
 .data          0x2000006c        0x0 C:\MCU_ARM\gcc-arm-none-eabi-10.3-2021.10\arm-none-eabi\lib\thumb\v6-m\nofp\libc_nano.a(lib_a-fvwrite.o)
 .data          0x2000006c        0x0 C:\MCU_ARM\gcc-arm-none-eabi-10.3-2021.10\arm-none-eabi\lib\thumb\v6-m\nofp\libc_nano.a(lib_a-isattyr.o)
 .data          0x2000006c        0x0 C:\MCU_ARM\gcc-arm-none-eabi-10.3-2021.10\arm-none-eabi\lib\thumb\v6-m\nofp\libc_nano.a(lib_a-locale.o)
 .data.__global_locale
                0x2000006c      0x16c C:\MCU_ARM\gcc-arm-none-eabi-10.3-2021.10\arm-none-eabi\lib\thumb\v6-m\nofp\libc_nano.a(lib_a-locale.o)
                0x2000006c                __global_locale
 .data          0x200001d8        0x0 C:\MCU_ARM\gcc-arm-none-eabi-10.3-2021.10\arm-none-eabi\lib\thumb\v6-m\nofp\libc_nano.a(lib_a-mbtowc_r.o)
 .data          0x200001d8        0x0 C:\MCU_ARM\gcc-arm-none-eabi-10.3-2021.10\arm-none-eabi\lib\thumb\v6-m\nofp\libc_nano.a(lib_a-memmove.o)
 .data          0x200001d8        0x0 C:\MCU_ARM\gcc-arm-none-eabi-10.3-2021.10\arm-none-eabi\lib\thumb\v6-m\nofp\libc_nano.a(lib_a-mlock.o)
 .data          0x200001d8        0x0 C:\MCU_ARM\gcc-arm-none-eabi-10.3-2021.10\arm-none-eabi\lib\thumb\v6-m\nofp\libc_nano.a(lib_a-nano-reallocr.o)
 .data          0x200001d8        0x0 C:\MCU_ARM\gcc-arm-none-eabi-10.3-2021.10\arm-none-eabi\lib\thumb\v6-m\nofp\libc_nano.a(lib_a-strcmp.o)
 .data          0x200001d8        0x0 C:\MCU_ARM\gcc-arm-none-eabi-10.3-2021.10\arm-none-eabi\lib\thumb\v6-m\nofp\libc_nano.a(lib_a-wctomb_r.o)
 .data          0x200001d8        0x0 C:\MCU_ARM\gcc-arm-none-eabi-10.3-2021.10\arm-none-eabi\lib\thumb\v6-m\nofp\libc_nano.a(lib_a-abort.o)
 .data          0x200001d8        0x0 C:\MCU_ARM\gcc-arm-none-eabi-10.3-2021.10\arm-none-eabi\lib\thumb\v6-m\nofp\libc_nano.a(lib_a-nano-msizer.o)
 .data          0x200001d8        0x0 C:\MCU_ARM\gcc-arm-none-eabi-10.3-2021.10\arm-none-eabi\lib\thumb\v6-m\nofp\libc_nano.a(lib_a-signal.o)
 .data          0x200001d8        0x0 C:\MCU_ARM\gcc-arm-none-eabi-10.3-2021.10\arm-none-eabi\lib\thumb\v6-m\nofp\libc_nano.a(lib_a-signalr.o)
 .data          0x200001d8        0x0 C:\MCU_ARM\gcc-arm-none-eabi-10.3-2021.10\arm-none-eabi\lib\thumb\v6-m\nofp\libm.a(lib_a-w_pow.o)
 .data          0x200001d8        0x0 C:\MCU_ARM\gcc-arm-none-eabi-10.3-2021.10\arm-none-eabi\lib\thumb\v6-m\nofp\libm.a(lib_a-e_pow.o)
 .data          0x200001d8        0x0 C:\MCU_ARM\gcc-arm-none-eabi-10.3-2021.10\arm-none-eabi\lib\thumb\v6-m\nofp\libm.a(lib_a-e_sqrt.o)
 .data          0x200001d8        0x0 C:\MCU_ARM\gcc-arm-none-eabi-10.3-2021.10\arm-none-eabi\lib\thumb\v6-m\nofp\libm.a(lib_a-math_err.o)
 .data          0x200001d8        0x0 C:\MCU_ARM\gcc-arm-none-eabi-10.3-2021.10\arm-none-eabi\lib\thumb\v6-m\nofp\libm.a(lib_a-s_fabs.o)
 .data          0x200001d8        0x0 C:\MCU_ARM\gcc-arm-none-eabi-10.3-2021.10\arm-none-eabi\lib\thumb\v6-m\nofp\libm.a(lib_a-s_finite.o)
 .data          0x200001d8        0x0 C:\MCU_ARM\gcc-arm-none-eabi-10.3-2021.10\arm-none-eabi\lib\thumb\v6-m\nofp\libm.a(lib_a-s_scalbn.o)
 .data          0x200001d8        0x0 C:\MCU_ARM\gcc-arm-none-eabi-10.3-2021.10\lib\gcc\arm-none-eabi\10.3.1\thumb\v6-m\nofp\libgcc.a(_thumb1_case_uqi.o)
 .data          0x200001d8        0x0 C:\MCU_ARM\gcc-arm-none-eabi-10.3-2021.10\lib\gcc\arm-none-eabi\10.3.1\thumb\v6-m\nofp\libgcc.a(_thumb1_case_shi.o)
 .data          0x200001d8        0x0 C:\MCU_ARM\gcc-arm-none-eabi-10.3-2021.10\lib\gcc\arm-none-eabi\10.3.1\thumb\v6-m\nofp\libgcc.a(_arm_cmpdf2.o)
 .data          0x200001d8        0x0 C:\MCU_ARM\gcc-arm-none-eabi-10.3-2021.10\lib\gcc\arm-none-eabi\10.3.1\thumb\v6-m\nofp\libgcc.a(eqdf2.o)
 .data          0x200001d8        0x0 C:\MCU_ARM\gcc-arm-none-eabi-10.3-2021.10\lib\gcc\arm-none-eabi\10.3.1\thumb\v6-m\nofp\libgcc.a(gedf2.o)
 .data          0x200001d8        0x0 C:\MCU_ARM\gcc-arm-none-eabi-10.3-2021.10\lib\gcc\arm-none-eabi\10.3.1\thumb\v6-m\nofp\libgcc.a(ledf2.o)
 .data          0x200001d8        0x0 C:\MCU_ARM\gcc-arm-none-eabi-10.3-2021.10\lib\gcc\arm-none-eabi\10.3.1\thumb\v6-m\nofp\libgcc.a(subdf3.o)
 .data          0x200001d8        0x0 C:\MCU_ARM\gcc-arm-none-eabi-10.3-2021.10\lib\gcc\arm-none-eabi\10.3.1\thumb\v6-m\nofp\libgcc.a(unorddf2.o)
 .data          0x200001d8        0x0 C:\MCU_ARM\gcc-arm-none-eabi-10.3-2021.10\lib\gcc\arm-none-eabi\10.3.1\thumb\v6-m\nofp\libgcc.a(floatunsidf.o)
                0x200001d8                . = ALIGN (0x4)
                0x200001d8                _edata = .

.igot.plt       0x200001d8        0x0 load address 0x0800b1ec
 .igot.plt      0x200001d8        0x0 main.o

.bss            0x200001d8      0x1f4 load address 0x0800b1ec
                0x200001d8                _bss = .
 *(.bss*)
 .bss           0x200001d8       0x86 main.o
                0x200001d8                timer22_counter
                0x200001dc                button_counter
                0x200001e0                pick_counter
                0x200001e4                buff
                0x20000234                dummy
                0x20000238                pick_order
                0x2000023c                auto_state
                0x20000240                lb
                0x20000254                i
                0x20000258                liangkuai
                0x20000259                yikuai
                0x2000025a                wumao
                0x2000025b                liangmaowu
                0x2000025c                yimao
                0x2000025d                wufen
 .bss           0x2000025e        0x0 lcd.o
 .bss           0x2000025e        0x0 adc.o
 *fill*         0x2000025e        0x2 
 .bss           0x20000260       0xa4 serial.o
                0x20000260                ComRXBuffer
                0x200002ac                ComTXBuffer
                0x200002f8                ComOpen
                0x200002fc                ComError
                0x20000300                ComBusy
 .bss           0x20000304       0xa4 UART2.o
                0x20000304                ComRXBuffer2
                0x20000350                ComTXBuffer2
                0x2000039c                ComOpen2
                0x200003a0                ComError2
                0x200003a4                ComBusy2
 .bss           0x200003a8        0x0 startup.o
 .bss           0x200003a8        0x8 newlib_stubs.o
                0x200003a8                __env
 .bss           0x200003b0        0x0 C:\MCU_ARM\gcc-arm-none-eabi-10.3-2021.10\arm-none-eabi\lib\thumb\v6-m\nofp\libnosys.a(errno.o)
 .bss.errno     0x200003b0        0x4 C:\MCU_ARM\gcc-arm-none-eabi-10.3-2021.10\arm-none-eabi\lib\thumb\v6-m\nofp\libnosys.a(errno.o)
                0x200003b0                errno
 .bss           0x200003b4        0x0 C:\MCU_ARM\gcc-arm-none-eabi-10.3-2021.10\lib\gcc\arm-none-eabi\10.3.1\thumb\v6-m\nofp\libgcc.a(_udivsi3.o)
 .bss           0x200003b4        0x0 C:\MCU_ARM\gcc-arm-none-eabi-10.3-2021.10\lib\gcc\arm-none-eabi\10.3.1\thumb\v6-m\nofp\libgcc.a(_divsi3.o)
 .bss           0x200003b4        0x0 C:\MCU_ARM\gcc-arm-none-eabi-10.3-2021.10\lib\gcc\arm-none-eabi\10.3.1\thumb\v6-m\nofp\libgcc.a(_dvmd_tls.o)
 .bss           0x200003b4        0x0 C:\MCU_ARM\gcc-arm-none-eabi-10.3-2021.10\lib\gcc\arm-none-eabi\10.3.1\thumb\v6-m\nofp\libgcc.a(_arm_cmpsf2.o)
 .bss           0x200003b4        0x0 C:\MCU_ARM\gcc-arm-none-eabi-10.3-2021.10\lib\gcc\arm-none-eabi\10.3.1\thumb\v6-m\nofp\libgcc.a(addsf3.o)
 .bss           0x200003b4        0x0 C:\MCU_ARM\gcc-arm-none-eabi-10.3-2021.10\lib\gcc\arm-none-eabi\10.3.1\thumb\v6-m\nofp\libgcc.a(divsf3.o)
 .bss           0x200003b4        0x0 C:\MCU_ARM\gcc-arm-none-eabi-10.3-2021.10\lib\gcc\arm-none-eabi\10.3.1\thumb\v6-m\nofp\libgcc.a(eqsf2.o)
 .bss           0x200003b4        0x0 C:\MCU_ARM\gcc-arm-none-eabi-10.3-2021.10\lib\gcc\arm-none-eabi\10.3.1\thumb\v6-m\nofp\libgcc.a(gesf2.o)
 .bss           0x200003b4        0x0 C:\MCU_ARM\gcc-arm-none-eabi-10.3-2021.10\lib\gcc\arm-none-eabi\10.3.1\thumb\v6-m\nofp\libgcc.a(lesf2.o)
 .bss           0x200003b4        0x0 C:\MCU_ARM\gcc-arm-none-eabi-10.3-2021.10\lib\gcc\arm-none-eabi\10.3.1\thumb\v6-m\nofp\libgcc.a(subsf3.o)
 .bss           0x200003b4        0x0 C:\MCU_ARM\gcc-arm-none-eabi-10.3-2021.10\lib\gcc\arm-none-eabi\10.3.1\thumb\v6-m\nofp\libgcc.a(fixsfsi.o)
 .bss           0x200003b4        0x0 C:\MCU_ARM\gcc-arm-none-eabi-10.3-2021.10\lib\gcc\arm-none-eabi\10.3.1\thumb\v6-m\nofp\libgcc.a(floatsisf.o)
 .bss           0x200003b4        0x0 C:\MCU_ARM\gcc-arm-none-eabi-10.3-2021.10\lib\gcc\arm-none-eabi\10.3.1\thumb\v6-m\nofp\libgcc.a(adddf3.o)
 .bss           0x200003b4        0x0 C:\MCU_ARM\gcc-arm-none-eabi-10.3-2021.10\lib\gcc\arm-none-eabi\10.3.1\thumb\v6-m\nofp\libgcc.a(divdf3.o)
 .bss           0x200003b4        0x0 C:\MCU_ARM\gcc-arm-none-eabi-10.3-2021.10\lib\gcc\arm-none-eabi\10.3.1\thumb\v6-m\nofp\libgcc.a(muldf3.o)
 .bss           0x200003b4        0x0 C:\MCU_ARM\gcc-arm-none-eabi-10.3-2021.10\lib\gcc\arm-none-eabi\10.3.1\thumb\v6-m\nofp\libgcc.a(fixdfsi.o)
 .bss           0x200003b4        0x0 C:\MCU_ARM\gcc-arm-none-eabi-10.3-2021.10\lib\gcc\arm-none-eabi\10.3.1\thumb\v6-m\nofp\libgcc.a(floatsidf.o)
 .bss           0x200003b4        0x0 C:\MCU_ARM\gcc-arm-none-eabi-10.3-2021.10\lib\gcc\arm-none-eabi\10.3.1\thumb\v6-m\nofp\libgcc.a(extendsfdf2.o)
 .bss           0x200003b4        0x0 C:\MCU_ARM\gcc-arm-none-eabi-10.3-2021.10\lib\gcc\arm-none-eabi\10.3.1\thumb\v6-m\nofp\libgcc.a(truncdfsf2.o)
 .bss           0x200003b4        0x0 C:\MCU_ARM\gcc-arm-none-eabi-10.3-2021.10\lib\gcc\arm-none-eabi\10.3.1\thumb\v6-m\nofp\libgcc.a(_clzsi2.o)
 .bss           0x200003b4        0x0 C:\MCU_ARM\gcc-arm-none-eabi-10.3-2021.10\arm-none-eabi\lib\thumb\v6-m\nofp\libc_nano.a(lib_a-memset.o)
 .bss           0x200003b4        0x0 C:\MCU_ARM\gcc-arm-none-eabi-10.3-2021.10\arm-none-eabi\lib\thumb\v6-m\nofp\libc_nano.a(lib_a-nano-vfprintf_float.o)
 .bss           0x200003b4        0x0 C:\MCU_ARM\gcc-arm-none-eabi-10.3-2021.10\arm-none-eabi\lib\thumb\v6-m\nofp\libc_nano.a(lib_a-nano-vfprintf_i.o)
 .bss           0x200003b4        0x0 C:\MCU_ARM\gcc-arm-none-eabi-10.3-2021.10\arm-none-eabi\lib\thumb\v6-m\nofp\libc_nano.a(lib_a-printf.o)
 .bss           0x200003b4        0x0 C:\MCU_ARM\gcc-arm-none-eabi-10.3-2021.10\arm-none-eabi\lib\thumb\v6-m\nofp\libc_nano.a(lib_a-puts.o)
 .bss           0x200003b4        0x0 C:\MCU_ARM\gcc-arm-none-eabi-10.3-2021.10\arm-none-eabi\lib\thumb\v6-m\nofp\libc_nano.a(lib_a-sprintf.o)
 .bss           0x200003b4        0x0 C:\MCU_ARM\gcc-arm-none-eabi-10.3-2021.10\arm-none-eabi\lib\thumb\v6-m\nofp\libc_nano.a(lib_a-sscanf.o)
 .bss           0x200003b4        0x0 C:\MCU_ARM\gcc-arm-none-eabi-10.3-2021.10\arm-none-eabi\lib\thumb\v6-m\nofp\libc_nano.a(lib_a-stdio.o)
 .bss           0x200003b4        0x0 C:\MCU_ARM\gcc-arm-none-eabi-10.3-2021.10\arm-none-eabi\lib\thumb\v6-m\nofp\libc_nano.a(lib_a-strlen.o)
 .bss           0x200003b4        0x0 C:\MCU_ARM\gcc-arm-none-eabi-10.3-2021.10\arm-none-eabi\lib\thumb\v6-m\nofp\libc_nano.a(lib_a-wbuf.o)
 .bss           0x200003b4        0x0 C:\MCU_ARM\gcc-arm-none-eabi-10.3-2021.10\arm-none-eabi\lib\thumb\v6-m\nofp\libc_nano.a(lib_a-writer.o)
 .bss           0x200003b4        0x0 C:\MCU_ARM\gcc-arm-none-eabi-10.3-2021.10\arm-none-eabi\lib\thumb\v6-m\nofp\libc_nano.a(lib_a-wsetup.o)
 .bss           0x200003b4        0x0 C:\MCU_ARM\gcc-arm-none-eabi-10.3-2021.10\arm-none-eabi\lib\thumb\v6-m\nofp\libc_nano.a(lib_a-closer.o)
 .bss           0x200003b4        0x0 C:\MCU_ARM\gcc-arm-none-eabi-10.3-2021.10\arm-none-eabi\lib\thumb\v6-m\nofp\libc_nano.a(lib_a-dtoa.o)
 .bss           0x200003b4        0x0 C:\MCU_ARM\gcc-arm-none-eabi-10.3-2021.10\arm-none-eabi\lib\thumb\v6-m\nofp\libc_nano.a(lib_a-fflush.o)
 .bss           0x200003b4        0x0 C:\MCU_ARM\gcc-arm-none-eabi-10.3-2021.10\arm-none-eabi\lib\thumb\v6-m\nofp\libc_nano.a(lib_a-findfp.o)
 .bss           0x200003b4        0x0 C:\MCU_ARM\gcc-arm-none-eabi-10.3-2021.10\arm-none-eabi\lib\thumb\v6-m\nofp\libc_nano.a(lib_a-fwalk.o)
 .bss           0x200003b4        0x0 C:\MCU_ARM\gcc-arm-none-eabi-10.3-2021.10\arm-none-eabi\lib\thumb\v6-m\nofp\libc_nano.a(lib_a-impure.o)
 .bss           0x200003b4        0x0 C:\MCU_ARM\gcc-arm-none-eabi-10.3-2021.10\arm-none-eabi\lib\thumb\v6-m\nofp\libc_nano.a(lib_a-localeconv.o)
 .bss           0x200003b4        0x0 C:\MCU_ARM\gcc-arm-none-eabi-10.3-2021.10\arm-none-eabi\lib\thumb\v6-m\nofp\libc_nano.a(lib_a-lock.o)
 .bss.__lock___arc4random_mutex
                0x200003b4        0x1 C:\MCU_ARM\gcc-arm-none-eabi-10.3-2021.10\arm-none-eabi\lib\thumb\v6-m\nofp\libc_nano.a(lib_a-lock.o)
                0x200003b4                __lock___arc4random_mutex
 .bss.__lock___at_quick_exit_mutex
                0x200003b5        0x1 C:\MCU_ARM\gcc-arm-none-eabi-10.3-2021.10\arm-none-eabi\lib\thumb\v6-m\nofp\libc_nano.a(lib_a-lock.o)
                0x200003b5                __lock___at_quick_exit_mutex
 .bss.__lock___atexit_recursive_mutex
                0x200003b6        0x1 C:\MCU_ARM\gcc-arm-none-eabi-10.3-2021.10\arm-none-eabi\lib\thumb\v6-m\nofp\libc_nano.a(lib_a-lock.o)
                0x200003b6                __lock___atexit_recursive_mutex
 .bss.__lock___dd_hash_mutex
                0x200003b7        0x1 C:\MCU_ARM\gcc-arm-none-eabi-10.3-2021.10\arm-none-eabi\lib\thumb\v6-m\nofp\libc_nano.a(lib_a-lock.o)
                0x200003b7                __lock___dd_hash_mutex
 .bss.__lock___env_recursive_mutex
                0x200003b8        0x1 C:\MCU_ARM\gcc-arm-none-eabi-10.3-2021.10\arm-none-eabi\lib\thumb\v6-m\nofp\libc_nano.a(lib_a-lock.o)
                0x200003b8                __lock___env_recursive_mutex
 .bss.__lock___malloc_recursive_mutex
                0x200003b9        0x1 C:\MCU_ARM\gcc-arm-none-eabi-10.3-2021.10\arm-none-eabi\lib\thumb\v6-m\nofp\libc_nano.a(lib_a-lock.o)
                0x200003b9                __lock___malloc_recursive_mutex
 .bss.__lock___sfp_recursive_mutex
                0x200003ba        0x1 C:\MCU_ARM\gcc-arm-none-eabi-10.3-2021.10\arm-none-eabi\lib\thumb\v6-m\nofp\libc_nano.a(lib_a-lock.o)
                0x200003ba                __lock___sfp_recursive_mutex
 .bss.__lock___sinit_recursive_mutex
                0x200003bb        0x1 C:\MCU_ARM\gcc-arm-none-eabi-10.3-2021.10\arm-none-eabi\lib\thumb\v6-m\nofp\libc_nano.a(lib_a-lock.o)
                0x200003bb                __lock___sinit_recursive_mutex
 .bss.__lock___tz_mutex
                0x200003bc        0x1 C:\MCU_ARM\gcc-arm-none-eabi-10.3-2021.10\arm-none-eabi\lib\thumb\v6-m\nofp\libc_nano.a(lib_a-lock.o)
                0x200003bc                __lock___tz_mutex
 .bss           0x200003bd        0x0 C:\MCU_ARM\gcc-arm-none-eabi-10.3-2021.10\arm-none-eabi\lib\thumb\v6-m\nofp\libc_nano.a(lib_a-lseekr.o)
 .bss           0x200003bd        0x0 C:\MCU_ARM\gcc-arm-none-eabi-10.3-2021.10\arm-none-eabi\lib\thumb\v6-m\nofp\libc_nano.a(lib_a-makebuf.o)
 .bss           0x200003bd        0x0 C:\MCU_ARM\gcc-arm-none-eabi-10.3-2021.10\arm-none-eabi\lib\thumb\v6-m\nofp\libc_nano.a(lib_a-malloc.o)
 .bss           0x200003bd        0x0 C:\MCU_ARM\gcc-arm-none-eabi-10.3-2021.10\arm-none-eabi\lib\thumb\v6-m\nofp\libc_nano.a(lib_a-memchr-stub.o)
 .bss           0x200003bd        0x0 C:\MCU_ARM\gcc-arm-none-eabi-10.3-2021.10\arm-none-eabi\lib\thumb\v6-m\nofp\libc_nano.a(lib_a-memcpy-stub.o)
 .bss           0x200003bd        0x0 C:\MCU_ARM\gcc-arm-none-eabi-10.3-2021.10\arm-none-eabi\lib\thumb\v6-m\nofp\libc_nano.a(lib_a-mprec.o)
 .bss           0x200003bd        0x0 C:\MCU_ARM\gcc-arm-none-eabi-10.3-2021.10\arm-none-eabi\lib\thumb\v6-m\nofp\libc_nano.a(lib_a-nano-callocr.o)
 .bss           0x200003bd        0x0 C:\MCU_ARM\gcc-arm-none-eabi-10.3-2021.10\arm-none-eabi\lib\thumb\v6-m\nofp\libc_nano.a(lib_a-nano-freer.o)
 .bss           0x200003bd        0x0 C:\MCU_ARM\gcc-arm-none-eabi-10.3-2021.10\arm-none-eabi\lib\thumb\v6-m\nofp\libc_nano.a(lib_a-nano-mallocr.o)
 *fill*         0x200003bd        0x3 
 .bss.__malloc_free_list
                0x200003c0        0x4 C:\MCU_ARM\gcc-arm-none-eabi-10.3-2021.10\arm-none-eabi\lib\thumb\v6-m\nofp\libc_nano.a(lib_a-nano-mallocr.o)
                0x200003c0                __malloc_free_list
 .bss.__malloc_sbrk_start
                0x200003c4        0x4 C:\MCU_ARM\gcc-arm-none-eabi-10.3-2021.10\arm-none-eabi\lib\thumb\v6-m\nofp\libc_nano.a(lib_a-nano-mallocr.o)
                0x200003c4                __malloc_sbrk_start
 .bss           0x200003c8        0x0 C:\MCU_ARM\gcc-arm-none-eabi-10.3-2021.10\arm-none-eabi\lib\thumb\v6-m\nofp\libc_nano.a(lib_a-nano-svfprintf.o)
 .bss           0x200003c8        0x0 C:\MCU_ARM\gcc-arm-none-eabi-10.3-2021.10\arm-none-eabi\lib\thumb\v6-m\nofp\libc_nano.a(lib_a-nano-svfscanf.o)
 .bss           0x200003c8        0x0 C:\MCU_ARM\gcc-arm-none-eabi-10.3-2021.10\arm-none-eabi\lib\thumb\v6-m\nofp\libc_nano.a(lib_a-nano-vfprintf.o)
 .bss           0x200003c8        0x0 C:\MCU_ARM\gcc-arm-none-eabi-10.3-2021.10\arm-none-eabi\lib\thumb\v6-m\nofp\libc_nano.a(lib_a-nano-vfscanf_i.o)
 .bss           0x200003c8        0x0 C:\MCU_ARM\gcc-arm-none-eabi-10.3-2021.10\arm-none-eabi\lib\thumb\v6-m\nofp\libc_nano.a(lib_a-readr.o)
 .bss           0x200003c8        0x0 C:\MCU_ARM\gcc-arm-none-eabi-10.3-2021.10\arm-none-eabi\lib\thumb\v6-m\nofp\libc_nano.a(lib_a-sbrkr.o)
 .bss           0x200003c8        0x0 C:\MCU_ARM\gcc-arm-none-eabi-10.3-2021.10\arm-none-eabi\lib\thumb\v6-m\nofp\libc_nano.a(lib_a-sccl.o)
 .bss           0x200003c8        0x0 C:\MCU_ARM\gcc-arm-none-eabi-10.3-2021.10\arm-none-eabi\lib\thumb\v6-m\nofp\libc_nano.a(lib_a-strtol.o)
 .bss           0x200003c8        0x0 C:\MCU_ARM\gcc-arm-none-eabi-10.3-2021.10\arm-none-eabi\lib\thumb\v6-m\nofp\libc_nano.a(lib_a-strtoul.o)
 .bss           0x200003c8        0x0 C:\MCU_ARM\gcc-arm-none-eabi-10.3-2021.10\arm-none-eabi\lib\thumb\v6-m\nofp\libc_nano.a(lib_a-ungetc.o)
 .bss           0x200003c8        0x0 C:\MCU_ARM\gcc-arm-none-eabi-10.3-2021.10\arm-none-eabi\lib\thumb\v6-m\nofp\libc_nano.a(lib_a-assert.o)
 .bss           0x200003c8        0x0 C:\MCU_ARM\gcc-arm-none-eabi-10.3-2021.10\arm-none-eabi\lib\thumb\v6-m\nofp\libc_nano.a(lib_a-ctype_.o)
 .bss           0x200003c8        0x0 C:\MCU_ARM\gcc-arm-none-eabi-10.3-2021.10\arm-none-eabi\lib\thumb\v6-m\nofp\libc_nano.a(lib_a-errno.o)
 .bss           0x200003c8        0x0 C:\MCU_ARM\gcc-arm-none-eabi-10.3-2021.10\arm-none-eabi\lib\thumb\v6-m\nofp\libc_nano.a(lib_a-fprintf.o)
 .bss           0x200003c8        0x0 C:\MCU_ARM\gcc-arm-none-eabi-10.3-2021.10\arm-none-eabi\lib\thumb\v6-m\nofp\libc_nano.a(lib_a-fstatr.o)
 .bss           0x200003c8        0x0 C:\MCU_ARM\gcc-arm-none-eabi-10.3-2021.10\arm-none-eabi\lib\thumb\v6-m\nofp\libc_nano.a(lib_a-fvwrite.o)
 .bss           0x200003c8        0x0 C:\MCU_ARM\gcc-arm-none-eabi-10.3-2021.10\arm-none-eabi\lib\thumb\v6-m\nofp\libc_nano.a(lib_a-isattyr.o)
 .bss           0x200003c8        0x0 C:\MCU_ARM\gcc-arm-none-eabi-10.3-2021.10\arm-none-eabi\lib\thumb\v6-m\nofp\libc_nano.a(lib_a-locale.o)
 .bss._PathLocale
                0x200003c8        0x4 C:\MCU_ARM\gcc-arm-none-eabi-10.3-2021.10\arm-none-eabi\lib\thumb\v6-m\nofp\libc_nano.a(lib_a-locale.o)
                0x200003c8                _PathLocale
 .bss           0x200003cc        0x0 C:\MCU_ARM\gcc-arm-none-eabi-10.3-2021.10\arm-none-eabi\lib\thumb\v6-m\nofp\libc_nano.a(lib_a-mbtowc_r.o)
 .bss           0x200003cc        0x0 C:\MCU_ARM\gcc-arm-none-eabi-10.3-2021.10\arm-none-eabi\lib\thumb\v6-m\nofp\libc_nano.a(lib_a-memmove.o)
 .bss           0x200003cc        0x0 C:\MCU_ARM\gcc-arm-none-eabi-10.3-2021.10\arm-none-eabi\lib\thumb\v6-m\nofp\libc_nano.a(lib_a-mlock.o)
 .bss           0x200003cc        0x0 C:\MCU_ARM\gcc-arm-none-eabi-10.3-2021.10\arm-none-eabi\lib\thumb\v6-m\nofp\libc_nano.a(lib_a-nano-reallocr.o)
 .bss           0x200003cc        0x0 C:\MCU_ARM\gcc-arm-none-eabi-10.3-2021.10\arm-none-eabi\lib\thumb\v6-m\nofp\libc_nano.a(lib_a-strcmp.o)
 .bss           0x200003cc        0x0 C:\MCU_ARM\gcc-arm-none-eabi-10.3-2021.10\arm-none-eabi\lib\thumb\v6-m\nofp\libc_nano.a(lib_a-wctomb_r.o)
 .bss           0x200003cc        0x0 C:\MCU_ARM\gcc-arm-none-eabi-10.3-2021.10\arm-none-eabi\lib\thumb\v6-m\nofp\libc_nano.a(lib_a-abort.o)
 .bss           0x200003cc        0x0 C:\MCU_ARM\gcc-arm-none-eabi-10.3-2021.10\arm-none-eabi\lib\thumb\v6-m\nofp\libc_nano.a(lib_a-nano-msizer.o)