Archive member included to satisfy reference by file (symbol)

C:\MCU_ARM\gcc-arm-none-eabi-10.3-2021.10\arm-none-eabi\lib\thumb\v6-m\nofp\libnosys.a(errno.o)
                              newlib_stubs.o (errno)
C:\MCU_ARM\gcc-arm-none-eabi-10.3-2021.10\lib\gcc\arm-none-eabi\10.3.1\thumb\v6-m\nofp\libgcc.a(_divsi3.o)
                              main.o (__aeabi_idiv)
C:\MCU_ARM\gcc-arm-none-eabi-10.3-2021.10\lib\gcc\arm-none-eabi\10.3.1\thumb\v6-m\nofp\libgcc.a(_dvmd_tls.o)
                              C:\MCU_ARM\gcc-arm-none-eabi-10.3-2021.10\lib\gcc\arm-none-eabi\10.3.1\thumb\v6-m\nofp\libgcc.a(_divsi3.o) (__aeabi_idiv0)
C:\MCU_ARM\gcc-arm-none-eabi-10.3-2021.10\lib\gcc\arm-none-eabi\10.3.1\thumb\v6-m\nofp\libgcc.a(divdf3.o)
                              main.o (__aeabi_ddiv)
C:\MCU_ARM\gcc-arm-none-eabi-10.3-2021.10\lib\gcc\arm-none-eabi\10.3.1\thumb\v6-m\nofp\libgcc.a(muldf3.o)
                              main.o (__aeabi_dmul)
C:\MCU_ARM\gcc-arm-none-eabi-10.3-2021.10\lib\gcc\arm-none-eabi\10.3.1\thumb\v6-m\nofp\libgcc.a(fixdfsi.o)
                              main.o (__aeabi_d2iz)
C:\MCU_ARM\gcc-arm-none-eabi-10.3-2021.10\lib\gcc\arm-none-eabi\10.3.1\thumb\v6-m\nofp\libgcc.a(floatsidf.o)
                              main.o (__aeabi_i2d)
C:\MCU_ARM\gcc-arm-none-eabi-10.3-2021.10\lib\gcc\arm-none-eabi\10.3.1\thumb\v6-m\nofp\libgcc.a(_udivsi3.o)
                              C:\MCU_ARM\gcc-arm-none-eabi-10.3-2021.10\lib\gcc\arm-none-eabi\10.3.1\thumb\v6-m\nofp\libgcc.a(divdf3.o) (__aeabi_uidivmod)
C:\MCU_ARM\gcc-arm-none-eabi-10.3-2021.10\lib\gcc\arm-none-eabi\10.3.1\thumb\v6-m\nofp\libgcc.a(_clzsi2.o)
                              C:\MCU_ARM\gcc-arm-none-eabi-10.3-2021.10\lib\gcc\arm-none-eabi\10.3.1\thumb\v6-m\nofp\libgcc.a(divdf3.o) (__clzsi2)
C:\MCU_ARM\gcc-arm-none-eabi-10.3-2021.10\arm-none-eabi\lib\thumb\v6-m\nofp\libc_nano.a(lib_a-nano-vfprintf_float.o)
                              (_printf_float)
C:\MCU_ARM\gcc-arm-none-eabi-10.3-2021.10\arm-none-eabi\lib\thumb\v6-m\nofp\libc_nano.a(lib_a-nano-vfprintf_i.o)
                              C:\MCU_ARM\gcc-arm-none-eabi-10.3-2021.10\arm-none-eabi\lib\thumb\v6-m\nofp\libc_nano.a(lib_a-nano-vfprintf_float.o) (_printf_common)
C:\MCU_ARM\gcc-arm-none-eabi-10.3-2021.10\arm-none-eabi\lib\thumb\v6-m\nofp\libc_nano.a(lib_a-printf.o)
                              main.o (printf)
C:\MCU_ARM\gcc-arm-none-eabi-10.3-2021.10\arm-none-eabi\lib\thumb\v6-m\nofp\libc_nano.a(lib_a-sprintf.o)
                              main.o (sprintf)
C:\MCU_ARM\gcc-arm-none-eabi-10.3-2021.10\arm-none-eabi\lib\thumb\v6-m\nofp\libc_nano.a(lib_a-strlen.o)
                              main.o (strlen)
C:\MCU_ARM\gcc-arm-none-eabi-10.3-2021.10\arm-none-eabi\lib\thumb\v6-m\nofp\libc_nano.a(lib_a-dtoa.o)
                              C:\MCU_ARM\gcc-arm-none-eabi-10.3-2021.10\arm-none-eabi\lib\thumb\v6-m\nofp\libc_nano.a(lib_a-nano-vfprintf_float.o) (_dtoa_r)
C:\MCU_ARM\gcc-arm-none-eabi-10.3-2021.10\arm-none-eabi\lib\thumb\v6-m\nofp\libc_nano.a(lib_a-findfp.o)
                              C:\MCU_ARM\gcc-arm-none-eabi-10.3-2021.10\arm-none-eabi\lib\thumb\v6-m\nofp\libc_nano.a(lib_a-printf.o) (__sinit)
C:\MCU_ARM\gcc-arm-none-eabi-10.3-2021.10\arm-none-eabi\lib\thumb\v6-m\nofp\libc_nano.a(lib_a-fwalk.o)
                              C:\MCU_ARM\gcc-arm-none-eabi-10.3-2021.10\arm-none-eabi\lib\thumb\v6-m\nofp\libc_nano.a(lib_a-findfp.o) (_fwalk)
C:\MCU_ARM\gcc-arm-none-eabi-10.3-2021.10\arm-none-eabi\lib\thumb\v6-m\nofp\libc_nano.a(lib_a-impure.o)
                              C:\MCU_ARM\gcc-arm-none-eabi-10.3-2021.10\arm-none-eabi\lib\thumb\v6-m\nofp\libc_nano.a(lib_a-findfp.o) (_global_impure_ptr)
C:\MCU_ARM\gcc-arm-none-eabi-10.3-2021.10\arm-none-eabi\lib\thumb\v6-m\nofp\libc_nano.a(lib_a-localeconv.o)
                              C:\MCU_ARM\gcc-arm-none-eabi-10.3-2021.10\arm-none-eabi\lib\thumb\v6-m\nofp\libc_nano.a(lib_a-nano-vfprintf_float.o) (_localeconv_r)
C:\MCU_ARM\gcc-arm-none-eabi-10.3-2021.10\arm-none-eabi\lib\thumb\v6-m\nofp\libc_nano.a(lib_a-lock.o)
                              C:\MCU_ARM\gcc-arm-none-eabi-10.3-2021.10\arm-none-eabi\lib\thumb\v6-m\nofp\libc_nano.a(lib_a-findfp.o) (__retarget_lock_init_recursive)
C:\MCU_ARM\gcc-arm-none-eabi-10.3-2021.10\arm-none-eabi\lib\thumb\v6-m\nofp\libc_nano.a(lib_a-malloc.o)
                              C:\MCU_ARM\gcc-arm-none-eabi-10.3-2021.10\arm-none-eabi\lib\thumb\v6-m\nofp\libc_nano.a(lib_a-dtoa.o) (malloc)
C:\MCU_ARM\gcc-arm-none-eabi-10.3-2021.10\arm-none-eabi\lib\thumb\v6-m\nofp\libc_nano.a(lib_a-memchr-stub.o)
                              C:\MCU_ARM\gcc-arm-none-eabi-10.3-2021.10\arm-none-eabi\lib\thumb\v6-m\nofp\libc_nano.a(lib_a-nano-vfprintf_i.o) (memchr)
C:\MCU_ARM\gcc-arm-none-eabi-10.3-2021.10\arm-none-eabi\lib\thumb\v6-m\nofp\libc_nano.a(lib_a-memcpy-stub.o)
                              C:\MCU_ARM\gcc-arm-none-eabi-10.3-2021.10\arm-none-eabi\lib\thumb\v6-m\nofp\libc_nano.a(lib_a-dtoa.o) (memcpy)
[...]
Memory Configuration

Name             Origin             Length             Attributes
flash            0x08000000         0x00010000
ram              0x20000000         0x00002000
*default*        0x00000000         0xffffffff

Linker script and memory map

LOAD main.o
LOAD lcd.o
LOAD adc.o
LOAD serial.o
LOAD UART2.o
LOAD startup.o
LOAD newlib_stubs.o
LOAD C:\MCU_ARM\gcc-arm-none-eabi-10.3-2021.10\arm-none-eabi\lib\thumb\v6-m\nofp\libnosys.a
LOAD C:\MCU_ARM\gcc-arm-none-eabi-10.3-2021.10\lib\gcc\arm-none-eabi\10.3.1\thumb\v6-m\nofp\libgcc.a
START GROUP
LOAD C:\MCU_ARM\gcc-arm-none-eabi-10.3-2021.10\lib\gcc\arm-none-eabi\10.3.1\thumb\v6-m\nofp\libgcc.a
LOAD C:\MCU_ARM\gcc-arm-none-eabi-10.3-2021.10\arm-none-eabi\lib\thumb\v6-m\nofp\libc_nano.a
LOAD C:\MCU_ARM\gcc-arm-none-eabi-10.3-2021.10\arm-none-eabi\lib\thumb\v6-m\nofp\libm.a
END GROUP

.text           0x08000000     0x7d74
 *(.vectors)
 .vectors       0x08000000       0xb8 startup.o
                0x08000000                Vectors
 *(.after_vectors*)
 .after_vectors
                0x080000b8       0x28 startup.o
                0x080000b8                ResetInit
 *(.text*)
 .text          0x080000e0      0x8ac main.o
                0x080000e0                TIM21_Handler
                0x0800010c                Set_Pin_Input
                0x080001ca                Set_Pin_Output
                0x08000280                Configure_Pins
                0x080003d4                Setbuzzer_freq
                0x080003fc                Buzzer
                0x08000470                SendATCommand
                0x080004e8                ReceptionOff
                0x08000540                LCD_Custom_Char
                0x08000590                main
 .text          0x0800098c      0x38c lcd.o
                0x0800098c                Delay_us
                0x080009ec                waitms
                0x08000a38                LCD_pulse
                0x08000a68                LCD_byte
                0x08000bea                WriteData
                0x08000c1e                WriteCommand
                0x08000c52                LCD_4BIT
                0x08000c9c                LCDprint
 .text          0x08000d18      0x10c adc.o
                0x08000d18                initADC
                0x08000db8                readADC
 .text          0x08000e24      0x5b4 serial.o
                0x08000e24                ReadCom
                0x08000e98                WriteCom
                0x08000f38                initUART
                0x08001088                USART1_Handler
                0x080010b4                usart_rx
                0x080010e4                usart_tx
                0x0800114c                PutBuf
                0x080011ae                GetBuf
                0x08001204                GetBufCount
                0x08001218                eputs
                0x08001254                eputc
                0x08001272                egetc
                0x0800128c                egets
                0x08001318                egetc_echo
                0x0800133e                egets_echo
 .text          0x080013d8      0x5c8 UART2.o
                0x080013d8                ReadCom2
                0x0800144c                WriteCom2
                0x080014ec                initUART2
                0x08001638                USART2_Handler
                0x08001664                usart_rx2
                0x08001694                usart_tx2
                0x080016fc                PutBuf2
                0x0800175e                GetBuf2
                0x080017b4                GetBufCount2
                0x080017c8                eputs2
                0x08001804                eputc2
                0x08001822                egetc2
                0x0800183c                egets2
                0x080018c8                ReceivedBytes2
                0x080018e0                egetc_echo2
                0x08001906                egets_echo2
 .text          0x080019a0      0x1a8 startup.o
                0x08001a18                initClock
                0x08001b20                EXTI2_3_Handler
                0x08001b20                SysTick_Handler
                0x08001b20                I2C1_Handler
                0x08001b20                PendSV_Handler
                0x08001b20                NMI_Handler
                0x08001b20                WWDG_Handler
                0x08001b20                RTC_Handler
                0x08001b20                EXTI4_15_Handler
                0x08001b20                TIM2_Handler
                0x08001b20                DMA_CH4_5_6_7_Handler
                0x08001b20                Default_Handler
                0x08001b20                LPUART1_Handler
                0x08001b20                FLASH_Handler
                0x08001b20                EXTI0_1_Handler
                0x08001b20                DMA_CH1_Handler
                0x08001b20                SPI2_Handler
                0x08001b20                DMA_CH2_3_Handler
                0x08001b20                I2C2_Handler
                0x08001b20                SVC_Handler
                0x08001b20                LPTIM1_Handler
                0x08001b20                SPI1_Handler
                0x08001b20                RCC_Handler
                0x08001b20                PVD_Handler
                0x08001b20                TIM6_Handler
                0x08001b20                TIM22_Handler
                0x08001b20                ADC_COMP_Handler
                0x08001b34                Hard_Fault_Handler
 .text          0x08001b48      0x29c newlib_stubs.o
                0x08001b48                _exit
                0x08001b52                _close
                0x08001b66                _execve
                0x08001b88                _fork
                0x08001ba0                _fstat
                0x08001bbc                _getpid
                0x08001bc8                _kill
                0x08001be8                _link
                0x08001c08                _lseek
                0x08001c1e                _stat
                0x08001c3a                _times
                0x08001c4e                _unlink
                0x08001c6c                _wait
                0x08001c8c                _isatty
                0x08001cb4                _sbrk
                0x08001d18                _read
                0x08001d90                _write
 .text          0x08001de4        0x0 C:\MCU_ARM\gcc-arm-none-eabi-10.3-2021.10\arm-none-eabi\lib\thumb\v6-m\nofp\libnosys.a(errno.o)
 .text          0x08001de4      0x1d4 C:\MCU_ARM\gcc-arm-none-eabi-10.3-2021.10\lib\gcc\arm-none-eabi\10.3.1\thumb\v6-m\nofp\libgcc.a(_divsi3.o)
                0x08001de4                __divsi3
                0x08001de4                __aeabi_idiv
                0x08001fb0                __aeabi_idivmod
 .text          0x08001fb8        0x4 C:\MCU_ARM\gcc-arm-none-eabi-10.3-2021.10\lib\gcc\arm-none-eabi\10.3.1\thumb\v6-m\nofp\libgcc.a(_dvmd_tls.o)
                0x08001fb8                __aeabi_idiv0
                0x08001fb8                __aeabi_ldiv0
 .text          0x08001fbc      0x5ec C:\MCU_ARM\gcc-arm-none-eabi-10.3-2021.10\lib\gcc\arm-none-eabi\10.3.1\thumb\v6-m\nofp\libgcc.a(divdf3.o)
                0x08001fbc                __aeabi_ddiv
 .text          0x080025a8      0x4d8 C:\MCU_ARM\gcc-arm-none-eabi-10.3-2021.10\lib\gcc\arm-none-eabi\10.3.1\thumb\v6-m\nofp\libgcc.a(muldf3.o)
                0x080025a8                __aeabi_dmul
 .text          0x08002a80       0x6c C:\MCU_ARM\gcc-arm-none-eabi-10.3-2021.10\lib\gcc\arm-none-eabi\10.3.1\thumb\v6-m\nofp\libgcc.a(fixdfsi.o)
                0x08002a80                __aeabi_d2iz
 .text          0x08002aec       0x60 C:\MCU_ARM\gcc-arm-none-eabi-10.3-2021.10\lib\gcc\arm-none-eabi\10.3.1\thumb\v6-m\nofp\libgcc.a(floatsidf.o)
                0x08002aec                __aeabi_i2d
 .text          0x08002b4c      0x114 C:\MCU_ARM\gcc-arm-none-eabi-10.3-2021.10\lib\gcc\arm-none-eabi\10.3.1\thumb\v6-m\nofp\libgcc.a(_udivsi3.o)
                0x08002b4c                __aeabi_uidiv
                0x08002b4c                __udivsi3
                0x08002c58                __aeabi_uidivmod
 .text          0x08002c60       0x3c C:\MCU_ARM\gcc-arm-none-eabi-10.3-2021.10\lib\gcc\arm-none-eabi\10.3.1\thumb\v6-m\nofp\libgcc.a(_clzsi2.o)
                0x08002c60                __clzsi2
 .text          0x08002c9c        0x0 C:\MCU_ARM\gcc-arm-none-eabi-10.3-2021.10\arm-none-eabi\lib\thumb\v6-m\nofp\libc_nano.a(lib_a-nano-vfprintf_float.o)
 .text.__cvt    0x08002c9c       0xc6 C:\MCU_ARM\gcc-arm-none-eabi-10.3-2021.10\arm-none-eabi\lib\thumb\v6-m\nofp\libc_nano.a(lib_a-nano-vfprintf_float.o)
                0x08002c9c                __cvt
 .text.__exponent
                0x08002d62       0x8e C:\MCU_ARM\gcc-arm-none-eabi-10.3-2021.10\arm-none-eabi\lib\thumb\v6-m\nofp\libc_nano.a(lib_a-nano-vfprintf_float.o)
                0x08002d62                __exponent
 .text._printf_float
                0x08002df0      0x484 C:\MCU_ARM\gcc-arm-none-eabi-10.3-2021.10\arm-none-eabi\lib\thumb\v6-m\nofp\libc_nano.a(lib_a-nano-vfprintf_float.o)
                0x08002df0                _printf_float
 .text          0x08003274        0x0 C:\MCU_ARM\gcc-arm-none-eabi-10.3-2021.10\arm-none-eabi\lib\thumb\v6-m\nofp\libc_nano.a(lib_a-nano-vfprintf_i.o)
 .text._printf_common
                0x08003274       0xde C:\MCU_ARM\gcc-arm-none-eabi-10.3-2021.10\arm-none-eabi\lib\thumb\v6-m\nofp\libc_nano.a(lib_a-nano-vfprintf_i.o)
                0x08003274                _printf_common
 *fill*         0x08003352        0x2 
 .text._printf_i
                0x08003354      0x224 C:\MCU_ARM\gcc-arm-none-eabi-10.3-2021.10\arm-none-eabi\lib\thumb\v6-m\nofp\libc_nano.a(lib_a-nano-vfprintf_i.o)
                0x08003354                _printf_i
 .text          0x08003578        0x0 C:\MCU_ARM\gcc-arm-none-eabi-10.3-2021.10\arm-none-eabi\lib\thumb\v6-m\nofp\libc_nano.a(lib_a-printf.o)
 .text._printf_r
                0x08003578       0x28 C:\MCU_ARM\gcc-arm-none-eabi-10.3-2021.10\arm-none-eabi\lib\thumb\v6-m\nofp\libc_nano.a(lib_a-printf.o)
                0x08003578                _iprintf_r
                0x08003578                _printf_r
 .text.printf   0x080035a0       0x34 C:\MCU_ARM\gcc-arm-none-eabi-10.3-2021.10\arm-none-eabi\lib\thumb\v6-m\nofp\libc_nano.a(lib_a-printf.o)
                0x080035a0                iprintf
                0x080035a0                printf
 .text          0x080035d4        0x0 C:\MCU_ARM\gcc-arm-none-eabi-10.3-2021.10\arm-none-eabi\lib\thumb\v6-m\nofp\libc_nano.a(lib_a-sprintf.o)
 .text._sprintf_r
                0x080035d4       0x38 C:\MCU_ARM\gcc-arm-none-eabi-10.3-2021.10\arm-none-eabi\lib\thumb\v6-m\nofp\libc_nano.a(lib_a-sprintf.o)
                0x080035d4                _sprintf_r
                0x080035d4                _siprintf_r
 .text.sprintf  0x0800360c       0x40 C:\MCU_ARM\gcc-arm-none-eabi-10.3-2021.10\arm-none-eabi\lib\thumb\v6-m\nofp\libc_nano.a(lib_a-sprintf.o)
                0x0800360c                siprintf
                0x0800360c                sprintf
 .text          0x0800364c        0xe C:\MCU_ARM\gcc-arm-none-eabi-10.3-2021.10\arm-none-eabi\lib\thumb\v6-m\nofp\libc_nano.a(lib_a-strlen.o)
                0x0800364c                strlen
 .text          0x0800365a        0x0 C:\MCU_ARM\gcc-arm-none-eabi-10.3-2021.10\arm-none-eabi\lib\thumb\v6-m\nofp\libc_nano.a(lib_a-dtoa.o)
 .text.quorem   0x0800365a      0x116 C:\MCU_ARM\gcc-arm-none-eabi-10.3-2021.10\arm-none-eabi\lib\thumb\v6-m\nofp\libc_nano.a(lib_a-dtoa.o)
 .text._dtoa_r  0x08003770      0xc34 C:\MCU_ARM\gcc-arm-none-eabi-10.3-2021.10\arm-none-eabi\lib\thumb\v6-m\nofp\libc_nano.a(lib_a-dtoa.o)
                0x08003770                _dtoa_r
 .text          0x080043a4        0x0 C:\MCU_ARM\gcc-arm-none-eabi-10.3-2021.10\arm-none-eabi\lib\thumb\v6-m\nofp\libc_nano.a(lib_a-findfp.o)
 .text.std      0x080043a4       0x48 C:\MCU_ARM\gcc-arm-none-eabi-10.3-2021.10\arm-none-eabi\lib\thumb\v6-m\nofp\libc_nano.a(lib_a-findfp.o)
 .text._cleanup_r
                0x080043ec       0x10 C:\MCU_ARM\gcc-arm-none-eabi-10.3-2021.10\arm-none-eabi\lib\thumb\v6-m\nofp\libc_nano.a(lib_a-findfp.o)
                0x080043ec                _cleanup_r
 .text.__fp_lock
                0x080043fc       0x18 C:\MCU_ARM\gcc-arm-none-eabi-10.3-2021.10\arm-none-eabi\lib\thumb\v6-m\nofp\libc_nano.a(lib_a-findfp.o)
 .text.__fp_unlock
                0x08004414       0x18 C:\MCU_ARM\gcc-arm-none-eabi-10.3-2021.10\arm-none-eabi\lib\thumb\v6-m\nofp\libc_nano.a(lib_a-findfp.o)
 .text.__sfmoreglue
                0x0800442c       0x2c C:\MCU_ARM\gcc-arm-none-eabi-10.3-2021.10\arm-none-eabi\lib\thumb\v6-m\nofp\libc_nano.a(lib_a-findfp.o)
                0x0800442c                __sfmoreglue
 .text._cleanup
                0x08004458       0x10 C:\MCU_ARM\gcc-arm-none-eabi-10.3-2021.10\arm-none-eabi\lib\thumb\v6-m\nofp\libc_nano.a(lib_a-findfp.o)
                0x08004458                _cleanup
 .text.__sfp_lock_acquire
                0x08004468       0x10 C:\MCU_ARM\gcc-arm-none-eabi-10.3-2021.10\arm-none-eabi\lib\thumb\v6-m\nofp\libc_nano.a(lib_a-findfp.o)
                0x08004468                __sfp_lock_acquire
 .text.__sfp_lock_release
                0x08004478       0x10 C:\MCU_ARM\gcc-arm-none-eabi-10.3-2021.10\arm-none-eabi\lib\thumb\v6-m\nofp\libc_nano.a(lib_a-findfp.o)
                0x08004478                __sfp_lock_release
 .text.__sinit_lock_acquire
                0x08004488       0x10 C:\MCU_ARM\gcc-arm-none-eabi-10.3-2021.10\arm-none-eabi\lib\thumb\v6-m\nofp\libc_nano.a(lib_a-findfp.o)
                0x08004488                __sinit_lock_acquire
 .text.__sinit_lock_release
                0x08004498       0x10 C:\MCU_ARM\gcc-arm-none-eabi-10.3-2021.10\arm-none-eabi\lib\thumb\v6-m\nofp\libc_nano.a(lib_a-findfp.o)
                0x08004498                __sinit_lock_release
 .text.__sinit  0x080044a8       0x70 C:\MCU_ARM\gcc-arm-none-eabi-10.3-2021.10\arm-none-eabi\lib\thumb\v6-m\nofp\libc_nano.a(lib_a-findfp.o)
                0x080044a8                __sinit
 .text.__sfp    0x08004518       0x90 C:\MCU_ARM\gcc-arm-none-eabi-10.3-2021.10\arm-none-eabi\lib\thumb\v6-m\nofp\libc_nano.a(lib_a-findfp.o)
                0x08004518                __sfp
 .text.__fp_lock_all
                0x080045a8       0x1c C:\MCU_ARM\gcc-arm-none-eabi-10.3-2021.10\arm-none-eabi\lib\thumb\v6-m\nofp\libc_nano.a(lib_a-findfp.o)
                0x080045a8                __fp_lock_all
 .text.__fp_unlock_all
                0x080045c4       0x1c C:\MCU_ARM\gcc-arm-none-eabi-10.3-2021.10\arm-none-eabi\lib\thumb\v6-m\nofp\libc_nano.a(lib_a-findfp.o)
                0x080045c4                __fp_unlock_all
 .text          0x080045e0        0x0 C:\MCU_ARM\gcc-arm-none-eabi-10.3-2021.10\arm-none-eabi\lib\thumb\v6-m\nofp\libc_nano.a(lib_a-fwalk.o)
 .text._fwalk   0x080045e0       0x36 C:\MCU_ARM\gcc-arm-none-eabi-10.3-2021.10\arm-none-eabi\lib\thumb\v6-m\nofp\libc_nano.a(lib_a-fwalk.o)
                0x080045e0                _fwalk
 .text._fwalk_reent
                0x08004616       0x40 C:\MCU_ARM\gcc-arm-none-eabi-10.3-2021.10\arm-none-eabi\lib\thumb\v6-m\nofp\libc_nano.a(lib_a-fwalk.o)
                0x08004616                _fwalk_reent
 .text          0x08004656        0x0 C:\MCU_ARM\gcc-arm-none-eabi-10.3-2021.10\arm-none-eabi\lib\thumb\v6-m\nofp\libc_nano.a(lib_a-impure.o)
 .text          0x08004656        0x0 C:\MCU_ARM\gcc-arm-none-eabi-10.3-2021.10\arm-none-eabi\lib\thumb\v6-m\nofp\libc_nano.a(lib_a-localeconv.o)
 .text.__localeconv_l
                0x08004656        0x4 C:\MCU_ARM\gcc-arm-none-eabi-10.3-2021.10\arm-none-eabi\lib\thumb\v6-m\nofp\libc_nano.a(lib_a-localeconv.o)
                0x08004656                __localeconv_l
 *fill*         0x0800465a        0x2 
 .text._localeconv_r
                0x0800465c        0x8 C:\MCU_ARM\gcc-arm-none-eabi-10.3-2021.10\arm-none-eabi\lib\thumb\v6-m\nofp\libc_nano.a(lib_a-localeconv.o)
                0x0800465c                _localeconv_r
 .text.localeconv
                0x08004664        0x8 C:\MCU_ARM\gcc-arm-none-eabi-10.3-2021.10\arm-none-eabi\lib\thumb\v6-m\nofp\libc_nano.a(lib_a-localeconv.o)
                0x08004664                localeconv
 .text          0x0800466c        0x0 C:\MCU_ARM\gcc-arm-none-eabi-10.3-2021.10\arm-none-eabi\lib\thumb\v6-m\nofp\libc_nano.a(lib_a-lock.o)
 .text.__retarget_lock_init
                0x0800466c        0x2 C:\MCU_ARM\gcc-arm-none-eabi-10.3-2021.10\arm-none-eabi\lib\thumb\v6-m\nofp\libc_nano.a(lib_a-lock.o)
                0x0800466c                __retarget_lock_init
 .text.__retarget_lock_init_recursive
                0x0800466e        0x2 C:\MCU_ARM\gcc-arm-none-eabi-10.3-2021.10\arm-none-eabi\lib\thumb\v6-m\nofp\libc_nano.a(lib_a-lock.o)
                0x0800466e                __retarget_lock_init_recursive
 .text.__retarget_lock_close
                0x08004670        0x2 C:\MCU_ARM\gcc-arm-none-eabi-10.3-2021.10\arm-none-eabi\lib\thumb\v6-m\nofp\libc_nano.a(lib_a-lock.o)
                0x08004670                __retarget_lock_close
 .text.__retarget_lock_close_recursive
                0x08004672        0x2 C:\MCU_ARM\gcc-arm-none-eabi-10.3-2021.10\arm-none-eabi\lib\thumb\v6-m\nofp\libc_nano.a(lib_a-lock.o)
                0x08004672                __retarget_lock_close_recursive
 .text.__retarget_lock_acquire
                0x08004674        0x2 C:\MCU_ARM\gcc-arm-none-eabi-10.3-2021.10\arm-none-eabi\lib\thumb\v6-m\nofp\libc_nano.a(lib_a-lock.o)
                0x08004674                __retarget_lock_acquire
 .text.__retarget_lock_acquire_recursive
                0x08004676        0x2 C:\MCU_ARM\gcc-arm-none-eabi-10.3-2021.10\arm-none-eabi\lib\thumb\v6-m\nofp\libc_nano.a(lib_a-lock.o)
                0x08004676                __retarget_lock_acquire_recursive
 .text.__retarget_lock_try_acquire
                0x08004678        0x4 C:\MCU_ARM\gcc-arm-none-eabi-10.3-2021.10\arm-none-eabi\lib\thumb\v6-m\nofp\libc_nano.a(lib_a-lock.o)
                0x08004678                __retarget_lock_try_acquire
 .text.__retarget_lock_try_acquire_recursive
                0x0800467c        0x4 C:\MCU_ARM\gcc-arm-none-eabi-10.3-2021.10\arm-none-eabi\lib\thumb\v6-m\nofp\libc_nano.a(lib_a-lock.o)
                0x0800467c                __retarget_lock_try_acquire_recursive
 .text.__retarget_lock_release
                0x08004680        0x2 C:\MCU_ARM\gcc-arm-none-eabi-10.3-2021.10\arm-none-eabi\lib\thumb\v6-m\nofp\libc_nano.a(lib_a-lock.o)
                0x08004680                __retarget_lock_release
 .text.__retarget_lock_release_recursive
                0x08004682        0x2 C:\MCU_ARM\gcc-arm-none-eabi-10.3-2021.10\arm-none-eabi\lib\thumb\v6-m\nofp\libc_nano.a(lib_a-lock.o)
                0x08004682                __retarget_lock_release_recursive
 .text          0x08004684        0x0 C:\MCU_ARM\gcc-arm-none-eabi-10.3-2021.10\arm-none-eabi\lib\thumb\v6-m\nofp\libc_nano.a(lib_a-malloc.o)
 .text.malloc   0x08004684       0x14 C:\MCU_ARM\gcc-arm-none-eabi-10.3-2021.10\arm-none-eabi\lib\thumb\v6-m\nofp\libc_nano.a(lib_a-malloc.o)
                0x08004684                malloc
 .text.free     0x08004698       0x14 C:\MCU_ARM\gcc-arm-none-eabi-10.3-2021.10\arm-none-eabi\lib\thumb\v6-m\nofp\libc_nano.a(lib_a-malloc.o)
                0x08004698                free
 .text          0x080046ac        0x0 C:\MCU_ARM\gcc-arm-none-eabi-10.3-2021.10\arm-none-eabi\lib\thumb\v6-m\nofp\libc_nano.a(lib_a-memchr-stub.o)
 .text.memchr   0x080046ac       0x16 C:\MCU_ARM\gcc-arm-none-eabi-10.3-2021.10\arm-none-eabi\lib\thumb\v6-m\nofp\libc_nano.a(lib_a-memchr-stub.o)
                0x080046ac                memchr
 .text          0x080046c2        0x0 C:\MCU_ARM\gcc-arm-none-eabi-10.3-2021.10\arm-none-eabi\lib\thumb\v6-m\nofp\libc_nano.a(lib_a-memcpy-stub.o)
 .text.memcpy   0x080046c2       0x12 C:\MCU_ARM\gcc-arm-none-eabi-10.3-2021.10\arm-none-eabi\lib\thumb\v6-m\nofp\libc_nano.a(lib_a-memcpy-stub.o)
                0x080046c2                memcpy
 .text          0x080046d4        0x0 C:\MCU_ARM\gcc-arm-none-eabi-10.3-2021.10\arm-none-eabi\lib\thumb\v6-m\nofp\libc_nano.a(lib_a-memset.o)
 .text.memset   0x080046d4       0x10 C:\MCU_ARM\gcc-arm-none-eabi-10.3-2021.10\arm-none-eabi\lib\thumb\v6-m\nofp\libc_nano.a(lib_a-memset.o)
                0x080046d4                memset
 .text          0x080046e4        0x0 C:\MCU_ARM\gcc-arm-none-eabi-10.3-2021.10\arm-none-eabi\lib\thumb\v6-m\nofp\libc_nano.a(lib_a-mprec.o)
 .text._Balloc  0x080046e4       0x88 C:\MCU_ARM\gcc-arm-none-eabi-10.3-2021.10\arm-none-eabi\lib\thumb\v6-m\nofp\libc_nano.a(lib_a-mprec.o)
                0x080046e4                _Balloc
 .text._Bfree   0x0800476c       0x48 C:\MCU_ARM\gcc-arm-none-eabi-10.3-2021.10\arm-none-eabi\lib\thumb\v6-m\nofp\libc_nano.a(lib_a-mprec.o)
                0x0800476c                _Bfree
 .text.__multadd
                0x080047b4       0x88 C:\MCU_ARM\gcc-arm-none-eabi-10.3-2021.10\arm-none-eabi\lib\thumb\v6-m\nofp\libc_nano.a(lib_a-mprec.o)
                0x080047b4                __multadd
 .text.__s2b    0x0800483c       0x98 C:\MCU_ARM\gcc-arm-none-eabi-10.3-2021.10\arm-none-eabi\lib\thumb\v6-m\nofp\libc_nano.a(lib_a-mprec.o)
                0x0800483c                __s2b
 .text.__hi0bits
                0x080048d4       0x34 C:\MCU_ARM\gcc-arm-none-eabi-10.3-2021.10\arm-none-eabi\lib\thumb\v6-m\nofp\libc_nano.a(lib_a-mprec.o)
                0x080048d4                __hi0bits
 .text.__lo0bits
                0x08004908       0x5c C:\MCU_ARM\gcc-arm-none-eabi-10.3-2021.10\arm-none-eabi\lib\thumb\v6-m\nofp\libc_nano.a(lib_a-mprec.o)
                0x08004908                __lo0bits
 .text.__i2b    0x08004964       0x2c C:\MCU_ARM\gcc-arm-none-eabi-10.3-2021.10\arm-none-eabi\lib\thumb\v6-m\nofp\libc_nano.a(lib_a-mprec.o)
                0x08004964                __i2b
 .text.__multiply
                0x08004990      0x160 C:\MCU_ARM\gcc-arm-none-eabi-10.3-2021.10\arm-none-eabi\lib\thumb\v6-m\nofp\libc_nano.a(lib_a-mprec.o)
                0x08004990                __multiply
 .text.__pow5mult
                0x08004af0       0xb8 C:\MCU_ARM\gcc-arm-none-eabi-10.3-2021.10\arm-none-eabi\lib\thumb\v6-m\nofp\libc_nano.a(lib_a-mprec.o)
                0x08004af0                __pow5mult
 .text.__lshift
                0x08004ba8       0xdc C:\MCU_ARM\gcc-arm-none-eabi-10.3-2021.10\arm-none-eabi\lib\thumb\v6-m\nofp\libc_nano.a(lib_a-mprec.o)
                0x08004ba8                __lshift
 .text.__mcmp   0x08004c84       0x36 C:\MCU_ARM\gcc-arm-none-eabi-10.3-2021.10\arm-none-eabi\lib\thumb\v6-m\nofp\libc_nano.a(lib_a-mprec.o)
                0x08004c84                __mcmp
 *fill*         0x08004cba        0x2 
 .text.__mdiff  0x08004cbc      0x130 C:\MCU_ARM\gcc-arm-none-eabi-10.3-2021.10\arm-none-eabi\lib\thumb\v6-m\nofp\libc_nano.a(lib_a-mprec.o)
                0x08004cbc                __mdiff
 .text.__ulp    0x08004dec       0x48 C:\MCU_ARM\gcc-arm-none-eabi-10.3-2021.10\arm-none-eabi\lib\thumb\v6-m\nofp\libc_nano.a(lib_a-mprec.o)
                0x08004dec                __ulp
 .text.__b2d    0x08004e34       0xa0 C:\MCU_ARM\gcc-arm-none-eabi-10.3-2021.10\arm-none-eabi\lib\thumb\v6-m\nofp\libc_nano.a(lib_a-mprec.o)
                0x08004e34                __b2d
 .text.__d2b    0x08004ed4       0xc8 C:\MCU_ARM\gcc-arm-none-eabi-10.3-2021.10\arm-none-eabi\lib\thumb\v6-m\nofp\libc_nano.a(lib_a-mprec.o)
                0x08004ed4                __d2b
 .text.__ratio  0x08004f9c       0x52 C:\MCU_ARM\gcc-arm-none-eabi-10.3-2021.10\arm-none-eabi\lib\thumb\v6-m\nofp\libc_nano.a(lib_a-mprec.o)
                0x08004f9c                __ratio
 *fill*         0x08004fee        0x2 
 .text._mprec_log10
                0x08004ff0       0x34 C:\MCU_ARM\gcc-arm-none-eabi-10.3-2021.10\arm-none-eabi\lib\thumb\v6-m\nofp\libc_nano.a(lib_a-mprec.o)
                0x08004ff0                _mprec_log10
 .text.__copybits
                0x08005024       0x42 C:\MCU_ARM\gcc-arm-none-eabi-10.3-2021.10\arm-none-eabi\lib\thumb\v6-m\nofp\libc_nano.a(lib_a-mprec.o)
                0x08005024                __copybits
 .text.__any_on
                0x08005066       0x46 C:\MCU_ARM\gcc-arm-none-eabi-10.3-2021.10\arm-none-eabi\lib\thumb\v6-m\nofp\libc_nano.a(lib_a-mprec.o)
                0x08005066                __any_on
 .text          0x080050ac        0x0 C:\MCU_ARM\gcc-arm-none-eabi-10.3-2021.10\arm-none-eabi\lib\thumb\v6-m\nofp\libc_nano.a(lib_a-nano-callocr.o)
 .text._calloc_r
                0x080050ac       0x58 C:\MCU_ARM\gcc-arm-none-eabi-10.3-2021.10\arm-none-eabi\lib\thumb\v6-m\nofp\libc_nano.a(lib_a-nano-callocr.o)
                0x080050ac                _calloc_r
 .text          0x08005104        0x0 C:\MCU_ARM\gcc-arm-none-eabi-10.3-2021.10\arm-none-eabi\lib\thumb\v6-m\nofp\libc_nano.a(lib_a-nano-freer.o)
 .text._free_r  0x08005104       0x94 C:\MCU_ARM\gcc-arm-none-eabi-10.3-2021.10\arm-none-eabi\lib\thumb\v6-m\nofp\libc_nano.a(lib_a-nano-freer.o)
                0x08005104                _free_r
 .text          0x08005198        0x0 C:\MCU_ARM\gcc-arm-none-eabi-10.3-2021.10\arm-none-eabi\lib\thumb\v6-m\nofp\libc_nano.a(lib_a-nano-mallocr.o)
 .text.sbrk_aligned
                0x08005198       0x44 C:\MCU_ARM\gcc-arm-none-eabi-10.3-2021.10\arm-none-eabi\lib\thumb\v6-m\nofp\libc_nano.a(lib_a-nano-mallocr.o)
 .text._malloc_r
                0x080051dc       0xec C:\MCU_ARM\gcc-arm-none-eabi-10.3-2021.10\arm-none-eabi\lib\thumb\v6-m\nofp\libc_nano.a(lib_a-nano-mallocr.o)
                0x080051dc                _malloc_r
 .text          0x080052c8        0x0 C:\MCU_ARM\gcc-arm-none-eabi-10.3-2021.10\arm-none-eabi\lib\thumb\v6-m\nofp\libc_nano.a(lib_a-nano-svfprintf.o)
 .text.__ssputs_r
                0x080052c8       0xc4 C:\MCU_ARM\gcc-arm-none-eabi-10.3-2021.10\arm-none-eabi\lib\thumb\v6-m\nofp\libc_nano.a(lib_a-nano-svfprintf.o)
                0x080052c8                __ssputs_r
 .text.__ssprint_r
                0x0800538c      0x100 C:\MCU_ARM\gcc-arm-none-eabi-10.3-2021.10\arm-none-eabi\lib\thumb\v6-m\nofp\libc_nano.a(lib_a-nano-svfprintf.o)
                0x0800538c                __ssprint_r
 .text._svfprintf_r
                0x0800548c      0x200 C:\MCU_ARM\gcc-arm-none-eabi-10.3-2021.10\arm-none-eabi\lib\thumb\v6-m\nofp\libc_nano.a(lib_a-nano-svfprintf.o)
                0x0800548c                _svfiprintf_r
                0x0800548c                _svfprintf_r
 .text          0x0800568c        0x0 C:\MCU_ARM\gcc-arm-none-eabi-10.3-2021.10\arm-none-eabi\lib\thumb\v6-m\nofp\libc_nano.a(lib_a-nano-vfprintf.o)
 .text.__sfputc_r
                0x0800568c       0x2a C:\MCU_ARM\gcc-arm-none-eabi-10.3-2021.10\arm-none-eabi\lib\thumb\v6-m\nofp\libc_nano.a(lib_a-nano-vfprintf.o)
 .text.__sfputs_r
                0x080056b6       0x24 C:\MCU_ARM\gcc-arm-none-eabi-10.3-2021.10\arm-none-eabi\lib\thumb\v6-m\nofp\libc_nano.a(lib_a-nano-vfprintf.o)
                0x080056b6                __sfputs_r
 .text.__sprint_r
                0x080056da       0x1c C:\MCU_ARM\gcc-arm-none-eabi-10.3-2021.10\arm-none-eabi\lib\thumb\v6-m\nofp\libc_nano.a(lib_a-nano-vfprintf.o)
                0x080056da                __sprint_r
 *fill*         0x080056f6        0x2 
 .text._vfprintf_r
                0x080056f8      0x274 C:\MCU_ARM\gcc-arm-none-eabi-10.3-2021.10\arm-none-eabi\lib\thumb\v6-m\nofp\libc_nano.a(lib_a-nano-vfprintf.o)
                0x080056f8                _vfprintf_r
                0x080056f8                _vfiprintf_r
 .text.vfprintf
                0x0800596c       0x18 C:\MCU_ARM\gcc-arm-none-eabi-10.3-2021.10\arm-none-eabi\lib\thumb\v6-m\nofp\libc_nano.a(lib_a-nano-vfprintf.o)
                0x0800596c                vfprintf
                0x0800596c                vfiprintf
 .text          0x08005984        0x0 C:\MCU_ARM\gcc-arm-none-eabi-10.3-2021.10\arm-none-eabi\lib\thumb\v6-m\nofp\libc_nano.a(lib_a-sbrkr.o)
 .text._sbrk_r  0x08005984       0x24 C:\MCU_ARM\gcc-arm-none-eabi-10.3-2021.10\arm-none-eabi\lib\thumb\v6-m\nofp\libc_nano.a(lib_a-sbrkr.o)
                0x08005984                _sbrk_r
 .text          0x080059a8        0x0 C:\MCU_ARM\gcc-arm-none-eabi-10.3-2021.10\arm-none-eabi\lib\thumb\v6-m\nofp\libc_nano.a(lib_a-stdio.o)
 .text.__sread  0x080059a8       0x28 C:\MCU_ARM\gcc-arm-none-eabi-10.3-2021.10\arm-none-eabi\lib\thumb\v6-m\nofp\libc_nano.a(lib_a-stdio.o)
                0x080059a8                __sread
 .text.__seofread
                0x080059d0        0x4 C:\MCU_ARM\gcc-arm-none-eabi-10.3-2021.10\arm-none-eabi\lib\thumb\v6-m\nofp\libc_nano.a(lib_a-stdio.o)
                0x080059d0                __seofread
 .text.__swrite
                0x080059d4       0x38 C:\MCU_ARM\gcc-arm-none-eabi-10.3-2021.10\arm-none-eabi\lib\thumb\v6-m\nofp\libc_nano.a(lib_a-stdio.o)
                0x080059d4                __swrite
 .text.__sseek  0x08005a0c       0x2c C:\MCU_ARM\gcc-arm-none-eabi-10.3-2021.10\arm-none-eabi\lib\thumb\v6-m\nofp\libc_nano.a(lib_a-stdio.o)
                0x08005a0c                __sseek
 .text.__sclose
                0x08005a38        0xc C:\MCU_ARM\gcc-arm-none-eabi-10.3-2021.10\arm-none-eabi\lib\thumb\v6-m\nofp\libc_nano.a(lib_a-stdio.o)
                0x08005a38                __sclose
 .text          0x08005a44        0x0 C:\MCU_ARM\gcc-arm-none-eabi-10.3-2021.10\arm-none-eabi\lib\thumb\v6-m\nofp\libc_nano.a(lib_a-wbuf.o)
 .text.__swbuf_r
                0x08005a44       0xac C:\MCU_ARM\gcc-arm-none-eabi-10.3-2021.10\arm-none-eabi\lib\thumb\v6-m\nofp\libc_nano.a(lib_a-wbuf.o)
                0x08005a44                __swbuf_r
 .text.__swbuf  0x08005af0       0x14 C:\MCU_ARM\gcc-arm-none-eabi-10.3-2021.10\arm-none-eabi\lib\thumb\v6-m\nofp\libc_nano.a(lib_a-wbuf.o)
                0x08005af0                __swbuf
 .text          0x08005b04        0x0 C:\MCU_ARM\gcc-arm-none-eabi-10.3-2021.10\arm-none-eabi\lib\thumb\v6-m\nofp\libc_nano.a(lib_a-writer.o)
 .text._write_r
                0x08005b04       0x28 C:\MCU_ARM\gcc-arm-none-eabi-10.3-2021.10\arm-none-eabi\lib\thumb\v6-m\nofp\libc_nano.a(lib_a-writer.o)
                0x08005b04                _write_r
 .text          0x08005b2c        0x0 C:\MCU_ARM\gcc-arm-none-eabi-10.3-2021.10\arm-none-eabi\lib\thumb\v6-m\nofp\libc_nano.a(lib_a-wsetup.o)
 .text.__swsetup_r
                0x08005b2c       0xf0 C:\MCU_ARM\gcc-arm-none-eabi-10.3-2021.10\arm-none-eabi\lib\thumb\v6-m\nofp\libc_nano.a(lib_a-wsetup.o)
                0x08005b2c                __swsetup_r
 .text          0x08005c1c        0x0 C:\MCU_ARM\gcc-arm-none-eabi-10.3-2021.10\arm-none-eabi\lib\thumb\v6-m\nofp\libc_nano.a(lib_a-assert.o)
 .text.__assert_func
                0x08005c1c       0x3c C:\MCU_ARM\gcc-arm-none-eabi-10.3-2021.10\arm-none-eabi\lib\thumb\v6-m\nofp\libc_nano.a(lib_a-assert.o)
                0x08005c1c                __assert_func
 .text.__assert
                0x08005c58        0xa C:\MCU_ARM\gcc-arm-none-eabi-10.3-2021.10\arm-none-eabi\lib\thumb\v6-m\nofp\libc_nano.a(lib_a-assert.o)
                0x08005c58                __assert
 .text          0x08005c62        0x0 C:\MCU_ARM\gcc-arm-none-eabi-10.3-2021.10\arm-none-eabi\lib\thumb\v6-m\nofp\libc_nano.a(lib_a-closer.o)
 *fill*         0x08005c62        0x2 
 .text._close_r
                0x08005c64       0x24 C:\MCU_ARM\gcc-arm-none-eabi-10.3-2021.10\arm-none-eabi\lib\thumb\v6-m\nofp\libc_nano.a(lib_a-closer.o)
                0x08005c64                _close_r
 .text          0x08005c88        0x0 C:\MCU_ARM\gcc-arm-none-eabi-10.3-2021.10\arm-none-eabi\lib\thumb\v6-m\nofp\libc_nano.a(lib_a-fflush.o)
 .text.__sflush_r
                0x08005c88      0x118 C:\MCU_ARM\gcc-arm-none-eabi-10.3-2021.10\arm-none-eabi\lib\thumb\v6-m\nofp\libc_nano.a(lib_a-fflush.o)
                0x08005c88                __sflush_r
 .text._fflush_r
                0x08005da0       0x80 C:\MCU_ARM\gcc-arm-none-eabi-10.3-2021.10\arm-none-eabi\lib\thumb\v6-m\nofp\libc_nano.a(lib_a-fflush.o)
                0x08005da0                _fflush_r
 .text.fflush   0x08005e20       0x2c C:\MCU_ARM\gcc-arm-none-eabi-10.3-2021.10\arm-none-eabi\lib\thumb\v6-m\nofp\libc_nano.a(lib_a-fflush.o)
                0x08005e20                fflush
 .text          0x08005e4c        0x0 C:\MCU_ARM\gcc-arm-none-eabi-10.3-2021.10\arm-none-eabi\lib\thumb\v6-m\nofp\libc_nano.a(lib_a-fprintf.o)
 .text._fprintf_r
                0x08005e4c       0x16 C:\MCU_ARM\gcc-arm-none-eabi-10.3-2021.10\arm-none-eabi\lib\thumb\v6-m\nofp\libc_nano.a(lib_a-fprintf.o)
                0x08005e4c                _fiprintf_r
                0x08005e4c                _fprintf_r
 *fill*         0x08005e62        0x2 
 .text.fprintf  0x08005e64       0x20 C:\MCU_ARM\gcc-arm-none-eabi-10.3-2021.10\arm-none-eabi\lib\thumb\v6-m\nofp\libc_nano.a(lib_a-fprintf.o)
                0x08005e64                fiprintf
                0x08005e64                fprintf
 .text          0x08005e84        0x0 C:\MCU_ARM\gcc-arm-none-eabi-10.3-2021.10\arm-none-eabi\lib\thumb\v6-m\nofp\libc_nano.a(lib_a-fvwrite.o)
 .text.__sfvwrite_r
                0x08005e84      0x2d0 C:\MCU_ARM\gcc-arm-none-eabi-10.3-2021.10\arm-none-eabi\lib\thumb\v6-m\nofp\libc_nano.a(lib_a-fvwrite.o)
                0x08005e84                __sfvwrite_r
 .text          0x08006154        0x0 C:\MCU_ARM\gcc-arm-none-eabi-10.3-2021.10\arm-none-eabi\lib\thumb\v6-m\nofp\libc_nano.a(lib_a-locale.o)
 .text._setlocale_r
                0x08006154       0x40 C:\MCU_ARM\gcc-arm-none-eabi-10.3-2021.10\arm-none-eabi\lib\thumb\v6-m\nofp\libc_nano.a(lib_a-locale.o)
                0x08006154                _setlocale_r
 .text.__locale_mb_cur_max
                0x08006194       0x10 C:\MCU_ARM\gcc-arm-none-eabi-10.3-2021.10\arm-none-eabi\lib\thumb\v6-m\nofp\libc_nano.a(lib_a-locale.o)
                0x08006194                __locale_mb_cur_max
 .text.setlocale
                0x080061a4       0x14 C:\MCU_ARM\gcc-arm-none-eabi-10.3-2021.10\arm-none-eabi\lib\thumb\v6-m\nofp\libc_nano.a(lib_a-locale.o)
                0x080061a4                setlocale
 .text          0x080061b8        0x0 C:\MCU_ARM\gcc-arm-none-eabi-10.3-2021.10\arm-none-eabi\lib\thumb\v6-m\nofp\libc_nano.a(lib_a-lseekr.o)
 .text._lseek_r
                0x080061b8       0x28 C:\MCU_ARM\gcc-arm-none-eabi-10.3-2021.10\arm-none-eabi\lib\thumb\v6-m\nofp\libc_nano.a(lib_a-lseekr.o)
                0x080061b8                _lseek_r
 .text          0x080061e0        0x0 C:\MCU_ARM\gcc-arm-none-eabi-10.3-2021.10\arm-none-eabi\lib\thumb\v6-m\nofp\libc_nano.a(lib_a-makebuf.o)
 .text.__swhatbuf_r
                0x080061e0       0x50 C:\MCU_ARM\gcc-arm-none-eabi-10.3-2021.10\arm-none-eabi\lib\thumb\v6-m\nofp\libc_nano.a(lib_a-makebuf.o)
                0x080061e0                __swhatbuf_r
 .text.__smakebuf_r
                0x08006230       0x88 C:\MCU_ARM\gcc-arm-none-eabi-10.3-2021.10\arm-none-eabi\lib\thumb\v6-m\nofp\libc_nano.a(lib_a-makebuf.o)
                0x08006230                __smakebuf_r
 .text          0x080062b8        0x0 C:\MCU_ARM\gcc-arm-none-eabi-10.3-2021.10\arm-none-eabi\lib\thumb\v6-m\nofp\libc_nano.a(lib_a-mbtowc_r.o)
 .text._mbtowc_r
                0x080062b8       0x14 C:\MCU_ARM\gcc-arm-none-eabi-10.3-2021.10\arm-none-eabi\lib\thumb\v6-m\nofp\libc_nano.a(lib_a-mbtowc_r.o)
                0x080062b8                _mbtowc_r
 .text.__ascii_mbtowc
                0x080062cc       0x24 C:\MCU_ARM\gcc-arm-none-eabi-10.3-2021.10\arm-none-eabi\lib\thumb\v6-m\nofp\libc_nano.a(lib_a-mbtowc_r.o)
                0x080062cc                __ascii_mbtowc
 .text          0x080062f0        0x0 C:\MCU_ARM\gcc-arm-none-eabi-10.3-2021.10\arm-none-eabi\lib\thumb\v6-m\nofp\libc_nano.a(lib_a-memmove.o)
 .text.memmove  0x080062f0       0x26 C:\MCU_ARM\gcc-arm-none-eabi-10.3-2021.10\arm-none-eabi\lib\thumb\v6-m\nofp\libc_nano.a(lib_a-memmove.o)
                0x080062f0                memmove
 .text          0x08006316        0x0 C:\MCU_ARM\gcc-arm-none-eabi-10.3-2021.10\arm-none-eabi\lib\thumb\v6-m\nofp\libc_nano.a(lib_a-mlock.o)
 *fill*         0x08006316        0x2 
 .text.__malloc_lock
                0x08006318       0x10 C:\MCU_ARM\gcc-arm-none-eabi-10.3-2021.10\arm-none-eabi\lib\thumb\v6-m\nofp\libc_nano.a(lib_a-mlock.o)
                0x08006318                __malloc_lock
 .text.__malloc_unlock
                0x08006328       0x10 C:\MCU_ARM\gcc-arm-none-eabi-10.3-2021.10\arm-none-eabi\lib\thumb\v6-m\nofp\libc_nano.a(lib_a-mlock.o)
                0x08006328                __malloc_unlock
 .text          0x08006338        0x0 C:\MCU_ARM\gcc-arm-none-eabi-10.3-2021.10\arm-none-eabi\lib\thumb\v6-m\nofp\libc_nano.a(lib_a-nano-reallocr.o)
 .text._realloc_r
                0x08006338       0x5e C:\MCU_ARM\gcc-arm-none-eabi-10.3-2021.10\arm-none-eabi\lib\thumb\v6-m\nofp\libc_nano.a(lib_a-nano-reallocr.o)
                0x08006338                _realloc_r
 .text          0x08006396        0x0 C:\MCU_ARM\gcc-arm-none-eabi-10.3-2021.10\arm-none-eabi\lib\thumb\v6-m\nofp\libc_nano.a(lib_a-readr.o)
 *fill*         0x08006396        0x2 
 .text._read_r  0x08006398       0x28 C:\MCU_ARM\gcc-arm-none-eabi-10.3-2021.10\arm-none-eabi\lib\thumb\v6-m\nofp\libc_nano.a(lib_a-readr.o)
                0x08006398                _read_r
 .text          0x080063c0       0x14 C:\MCU_ARM\gcc-arm-none-eabi-10.3-2021.10\arm-none-eabi\lib\thumb\v6-m\nofp\libc_nano.a(lib_a-strcmp.o)
                0x080063c0                strcmp
 .text          0x080063d4        0x0 C:\MCU_ARM\gcc-arm-none-eabi-10.3-2021.10\arm-none-eabi\lib\thumb\v6-m\nofp\libc_nano.a(lib_a-wctomb_r.o)
 .text._wctomb_r
                0x080063d4       0x10 C:\MCU_ARM\gcc-arm-none-eabi-10.3-2021.10\arm-none-eabi\lib\thumb\v6-m\nofp\libc_nano.a(lib_a-wctomb_r.o)
                0x080063d4                _wctomb_r
 .text.__ascii_wctomb
                0x080063e4       0x1a C:\MCU_ARM\gcc-arm-none-eabi-10.3-2021.10\arm-none-eabi\lib\thumb\v6-m\nofp\libc_nano.a(lib_a-wctomb_r.o)
                0x080063e4                __ascii_wctomb
 .text          0x080063fe        0x0 C:\MCU_ARM\gcc-arm-none-eabi-10.3-2021.10\arm-none-eabi\lib\thumb\v6-m\nofp\libc_nano.a(lib_a-abort.o)
 .text.abort    0x080063fe        0xe C:\MCU_ARM\gcc-arm-none-eabi-10.3-2021.10\arm-none-eabi\lib\thumb\v6-m\nofp\libc_nano.a(lib_a-abort.o)
                0x080063fe                abort
 .text          0x0800640c        0x0 C:\MCU_ARM\gcc-arm-none-eabi-10.3-2021.10\arm-none-eabi\lib\thumb\v6-m\nofp\libc_nano.a(lib_a-ctype_.o)
 .text          0x0800640c        0x0 C:\MCU_ARM\gcc-arm-none-eabi-10.3-2021.10\arm-none-eabi\lib\thumb\v6-m\nofp\libc_nano.a(lib_a-fstatr.o)
 .text._fstat_r
                0x0800640c       0x24 C:\MCU_ARM\gcc-arm-none-eabi-10.3-2021.10\arm-none-eabi\lib\thumb\v6-m\nofp\libc_nano.a(lib_a-fstatr.o)
                0x0800640c                _fstat_r
 .text          0x08006430        0x0 C:\MCU_ARM\gcc-arm-none-eabi-10.3-2021.10\arm-none-eabi\lib\thumb\v6-m\nofp\libc_nano.a(lib_a-isattyr.o)
 .text._isatty_r
                0x08006430       0x24 C:\MCU_ARM\gcc-arm-none-eabi-10.3-2021.10\arm-none-eabi\lib\thumb\v6-m\nofp\libc_nano.a(lib_a-isattyr.o)
                0x08006430                _isatty_r
 .text          0x08006454        0x0 C:\MCU_ARM\gcc-arm-none-eabi-10.3-2021.10\arm-none-eabi\lib\thumb\v6-m\nofp\libc_nano.a(lib_a-nano-msizer.o)
 .text._malloc_usable_size_r
                0x08006454       0x10 C:\MCU_ARM\gcc-arm-none-eabi-10.3-2021.10\arm-none-eabi\lib\thumb\v6-m\nofp\libc_nano.a(lib_a-nano-msizer.o)
                0x08006454                _malloc_usable_size_r
 .text          0x08006464        0x0 C:\MCU_ARM\gcc-arm-none-eabi-10.3-2021.10\arm-none-eabi\lib\thumb\v6-m\nofp\libc_nano.a(lib_a-signal.o)
 .text._init_signal_r
                0x08006464       0x2a C:\MCU_ARM\gcc-arm-none-eabi-10.3-2021.10\arm-none-eabi\lib\thumb\v6-m\nofp\libc_nano.a(lib_a-signal.o)
                0x08006464                _init_signal_r
 .text._signal_r
                0x0800648e       0x32 C:\MCU_ARM\gcc-arm-none-eabi-10.3-2021.10\arm-none-eabi\lib\thumb\v6-m\nofp\libc_nano.a(lib_a-signal.o)
                0x0800648e                _signal_r
 .text._raise_r
                0x080064c0       0x54 C:\MCU_ARM\gcc-arm-none-eabi-10.3-2021.10\arm-none-eabi\lib\thumb\v6-m\nofp\libc_nano.a(lib_a-signal.o)
                0x080064c0                _raise_r
 .text.__sigtramp_r
                0x08006514       0x46 C:\MCU_ARM\gcc-arm-none-eabi-10.3-2021.10\arm-none-eabi\lib\thumb\v6-m\nofp\libc_nano.a(lib_a-signal.o)
                0x08006514                __sigtramp_r
 *fill*         0x0800655a        0x2 
 .text.raise    0x0800655c       0x14 C:\MCU_ARM\gcc-arm-none-eabi-10.3-2021.10\arm-none-eabi\lib\thumb\v6-m\nofp\libc_nano.a(lib_a-signal.o)
                0x0800655c                raise
 .text.signal   0x08006570       0x14 C:\MCU_ARM\gcc-arm-none-eabi-10.3-2021.10\arm-none-eabi\lib\thumb\v6-m\nofp\libc_nano.a(lib_a-signal.o)
                0x08006570                signal
 .text._init_signal
                0x08006584       0x10 C:\MCU_ARM\gcc-arm-none-eabi-10.3-2021.10\arm-none-eabi\lib\thumb\v6-m\nofp\libc_nano.a(lib_a-signal.o)
                0x08006584                _init_signal
 .text.__sigtramp
                0x08006594       0x14 C:\MCU_ARM\gcc-arm-none-eabi-10.3-2021.10\arm-none-eabi\lib\thumb\v6-m\nofp\libc_nano.a(lib_a-signal.o)
                0x08006594                __sigtramp
 .text          0x080065a8        0x0 C:\MCU_ARM\gcc-arm-none-eabi-10.3-2021.10\arm-none-eabi\lib\thumb\v6-m\nofp\libc_nano.a(lib_a-signalr.o)
 .text._kill_r  0x080065a8       0x24 C:\MCU_ARM\gcc-arm-none-eabi-10.3-2021.10\arm-none-eabi\lib\thumb\v6-m\nofp\libc_nano.a(lib_a-signalr.o)
                0x080065a8                _kill_r
 .text._getpid_r
                0x080065cc        0x8 C:\MCU_ARM\gcc-arm-none-eabi-10.3-2021.10\arm-none-eabi\lib\thumb\v6-m\nofp\libc_nano.a(lib_a-signalr.o)
                0x080065cc                _getpid_r
 .text          0x080065d4       0x14 C:\MCU_ARM\gcc-arm-none-eabi-10.3-2021.10\lib\gcc\arm-none-eabi\10.3.1\thumb\v6-m\nofp\libgcc.a(_thumb1_case_uqi.o)
                0x080065d4                __gnu_thumb1_case_uqi
 .text          0x080065e8       0x14 C:\MCU_ARM\gcc-arm-none-eabi-10.3-2021.10\lib\gcc\arm-none-eabi\10.3.1\thumb\v6-m\nofp\libgcc.a(_thumb1_case_shi.o)
                0x080065e8                __gnu_thumb1_case_shi
 .text          0x080065fc       0x7c C:\MCU_ARM\gcc-arm-none-eabi-10.3-2021.10\lib\gcc\arm-none-eabi\10.3.1\thumb\v6-m\nofp\libgcc.a(_arm_cmpdf2.o)
                0x080065fc                __aeabi_cdrcmple
                0x0800660c                __aeabi_cdcmple
                0x0800660c                __aeabi_cdcmpeq
                0x0800661c                __aeabi_dcmpeq
                0x08006628                __aeabi_dcmplt
                0x0800663c                __aeabi_dcmple
                0x08006650                __aeabi_dcmpgt
                0x08006664                __aeabi_dcmpge
 .text          0x08006678      0x678 C:\MCU_ARM\gcc-arm-none-eabi-10.3-2021.10\lib\gcc\arm-none-eabi\10.3.1\thumb\v6-m\nofp\libgcc.a(adddf3.o)
                0x08006678                __aeabi_dadd
 .text          0x08006cf0       0x84 C:\MCU_ARM\gcc-arm-none-eabi-10.3-2021.10\lib\gcc\arm-none-eabi\10.3.1\thumb\v6-m\nofp\libgcc.a(eqdf2.o)
                0x08006cf0                __nedf2
                0x08006cf0                __eqdf2
 .text          0x08006d74       0xcc C:\MCU_ARM\gcc-arm-none-eabi-10.3-2021.10\lib\gcc\arm-none-eabi\10.3.1\thumb\v6-m\nofp\libgcc.a(gedf2.o)
                0x08006d74                __gedf2
                0x08006d74                __gtdf2
 .text          0x08006e40       0xc8 C:\MCU_ARM\gcc-arm-none-eabi-10.3-2021.10\lib\gcc\arm-none-eabi\10.3.1\thumb\v6-m\nofp\libgcc.a(ledf2.o)
                0x08006e40                __ledf2
                0x08006e40                __ltdf2
 .text          0x08006f08      0x724 C:\MCU_ARM\gcc-arm-none-eabi-10.3-2021.10\lib\gcc\arm-none-eabi\10.3.1\thumb\v6-m\nofp\libgcc.a(subdf3.o)
                0x08006f08                __aeabi_dsub
 .text          0x0800762c       0x3c C:\MCU_ARM\gcc-arm-none-eabi-10.3-2021.10\lib\gcc\arm-none-eabi\10.3.1\thumb\v6-m\nofp\libgcc.a(unorddf2.o)
                0x0800762c                __aeabi_dcmpun
 .text          0x08007668       0x4c C:\MCU_ARM\gcc-arm-none-eabi-10.3-2021.10\lib\gcc\arm-none-eabi\10.3.1\thumb\v6-m\nofp\libgcc.a(floatunsidf.o)
                0x08007668                __aeabi_ui2d
 *(.rodata*)
 .rodata        0x080076b4      0x178 main.o
 .rodata        0x0800782c       0x7c startup.o
 .rodata        0x080078a8       0x40 C:\MCU_ARM\gcc-arm-none-eabi-10.3-2021.10\lib\gcc\arm-none-eabi\10.3.1\thumb\v6-m\nofp\libgcc.a(divdf3.o)
 .rodata        0x080078e8       0x40 C:\MCU_ARM\gcc-arm-none-eabi-10.3-2021.10\lib\gcc\arm-none-eabi\10.3.1\thumb\v6-m\nofp\libgcc.a(muldf3.o)
 .rodata._printf_float.str1.1
                0x08007928       0x12 C:\MCU_ARM\gcc-arm-none-eabi-10.3-2021.10\arm-none-eabi\lib\thumb\v6-m\nofp\libc_nano.a(lib_a-nano-vfprintf_float.o)
 .rodata._printf_i.str1.1
                0x0800793a       0x22 C:\MCU_ARM\gcc-arm-none-eabi-10.3-2021.10\arm-none-eabi\lib\thumb\v6-m\nofp\libc_nano.a(lib_a-nano-vfprintf_i.o)
 .rodata._dtoa_r.str1.1
                0x0800795c       0xb3 C:\MCU_ARM\gcc-arm-none-eabi-10.3-2021.10\arm-none-eabi\lib\thumb\v6-m\nofp\libc_nano.a(lib_a-dtoa.o)
                                 0xb5 (size before relaxing)
 *fill*         0x08007a0f        0x1 
 .rodata.__sf_fake_stderr
                0x08007a10       0x20 C:\MCU_ARM\gcc-arm-none-eabi-10.3-2021.10\arm-none-eabi\lib\thumb\v6-m\nofp\libc_nano.a(lib_a-findfp.o)
                0x08007a10                __sf_fake_stderr
 .rodata.__sf_fake_stdin
                0x08007a30       0x20 C:\MCU_ARM\gcc-arm-none-eabi-10.3-2021.10\arm-none-eabi\lib\thumb\v6-m\nofp\libc_nano.a(lib_a-findfp.o)
                0x08007a30                __sf_fake_stdin
 .rodata.__sf_fake_stdout
                0x08007a50       0x20 C:\MCU_ARM\gcc-arm-none-eabi-10.3-2021.10\arm-none-eabi\lib\thumb\v6-m\nofp\libc_nano.a(lib_a-findfp.o)
                0x08007a50                __sf_fake_stdout
 .rodata._global_impure_ptr
                0x08007a70        0x4 C:\MCU_ARM\gcc-arm-none-eabi-10.3-2021.10\arm-none-eabi\lib\thumb\v6-m\nofp\libc_nano.a(lib_a-impure.o)
                0x08007a70                _global_impure_ptr
 .rodata._Balloc.str1.1
                0x08007a74       0x7f C:\MCU_ARM\gcc-arm-none-eabi-10.3-2021.10\arm-none-eabi\lib\thumb\v6-m\nofp\libc_nano.a(lib_a-mprec.o)
                                 0x96 (size before relaxing)
 .rodata.__multadd.str1.1
                0x08007af3       0x11 C:\MCU_ARM\gcc-arm-none-eabi-10.3-2021.10\arm-none-eabi\lib\thumb\v6-m\nofp\libc_nano.a(lib_a-mprec.o)
 *fill*         0x08007af3        0x5 
 .rodata.__mprec_bigtens
                0x08007af8       0x28 C:\MCU_ARM\gcc-arm-none-eabi-10.3-2021.10\arm-none-eabi\lib\thumb\v6-m\nofp\libc_nano.a(lib_a-mprec.o)
                0x08007af8                __mprec_bigtens
 .rodata.__mprec_tens
                0x08007b20       0xc8 C:\MCU_ARM\gcc-arm-none-eabi-10.3-2021.10\arm-none-eabi\lib\thumb\v6-m\nofp\libc_nano.a(lib_a-mprec.o)
                0x08007b20                __mprec_tens
 .rodata.__mprec_tinytens
                0x08007be8       0x28 C:\MCU_ARM\gcc-arm-none-eabi-10.3-2021.10\arm-none-eabi\lib\thumb\v6-m\nofp\libc_nano.a(lib_a-mprec.o)
                0x08007be8                __mprec_tinytens
 .rodata.p05.0  0x08007c10        0xc C:\MCU_ARM\gcc-arm-none-eabi-10.3-2021.10\arm-none-eabi\lib\thumb\v6-m\nofp\libc_nano.a(lib_a-mprec.o)
 .rodata._svfprintf_r.str1.1
                0x08007c1c       0x11 C:\MCU_ARM\gcc-arm-none-eabi-10.3-2021.10\arm-none-eabi\lib\thumb\v6-m\nofp\libc_nano.a(lib_a-nano-svfprintf.o)
 .rodata._vfprintf_r.str1.1
                0x08007c2d       0x11 C:\MCU_ARM\gcc-arm-none-eabi-10.3-2021.10\arm-none-eabi\lib\thumb\v6-m\nofp\libc_nano.a(lib_a-nano-vfprintf.o)
 .rodata.__assert_func.str1.1
                0x08007c2d       0x3c C:\MCU_ARM\gcc-arm-none-eabi-10.3-2021.10\arm-none-eabi\lib\thumb\v6-m\nofp\libc_nano.a(lib_a-assert.o)
                                 0x3d (size before relaxing)
 .rodata._setlocale_r.str1.1
                0x08007c69        0x8 C:\MCU_ARM\gcc-arm-none-eabi-10.3-2021.10\arm-none-eabi\lib\thumb\v6-m\nofp\libc_nano.a(lib_a-locale.o)
                                  0x9 (size before relaxing)
 .rodata.str1.1
                0x08007c71        0x2 C:\MCU_ARM\gcc-arm-none-eabi-10.3-2021.10\arm-none-eabi\lib\thumb\v6-m\nofp\libc_nano.a(lib_a-locale.o)
 .rodata._ctype_
                0x08007c73      0x101 C:\MCU_ARM\gcc-arm-none-eabi-10.3-2021.10\arm-none-eabi\lib\thumb\v6-m\nofp\libc_nano.a(lib_a-ctype_.o)
                0x08007c73                _ctype_
                0x08007d74                . = ALIGN (0x4)
                0x08007d74                PROVIDE (__init_array_start = .)
 *(SORT_BY_NAME(.init_array.*))
 *(.init_array)
                0x08007d74                PROVIDE (__init_array_end = .)
                0x08007d74                . = ALIGN (0x4)
                0x08007d74                _etext = .

.glue_7         0x08007d74        0x0
 .glue_7        0x08007d74        0x0 linker stubs

.glue_7t        0x08007d74        0x0
 .glue_7t       0x08007d74        0x0 linker stubs

.vfp11_veneer   0x08007d74        0x0
 .vfp11_veneer  0x08007d74        0x0 linker stubs

.v4_bx          0x08007d74        0x0
 .v4_bx         0x08007d74        0x0 linker stubs

.iplt           0x08007d74        0x0
 .iplt          0x08007d74        0x0 main.o

.rel.dyn        0x08007d74        0x0
 .rel.iplt      0x08007d74        0x0 main.o

.data           0x20000000      0x1d4 load address 0x08007d74
                0x20000000                . = ALIGN (0x4)
                0x20000000                _data = .
 *(.data*)
 .data          0x20000000        0x0 main.o
 .data          0x20000000        0x0 lcd.o
 .data          0x20000000        0x0 adc.o
 .data          0x20000000        0x0 serial.o
 .data          0x20000000        0x0 UART2.o
 .data          0x20000000        0x0 startup.o
 .data          0x20000000        0x4 newlib_stubs.o
                0x20000000                environ
 .data          0x20000004        0x0 C:\MCU_ARM\gcc-arm-none-eabi-10.3-2021.10\arm-none-eabi\lib\thumb\v6-m\nofp\libnosys.a(errno.o)
 .data          0x20000004        0x0 C:\MCU_ARM\gcc-arm-none-eabi-10.3-2021.10\lib\gcc\arm-none-eabi\10.3.1\thumb\v6-m\nofp\libgcc.a(_divsi3.o)
 .data          0x20000004        0x0 C:\MCU_ARM\gcc-arm-none-eabi-10.3-2021.10\lib\gcc\arm-none-eabi\10.3.1\thumb\v6-m\nofp\libgcc.a(_dvmd_tls.o)
 .data          0x20000004        0x0 C:\MCU_ARM\gcc-arm-none-eabi-10.3-2021.10\lib\gcc\arm-none-eabi\10.3.1\thumb\v6-m\nofp\libgcc.a(divdf3.o)
 .data          0x20000004        0x0 C:\MCU_ARM\gcc-arm-none-eabi-10.3-2021.10\lib\gcc\arm-none-eabi\10.3.1\thumb\v6-m\nofp\libgcc.a(muldf3.o)
 .data          0x20000004        0x0 C:\MCU_ARM\gcc-arm-none-eabi-10.3-2021.10\lib\gcc\arm-none-eabi\10.3.1\thumb\v6-m\nofp\libgcc.a(fixdfsi.o)
 .data          0x20000004        0x0 C:\MCU_ARM\gcc-arm-none-eabi-10.3-2021.10\lib\gcc\arm-none-eabi\10.3.1\thumb\v6-m\nofp\libgcc.a(floatsidf.o)
 .data          0x20000004        0x0 C:\MCU_ARM\gcc-arm-none-eabi-10.3-2021.10\lib\gcc\arm-none-eabi\10.3.1\thumb\v6-m\nofp\libgcc.a(_udivsi3.o)
 .data          0x20000004        0x0 C:\MCU_ARM\gcc-arm-none-eabi-10.3-2021.10\lib\gcc\arm-none-eabi\10.3.1\thumb\v6-m\nofp\libgcc.a(_clzsi2.o)
 .data          0x20000004        0x0 C:\MCU_ARM\gcc-arm-none-eabi-10.3-2021.10\arm-none-eabi\lib\thumb\v6-m\nofp\libc_nano.a(lib_a-nano-vfprintf_float.o)
 .data          0x20000004        0x0 C:\MCU_ARM\gcc-arm-none-eabi-10.3-2021.10\arm-none-eabi\lib\thumb\v6-m\nofp\libc_nano.a(lib_a-nano-vfprintf_i.o)
 .data          0x20000004        0x0 C:\MCU_ARM\gcc-arm-none-eabi-10.3-2021.10\arm-none-eabi\lib\thumb\v6-m\nofp\libc_nano.a(lib_a-printf.o)
 .data          0x20000004        0x0 C:\MCU_ARM\gcc-arm-none-eabi-10.3-2021.10\arm-none-eabi\lib\thumb\v6-m\nofp\libc_nano.a(lib_a-sprintf.o)
 .data          0x20000004        0x0 C:\MCU_ARM\gcc-arm-none-eabi-10.3-2021.10\arm-none-eabi\lib\thumb\v6-m\nofp\libc_nano.a(lib_a-strlen.o)
 .data          0x20000004        0x0 C:\MCU_ARM\gcc-arm-none-eabi-10.3-2021.10\arm-none-eabi\lib\thumb\v6-m\nofp\libc_nano.a(lib_a-dtoa.o)
 .data          0x20000004        0x0 C:\MCU_ARM\gcc-arm-none-eabi-10.3-2021.10\arm-none-eabi\lib\thumb\v6-m\nofp\libc_nano.a(lib_a-findfp.o)
 .data          0x20000004        0x0 C:\MCU_ARM\gcc-arm-none-eabi-10.3-2021.10\arm-none-eabi\lib\thumb\v6-m\nofp\libc_nano.a(lib_a-fwalk.o)
 .data          0x20000004        0x0 C:\MCU_ARM\gcc-arm-none-eabi-10.3-2021.10\arm-none-eabi\lib\thumb\v6-m\nofp\libc_nano.a(lib_a-impure.o)
 .data._impure_ptr
                0x20000004        0x4 C:\MCU_ARM\gcc-arm-none-eabi-10.3-2021.10\arm-none-eabi\lib\thumb\v6-m\nofp\libc_nano.a(lib_a-impure.o)
                0x20000004                _impure_ptr
 .data.impure_data
                0x20000008       0x60 C:\MCU_ARM\gcc-arm-none-eabi-10.3-2021.10\arm-none-eabi\lib\thumb\v6-m\nofp\libc_nano.a(lib_a-impure.o)
 .data          0x20000068        0x0 C:\MCU_ARM\gcc-arm-none-eabi-10.3-2021.10\arm-none-eabi\lib\thumb\v6-m\nofp\libc_nano.a(lib_a-localeconv.o)
 .data          0x20000068        0x0 C:\MCU_ARM\gcc-arm-none-eabi-10.3-2021.10\arm-none-eabi\lib\thumb\v6-m\nofp\libc_nano.a(lib_a-lock.o)
 .data          0x20000068        0x0 C:\MCU_ARM\gcc-arm-none-eabi-10.3-2021.10\arm-none-eabi\lib\thumb\v6-m\nofp\libc_nano.a(lib_a-malloc.o)
 .data          0x20000068        0x0 C:\MCU_ARM\gcc-arm-none-eabi-10.3-2021.10\arm-none-eabi\lib\thumb\v6-m\nofp\libc_nano.a(lib_a-memchr-stub.o)
 .data          0x20000068        0x0 C:\MCU_ARM\gcc-arm-none-eabi-10.3-2021.10\arm-none-eabi\lib\thumb\v6-m\nofp\libc_nano.a(lib_a-memcpy-stub.o)
 .data          0x20000068        0x0 C:\MCU_ARM\gcc-arm-none-eabi-10.3-2021.10\arm-none-eabi\lib\thumb\v6-m\nofp\libc_nano.a(lib_a-memset.o)
 .data          0x20000068        0x0 C:\MCU_ARM\gcc-arm-none-eabi-10.3-2021.10\arm-none-eabi\lib\thumb\v6-m\nofp\libc_nano.a(lib_a-mprec.o)
 .data          0x20000068        0x0 C:\MCU_ARM\gcc-arm-none-eabi-10.3-2021.10\arm-none-eabi\lib\thumb\v6-m\nofp\libc_nano.a(lib_a-nano-callocr.o)
 .data          0x20000068        0x0 C:\MCU_ARM\gcc-arm-none-eabi-10.3-2021.10\arm-none-eabi\lib\thumb\v6-m\nofp\libc_nano.a(lib_a-nano-freer.o)
 .data          0x20000068        0x0 C:\MCU_ARM\gcc-arm-none-eabi-10.3-2021.10\arm-none-eabi\lib\thumb\v6-m\nofp\libc_nano.a(lib_a-nano-mallocr.o)
 .data          0x20000068        0x0 C:\MCU_ARM\gcc-arm-none-eabi-10.3-2021.10\arm-none-eabi\lib\thumb\v6-m\nofp\libc_nano.a(lib_a-nano-svfprintf.o)
 .data          0x20000068        0x0 C:\MCU_ARM\gcc-arm-none-eabi-10.3-2021.10\arm-none-eabi\lib\thumb\v6-m\nofp\libc_nano.a(lib_a-nano-vfprintf.o)
 .data          0x20000068        0x0 C:\MCU_ARM\gcc-arm-none-eabi-10.3-2021.10\arm-none-eabi\lib\thumb\v6-m\nofp\libc_nano.a(lib_a-sbrkr.o)
 .data          0x20000068        0x0 C:\MCU_ARM\gcc-arm-none-eabi-10.3-2021.10\arm-none-eabi\lib\thumb\v6-m\nofp\libc_nano.a(lib_a-stdio.o)
 .data          0x20000068        0x0 C:\MCU_ARM\gcc-arm-none-eabi-10.3-2021.10\arm-none-eabi\lib\thumb\v6-m\nofp\libc_nano.a(lib_a-wbuf.o)
 .data          0x20000068        0x0 C:\MCU_ARM\gcc-arm-none-eabi-10.3-2021.10\arm-none-eabi\lib\thumb\v6-m\nofp\libc_nano.a(lib_a-writer.o)
 .data          0x20000068        0x0 C:\MCU_ARM\gcc-arm-none-eabi-10.3-2021.10\arm-none-eabi\lib\thumb\v6-m\nofp\libc_nano.a(lib_a-wsetup.o)
 .data          0x20000068        0x0 C:\MCU_ARM\gcc-arm-none-eabi-10.3-2021.10\arm-none-eabi\lib\thumb\v6-m\nofp\libc_nano.a(lib_a-assert.o)
 .data          0x20000068        0x0 C:\MCU_ARM\gcc-arm-none-eabi-10.3-2021.10\arm-none-eabi\lib\thumb\v6-m\nofp\libc_nano.a(lib_a-closer.o)
 .data          0x20000068        0x0 C:\MCU_ARM\gcc-arm-none-eabi-10.3-2021.10\arm-none-eabi\lib\thumb\v6-m\nofp\libc_nano.a(lib_a-fflush.o)
 .data          0x20000068        0x0 C:\MCU_ARM\gcc-arm-none-eabi-10.3-2021.10\arm-none-eabi\lib\thumb\v6-m\nofp\libc_nano.a(lib_a-fprintf.o)
 .data          0x20000068        0x0 C:\MCU_ARM\gcc-arm-none-eabi-10.3-2021.10\arm-none-eabi\lib\thumb\v6-m\nofp\libc_nano.a(lib_a-fvwrite.o)
 .data          0x20000068        0x0 C:\MCU_ARM\gcc-arm-none-eabi-10.3-2021.10\arm-none-eabi\lib\thumb\v6-m\nofp\libc_nano.a(lib_a-locale.o)
 .data.__global_locale
                0x20000068      0x16c C:\MCU_ARM\gcc-arm-none-eabi-10.3-2021.10\arm-none-eabi\lib\thumb\v6-m\nofp\libc_nano.a(lib_a-locale.o)
                0x20000068                __global_locale
 .data          0x200001d4        0x0 C:\MCU_ARM\gcc-arm-none-eabi-10.3-2021.10\arm-none-eabi\lib\thumb\v6-m\nofp\libc_nano.a(lib_a-lseekr.o)
 .data          0x200001d4        0x0 C:\MCU_ARM\gcc-arm-none-eabi-10.3-2021.10\arm-none-eabi\lib\thumb\v6-m\nofp\libc_nano.a(lib_a-makebuf.o)
 .data          0x200001d4        0x0 C:\MCU_ARM\gcc-arm-none-eabi-10.3-2021.10\arm-none-eabi\lib\thumb\v6-m\nofp\libc_nano.a(lib_a-mbtowc_r.o)
 .data          0x200001d4        0x0 C:\MCU_ARM\gcc-arm-none-eabi-10.3-2021.10\arm-none-eabi\lib\thumb\v6-m\nofp\libc_nano.a(lib_a-memmove.o)
 .data          0x200001d4        0x0 C:\MCU_ARM\gcc-arm-none-eabi-10.3-2021.10\arm-none-eabi\lib\thumb\v6-m\nofp\libc_nano.a(lib_a-mlock.o)
 .data          0x200001d4        0x0 C:\MCU_ARM\gcc-arm-none-eabi-10.3-2021.10\arm-none-eabi\lib\thumb\v6-m\nofp\libc_nano.a(lib_a-nano-reallocr.o)
 .data          0x200001d4        0x0 C:\MCU_ARM\gcc-arm-none-eabi-10.3-2021.10\arm-none-eabi\lib\thumb\v6-m\nofp\libc_nano.a(lib_a-readr.o)
 .data          0x200001d4        0x0 C:\MCU_ARM\gcc-arm-none-eabi-10.3-2021.10\arm-none-eabi\lib\thumb\v6-m\nofp\libc_nano.a(lib_a-strcmp.o)
 .data          0x200001d4        0x0 C:\MCU_ARM\gcc-arm-none-eabi-10.3-2021.10\arm-none-eabi\lib\thumb\v6-m\nofp\libc_nano.a(lib_a-wctomb_r.o)
 .data          0x200001d4        0x0 C:\MCU_ARM\gcc-arm-none-eabi-10.3-2021.10\arm-none-eabi\lib\thumb\v6-m\nofp\libc_nano.a(lib_a-abort.o)
 .data          0x200001d4        0x0 C:\MCU_ARM\gcc-arm-none-eabi-10.3-2021.10\arm-none-eabi\lib\thumb\v6-m\nofp\libc_nano.a(lib_a-ctype_.o)
 .data          0x200001d4        0x0 C:\MCU_ARM\gcc-arm-none-eabi-10.3-2021.10\arm-none-eabi\lib\thumb\v6-m\nofp\libc_nano.a(lib_a-fstatr.o)
 .data          0x200001d4        0x0 C:\MCU_ARM\gcc-arm-none-eabi-10.3-2021.10\arm-none-eabi\lib\thumb\v6-m\nofp\libc_nano.a(lib_a-isattyr.o)
 .data          0x200001d4        0x0 C:\MCU_ARM\gcc-arm-none-eabi-10.3-2021.10\arm-none-eabi\lib\thumb\v6-m\nofp\libc_nano.a(lib_a-nano-msizer.o)
 .data          0x200001d4        0x0 C:\MCU_ARM\gcc-arm-none-eabi-10.3-2021.10\arm-none-eabi\lib\thumb\v6-m\nofp\libc_nano.a(lib_a-signal.o)
 .data          0x200001d4        0x0 C:\MCU_ARM\gcc-arm-none-eabi-10.3-2021.10\arm-none-eabi\lib\thumb\v6-m\nofp\libc_nano.a(lib_a-signalr.o)
 .data          0x200001d4        0x0 C:\MCU_ARM\gcc-arm-none-eabi-10.3-2021.10\lib\gcc\arm-none-eabi\10.3.1\thumb\v6-m\nofp\libgcc.a(_thumb1_case_uqi.o)
 .data          0x200001d4        0x0 C:\MCU_ARM\gcc-arm-none-eabi-10.3-2021.10\lib\gcc\arm-none-eabi\10.3.1\thumb\v6-m\nofp\libgcc.a(_thumb1_case_shi.o)
 .data          0x200001d4        0x0 C:\MCU_ARM\gcc-arm-none-eabi-10.3-2021.10\lib\gcc\arm-none-eabi\10.3.1\thumb\v6-m\nofp\libgcc.a(_arm_cmpdf2.o)
 .data          0x200001d4        0x0 C:\MCU_ARM\gcc-arm-none-eabi-10.3-2021.10\lib\gcc\arm-none-eabi\10.3.1\thumb\v6-m\nofp\libgcc.a(adddf3.o)
 .data          0x200001d4        0x0 C:\MCU_ARM\gcc-arm-none-eabi-10.3-2021.10\lib\gcc\arm-none-eabi\10.3.1\thumb\v6-m\nofp\libgcc.a(eqdf2.o)
 .data          0x200001d4        0x0 C:\MCU_ARM\gcc-arm-none-eabi-10.3-2021.10\lib\gcc\arm-none-eabi\10.3.1\thumb\v6-m\nofp\libgcc.a(gedf2.o)
 .data          0x200001d4        0x0 C:\MCU_ARM\gcc-arm-none-eabi-10.3-2021.10\lib\gcc\arm-none-eabi\10.3.1\thumb\v6-m\nofp\libgcc.a(ledf2.o)
 .data          0x200001d4        0x0 C:\MCU_ARM\gcc-arm-none-eabi-10.3-2021.10\lib\gcc\arm-none-eabi\10.3.1\thumb\v6-m\nofp\libgcc.a(subdf3.o)
 .data          0x200001d4        0x0 C:\MCU_ARM\gcc-arm-none-eabi-10.3-2021.10\lib\gcc\arm-none-eabi\10.3.1\thumb\v6-m\nofp\libgcc.a(unorddf2.o)
 .data          0x200001d4        0x0 C:\MCU_ARM\gcc-arm-none-eabi-10.3-2021.10\lib\gcc\arm-none-eabi\10.3.1\thumb\v6-m\nofp\libgcc.a(floatunsidf.o)
                0x200001d4                . = ALIGN (0x4)
                0x200001d4                _edata = .

.igot.plt       0x200001d4        0x0 load address 0x08007f48
 .igot.plt      0x200001d4        0x0 main.o

.bss            0x200001d4      0x16c load address 0x08007f48
                0x200001d4                _bss = .
 *(.bss*)
 .bss           0x200001d4        0x0 main.o
 .bss           0x200001d4        0x0 lcd.o
 .bss           0x200001d4        0x0 adc.o
 .bss           0x200001d4       0xa4 serial.o
                0x200001d4                ComRXBuffer
                0x20000220                ComTXBuffer
                0x2000026c                ComOpen
                0x20000270                ComError
                0x20000274                ComBusy
 .bss           0x20000278       0xa4 UART2.o
                0x20000278                ComRXBuffer2
                0x200002c4                ComTXBuffer2
                0x20000310                ComOpen2
                0x20000314                ComError2
                0x20000318                ComBusy2
 .bss           0x2000031c        0x0 startup.o
 .bss           0x2000031c        0x8 newlib_stubs.o
                0x2000031c                __env
 .bss           0x20000324        0x0 C:\MCU_ARM\gcc-arm-none-eabi-10.3-2021.10\arm-none-eabi\lib\thumb\v6-m\nofp\libnosys.a(errno.o)
 .bss.errno     0x20000324        0x4 C:\MCU_ARM\gcc-arm-none-eabi-10.3-2021.10\arm-none-eabi\lib\thumb\v6-m\nofp\libnosys.a(errno.o)
                0x20000324                errno
 .bss           0x20000328        0x0 C:\MCU_ARM\gcc-arm-none-eabi-10.3-2021.10\lib\gcc\arm-none-eabi\10.3.1\thumb\v6-m\nofp\libgcc.a(_divsi3.o)
 .bss           0x20000328        0x0 C:\MCU_ARM\gcc-arm-none-eabi-10.3-2021.10\lib\gcc\arm-none-eabi\10.3.1\thumb\v6-m\nofp\libgcc.a(_dvmd_tls.o)
 .bss           0x20000328        0x0 C:\MCU_ARM\gcc-arm-none-eabi-10.3-2021.10\lib\gcc\arm-none-eabi\10.3.1\thumb\v6-m\nofp\libgcc.a(divdf3.o)
 .bss           0x20000328        0x0 C:\MCU_ARM\gcc-arm-none-eabi-10.3-2021.10\lib\gcc\arm-none-eabi\10.3.1\thumb\v6-m\nofp\libgcc.a(muldf3.o)
 .bss           0x20000328        0x0 C:\MCU_ARM\gcc-arm-none-eabi-10.3-2021.10\lib\gcc\arm-none-eabi\10.3.1\thumb\v6-m\nofp\libgcc.a(fixdfsi.o)
 .bss           0x20000328        0x0 C:\MCU_ARM\gcc-arm-none-eabi-10.3-2021.10\lib\gcc\arm-none-eabi\10.3.1\thumb\v6-m\nofp\libgcc.a(floatsidf.o)
 .bss           0x20000328        0x0 C:\MCU_ARM\gcc-arm-none-eabi-10.3-2021.10\lib\gcc\arm-none-eabi\10.3.1\thumb\v6-m\nofp\libgcc.a(_udivsi3.o)
 .bss           0x20000328        0x0 C:\MCU_ARM\gcc-arm-none-eabi-10.3-2021.10\lib\gcc\arm-none-eabi\10.3.1\thumb\v6-m\nofp\libgcc.a(_clzsi2.o)
 .bss           0x20000328        0x0 C:\MCU_ARM\gcc-arm-none-eabi-10.3-2021.10\arm-none-eabi\lib\thumb\v6-m\nofp\libc_nano.a(lib_a-nano-vfprintf_float.o)
 .bss           0x20000328        0x0 C:\MCU_ARM\gcc-arm-none-eabi-10.3-2021.10\arm-none-eabi\lib\thumb\v6-m\nofp\libc_nano.a(lib_a-nano-vfprintf_i.o)
 .bss           0x20000328        0x0 C:\MCU_ARM\gcc-arm-none-eabi-10.3-2021.10\arm-none-eabi\lib\thumb\v6-m\nofp\libc_nano.a(lib_a-printf.o)
 .bss           0x20000328        0x0 C:\MCU_ARM\gcc-arm-none-eabi-10.3-2021.10\arm-none-eabi\lib\thumb\v6-m\nofp\libc_nano.a(lib_a-sprintf.o)
 .bss           0x20000328        0x0 C:\MCU_ARM\gcc-arm-none-eabi-10.3-2021.10\arm-none-eabi\lib\thumb\v6-m\nofp\libc_nano.a(lib_a-strlen.o)
 .bss           0x20000328        0x0 C:\MCU_ARM\gcc-arm-none-eabi-10.3-2021.10\arm-none-eabi\lib\thumb\v6-m\nofp\libc_nano.a(lib_a-dtoa.o)
 .bss           0x20000328        0x0 C:\MCU_ARM\gcc-arm-none-eabi-10.3-2021.10\arm-none-eabi\lib\thumb\v6-m\nofp\libc_nano.a(lib_a-findfp.o)
 .bss           0x20000328        0x0 C:\MCU_ARM\gcc-arm-none-eabi-10.3-2021.10\arm-none-eabi\lib\thumb\v6-m\nofp\libc_nano.a(lib_a-fwalk.o)
 .bss           0x20000328        0x0 C:\MCU_ARM\gcc-arm-none-eabi-10.3-2021.10\arm-none-eabi\lib\thumb\v6-m\nofp\libc_nano.a(lib_a-impure.o)
 .bss           0x20000328        0x0 C:\MCU_ARM\gcc-arm-none-eabi-10.3-2021.10\arm-none-eabi\lib\thumb\v6-m\nofp\libc_nano.a(lib_a-localeconv.o)
 .bss           0x20000328        0x0 C:\MCU_ARM\gcc-arm-none-eabi-10.3-2021.10\arm-none-eabi\lib\thumb\v6-m\nofp\libc_nano.a(lib_a-lock.o)
 .bss.__lock___arc4random_mutex
                0x20000328        0x1 C:\MCU_ARM\gcc-arm-none-eabi-10.3-2021.10\arm-none-eabi\lib\thumb\v6-m\nofp\libc_nano.a(lib_a-lock.o)
                0x20000328                __lock___arc4random_mutex
 .bss.__lock___at_quick_exit_mutex
                0x20000329        0x1 C:\MCU_ARM\gcc-arm-none-eabi-10.3-2021.10\arm-none-eabi\lib\thumb\v6-m\nofp\libc_nano.a(lib_a-lock.o)
                0x20000329                __lock___at_quick_exit_mutex
 .bss.__lock___atexit_recursive_mutex
                0x2000032a        0x1 C:\MCU_ARM\gcc-arm-none-eabi-10.3-2021.10\arm-none-eabi\lib\thumb\v6-m\nofp\libc_nano.a(lib_a-lock.o)
                0x2000032a                __lock___atexit_recursive_mutex
 .bss.__lock___dd_hash_mutex
                0x2000032b        0x1 C:\MCU_ARM\gcc-arm-none-eabi-10.3-2021.10\arm-none-eabi\lib\thumb\v6-m\nofp\libc_nano.a(lib_a-lock.o)
                0x2000032b                __lock___dd_hash_mutex
 .bss.__lock___env_recursive_mutex
                0x2000032c        0x1 C:\MCU_ARM\gcc-arm-none-eabi-10.3-2021.10\arm-none-eabi\lib\thumb\v6-m\nofp\libc_nano.a(lib_a-lock.o)
                0x2000032c                __lock___env_recursive_mutex
 .bss.__lock___malloc_recursive_mutex
                0x2000032d        0x1 C:\MCU_ARM\gcc-arm-none-eabi-10.3-2021.10\arm-none-eabi\lib\thumb\v6-m\nofp\libc_nano.a(lib_a-lock.o)
                0x2000032d                __lock___malloc_recursive_mutex
 .bss.__lock___sfp_recursive_mutex
                0x2000032e        0x1 C:\MCU_ARM\gcc-arm-none-eabi-10.3-2021.10\arm-none-eabi\lib\thumb\v6-m\nofp\libc_nano.a(lib_a-lock.o)
                0x2000032e                __lock___sfp_recursive_mutex
 .bss.__lock___sinit_recursive_mutex
                0x2000032f        0x1 C:\MCU_ARM\gcc-arm-none-eabi-10.3-2021.10\arm-none-eabi\lib\thumb\v6-m\nofp\libc_nano.a(lib_a-lock.o)
                0x2000032f                __lock___sinit_recursive_mutex
 .bss.__lock___tz_mutex
                0x20000330        0x1 C:\MCU_ARM\gcc-arm-none-eabi-10.3-2021.10\arm-none-eabi\lib\thumb\v6-m\nofp\libc_nano.a(lib_a-lock.o)
                0x20000330                __lock___tz_mutex
 .bss           0x20000331        0x0 C:\MCU_ARM\gcc-arm-none-eabi-10.3-2021.10\arm-none-eabi\lib\thumb\v6-m\nofp\libc_nano.a(lib_a-malloc.o)
 .bss           0x20000331        0x0 C:\MCU_ARM\gcc-arm-none-eabi-10.3-2021.10\arm-none-eabi\lib\thumb\v6-m\nofp\libc_nano.a(lib_a-memchr-stub.o)
 .bss           0x20000331        0x0 C:\MCU_ARM\gcc-arm-none-eabi-10.3-2021.10\arm-none-eabi\lib\thumb\v6-m\nofp\libc_nano.a(lib_a-memcpy-stub.o)
 .bss           0x20000331        0x0 C:\MCU_ARM\gcc-arm-none-eabi-10.3-2021.10\arm-none-eabi\lib\thumb\v6-m\nofp\libc_nano.a(lib_a-memset.o)
 .bss           0x20000331        0x0 C:\MCU_ARM\gcc-arm-none-eabi-10.3-2021.10\arm-none-eabi\lib\thumb\v6-m\nofp\libc_nano.a(lib_a-mprec.o)
 .bss           0x20000331        0x0 C:\MCU_ARM\gcc-arm-none-eabi-10.3-2021.10\arm-none-eabi\lib\thumb\v6-m\nofp\libc_nano.a(lib_a-nano-callocr.o)
 .bss           0x20000331        0x0 C:\MCU_ARM\gcc-arm-none-eabi-10.3-2021.10\arm-none-eabi\lib\thumb\v6-m\nofp\libc_nano.a(lib_a-nano-freer.o)
 .bss           0x20000331        0x0 C:\MCU_ARM\gcc-arm-none-eabi-10.3-2021.10\arm-none-eabi\lib\thumb\v6-m\nofp\libc_nano.a(lib_a-nano-mallocr.o)
 *fill*         0x20000331        0x3 
 .bss.__malloc_free_list
                0x20000334        0x4 C:\MCU_ARM\gcc-arm-none-eabi-10.3-2021.10\arm-none-eabi\lib\thumb\v6-m\nofp\libc_nano.a(lib_a-nano-mallocr.o)
                0x20000334                __malloc_free_list
 .bss.__malloc_sbrk_start
                0x20000338        0x4 C:\MCU_ARM\gcc-arm-none-eabi-10.3-2021.10\arm-none-eabi\lib\thumb\v6-m\nofp\libc_nano.a(lib_a-nano-mallocr.o)
                0x20000338                __malloc_sbrk_start
 .bss           0x2000033c        0x0 C:\MCU_ARM\gcc-arm-none-eabi-10.3-2021.10\arm-none-eabi\lib\thumb\v6-m\nofp\libc_nano.a(lib_a-nano-svfprintf.o)
 .bss           0x2000033c        0x0 C:\MCU_ARM\gcc-arm-none-eabi-10.3-2021.10\arm-none-eabi\lib\thumb\v6-m\nofp\libc_nano.a(lib_a-nano-vfprintf.o)
 .bss           0x2000033c        0x0 C:\MCU_ARM\gcc-arm-none-eabi-10.3-2021.10\arm-none-eabi\lib\thumb\v6-m\nofp\libc_nano.a(lib_a-sbrkr.o)
 .bss           0x2000033c        0x0 C:\MCU_ARM\gcc-arm-none-eabi-10.3-2021.10\arm-none-eabi\lib\thumb\v6-m\nofp\libc_nano.a(lib_a-stdio.o)
 .bss           0x2000033c        0x0 C:\MCU_ARM\gcc-arm-none-eabi-10.3-2021.10\arm-none-eabi\lib\thumb\v6-m\nofp\libc_nano.a(lib_a-wbuf.o)
 .bss           0x2000033c        0x0 C:\MCU_ARM\gcc-arm-none-eabi-10.3-2021.10\arm-none-eabi\lib\thumb\v6-m\nofp\libc_nano.a(lib_a-writer.o)
 .bss           0x2000033c        0x0 C:\MCU_ARM\gcc-arm-none-eabi-10.3-2021.10\arm-none-eabi\lib\thumb\v6-m\nofp\libc_nano.a(lib_a-wsetup.o)
 .bss           0x2000033c        0x0 C:\MCU_ARM\gcc-arm-none-eabi-10.3-2021.10\arm-none-eabi\lib\thumb\v6-m\nofp\libc_nano.a(lib_a-assert.o)
 .bss           0x2000033c        0x0 C:\MCU_ARM\gcc-arm-none-eabi-10.3-2021.10\arm-none-eabi\lib\thumb\v6-m\nofp\libc_nano.a(lib_a-closer.o)
 .bss           0x2000033c        0x0 C:\MCU_ARM\gcc-arm-none-eabi-10.3-2021.10\arm-none-eabi\lib\thumb\v6-m\nofp\libc_nano.a(lib_a-fflush.o)
 .bss           0x2000033c        0x0 C:\MCU_ARM\gcc-arm-none-eabi-10.3-2021.10\arm-none-eabi\lib\thumb\v6-m\nofp\libc_nano.a(lib_a-fprintf.o)
 .bss           0x2000033c        0x0 C:\MCU_ARM\gcc-arm-none-eabi-10.3-2021.10\arm-none-eabi\lib\thumb\v6-m\nofp\libc_nano.a(lib_a-fvwrite.o)
 .bss           0x2000033c        0x0 C:\MCU_ARM\gcc-arm-none-eabi-10.3-2021.10\arm-none-eabi\lib\thumb\v6-m\nofp\libc_nano.a(lib_a-locale.o)
 .bss._PathLocale
                0x2000033c        0x4 C:\MCU_ARM\gcc-arm-none-eabi-10.3-2021.10\arm-none-eabi\lib\thumb\v6-m\nofp\libc_nano.a(lib_a-locale.o)
                0x2000033c                _PathLocale
 .bss           0x20000340        0x0 C:\MCU_ARM\gcc-arm-none-eabi-10.3-2021.10\arm-none-eabi\lib\thumb\v6-m\nofp\libc_nano.a(lib_a-lseekr.o)
 .bss           0x20000340        0x0 C:\MCU_ARM\gcc-arm-none-eabi-10.3-2021.10\arm-none-eabi\lib\thumb\v6-m\nofp\libc_nano.a(lib_a-makebuf.o)
 .bss           0x20000340        0x0 C:\MCU_ARM\gcc-arm-none-eabi-10.3-2021.10\arm-none-eabi\lib\thumb\v6-m\nofp\libc_nano.a(lib_a-mbtowc_r.o)
 .bss           0x20000340        0x0 C:\MCU_ARM\gcc-arm-none-eabi-10.3-2021.10\arm-none-eabi\lib\thumb\v6-m\nofp\libc_nano.a(lib_a-memmove.o)
 .bss           0x20000340        0x0 C:\MCU_ARM\gcc-arm-none-eabi-10.3-2021.10\arm-none-eabi\lib\thumb\v6-m\nofp\libc_nano.a(lib_a-mlock.o)
 .bss           0x20000340        0x0 C:\MCU_ARM\gcc-arm-none-eabi-10.3-2021.10\arm-none-eabi\lib\thumb\v6-m\nofp\libc_nano.a(lib_a-nano-reallocr.o)
 .bss           0x20000340        0x0 C:\MCU_ARM\gcc-arm-none-eabi-10.3-2021.10\arm-none-eabi\lib\thumb\v6-m\nofp\libc_nano.a(lib_a-readr.o)
 .bss           0x20000340        0x0 C:\MCU_ARM\gcc-arm-none-eabi-10.3-2021.10\arm-none-eabi\lib\thumb\v6-m\nofp\libc_nano.a(lib_a-strcmp.o)
 .bss           0x20000340        0x0 C:\MCU_ARM\gcc-arm-none-eabi-10.3-2021.10\arm-none-eabi\lib\thumb\v6-m\nofp\libc_nano.a(lib_a-wctomb_r.o)
 .bss           0x20000340        0x0 C:\MCU_ARM\gcc-arm-none-eabi-10.3-2021.10\arm-none-eabi\lib\thumb\v6-m\nofp\libc_nano.a(lib_a-abort.o)
 .bss           0x20000340        0x0 C:\MCU_ARM\gcc-arm-none-eabi-10.3-2021.10\arm-none-eabi\lib\thumb\v6-m\nofp\libc_nano.a(lib_a-ctype_.o)
 .bss           0x20000340        0x0 C:\MCU_ARM\gcc-arm-none-eabi-10.3-2021.10\arm-none-eabi\lib\thumb\v6-m\nofp\libc_nano.a(lib_a-fstatr.o)
 .bss           0x20000340        0x0 C:\MCU_ARM\gcc-arm-none-eabi-10.3-2021.10\arm-none-eabi\lib\thumb\v6-m\nofp\libc_nano.a(lib_a-isattyr.o)
 .bss           0x20000340        0x0 C:\MCU_ARM\gcc-arm-none-eabi-10.3-2021.10\arm-none-eabi\lib\thumb\v6-m\nofp\libc_nano.a(lib_a-nano-msizer.o)
 .bss           0x20000340        0x0 C:\MCU_ARM\gcc-arm-none-eabi-10.3-2021.10\arm-none-eabi\lib\thumb\v6-m\nofp\libc_nano.a(lib_a-signal.o)
 .bss           0x20000340        0x0 C:\MCU_ARM\gcc-arm-none-eabi-10.3-2021.10\arm-none-eabi\lib\thumb\v6-m\nofp\libc_nano.a(lib_a-signalr.o)
 .bss           0x20000340        0x0 C:\MCU_ARM\gcc-arm-none-eabi-10.3-2021.10\lib\gcc\arm-none-eabi\10.3.1\thumb\v6-m\nofp\libgcc.a(_thumb1_case_uqi.o)
 .bss           0x20000340        0x0 C:\MCU_ARM\gcc-arm-none-eabi-10.3-2021.10\lib\gcc\arm-none-eabi\10.3.1\thumb\v6-m\nofp\libgcc.a(_thumb1_case_shi.o)
 .bss           0x20000340        0x0 C:\MCU_ARM\gcc-arm-none-eabi-10.3-2021.10\lib\gcc\arm-none-eabi\10.3.1\thumb\v6-m\nofp\libgcc.a(_arm_cmpdf2.o)
 .bss           0x20000340        0x0 C:\MCU_ARM\gcc-arm-none-eabi-10.3-2021.10\lib\gcc\arm-none-eabi\10.3.1\thumb\v6-m\nofp\libgcc.a(adddf3.o)
 .bss           0x20000340        0x0 C:\MCU_ARM\gcc-arm-none-eabi-10.3-2021.10\lib\gcc\arm-none-eabi\10.3.1\thumb\v6-m\nofp\libgcc.a(eqdf2.o)
 .bss           0x20000340        0x0 C:\MCU_ARM\gcc-arm-none-eabi-10.3-2021.10\lib\gcc\arm-none-eabi\10.3.1\thumb\v6-m\nofp\libgcc.a(gedf2.o)
 .bss           0x20000340        0x0 C:\MCU_ARM\gcc-arm-none-eabi-10.3-2021.10\lib\gcc\arm-none-eabi\10.3.1\thumb\v6-m\nofp\libgcc.a(ledf2.o)
 .bss           0x20000340        0x0 C:\MCU_ARM\gcc-arm-none-eabi-10.3-2021.10\lib\gcc\arm-none-eabi\10.3.1\thumb\v6-m\nofp\libgcc.a(subdf3.o)
 .bss           0x20000340        0x0 C:\MCU_ARM\gcc-arm-none-eabi-10.3-2021.10\lib\gcc\arm-none-eabi\10.3.1\thumb\v6-m\nofp\libgcc.a(unorddf2.o)
 .bss           0x20000340        0x0 C:\MCU_ARM\gcc-arm-none-eabi-10.3-2021.10\lib\gcc\arm-none-eabi\10.3.1\thumb\v6-m\nofp\libgcc.a(floatunsidf.o)
 *(COMMON)
                0x20000340                . = ALIGN (0x4)
                0x20000340                _ebss = .
                [!provide]                PROVIDE (end = .)
                0x20000340                PROVIDE (_HeapStart = .)
                0x20002000                PROVIDE (_StackTop = (ORIGIN (ram) + LENGTH (ram)))
OUTPUT(main.elf elf32-littlearm)
LOAD linker stubs

.debug_info     0x00000000     0x290c
 .debug_info    0x00000000      0x7c9 main.o
 .debug_info    0x000007c9      0x2e5 lcd.o
 .debug_info    0x00000aae      0x31b adc.o
 .debug_info    0x00000dc9      0x82d serial.o
 .debug_info    0x000015f6      0x845 UART2.o
 .debug_info    0x00001e3b      0x3ad startup.o
 .debug_info    0x000021e8      0x724 newlib_stubs.o

.debug_abbrev   0x00000000      0xab9
 .debug_abbrev  0x00000000      0x19e main.o
 .debug_abbrev  0x0000019e      0x125 lcd.o
 .debug_abbrev  0x000002c3      0x10c adc.o
 .debug_abbrev  0x000003cf      0x1f5 serial.o
 .debug_abbrev  0x000005c4      0x206 UART2.o
 .debug_abbrev  0x000007ca      0x174 startup.o
 .debug_abbrev  0x0000093e      0x17b newlib_stubs.o

.debug_aranges  0x00000000       0xe8
 .debug_aranges
                0x00000000       0x20 main.o
 .debug_aranges
                0x00000020       0x20 lcd.o
 .debug_aranges
                0x00000040       0x20 adc.o
 .debug_aranges
                0x00000060       0x20 serial.o
 .debug_aranges
                0x00000080       0x20 UART2.o
 .debug_aranges
                0x000000a0       0x28 startup.o
 .debug_aranges
                0x000000c8       0x20 newlib_stubs.o

.debug_line     0x00000000     0x1604
 .debug_line    0x00000000      0x3aa main.o
 .debug_line    0x000003aa      0x2c6 lcd.o
 .debug_line    0x00000670      0x193 adc.o
 .debug_line    0x00000803      0x49a serial.o
 .debug_line    0x00000c9d      0x485 UART2.o
 .debug_line    0x00001122      0x25c startup.o
 .debug_line    0x0000137e      0x286 newlib_stubs.o

.debug_str      0x00000000      0x9b0
 .debug_str     0x00000000      0x399 main.o
                                0x3fd (size before relaxing)
 .debug_str     0x00000399       0x81 lcd.o
                                0x1fa (size before relaxing)
 .debug_str     0x0000041a       0x71 adc.o
                                0x269 (size before relaxing)
 .debug_str     0x0000048b      0x124 serial.o
                                0x3ad (size before relaxing)
 .debug_str     0x000005af       0xe9 UART2.o
                                0x3be (size before relaxing)
 .debug_str     0x00000698       0xee startup.o
                                0x2d5 (size before relaxing)
 .debug_str     0x00000786      0x22a newlib_stubs.o
                                0x3d3 (size before relaxing)

.comment        0x00000000       0x49
 .comment       0x00000000       0x49 main.o
                                 0x4a (size before relaxing)
 .comment       0x00000049       0x4a lcd.o
 .comment       0x00000049       0x4a adc.o
 .comment       0x00000049       0x4a serial.o
 .comment       0x00000049       0x4a UART2.o
 .comment       0x00000049       0x4a startup.o
 .comment       0x00000049       0x4a newlib_stubs.o

.ARM.attributes
                0x00000000       0x2a
 .ARM.attributes
                0x00000000       0x2c main.o
 .ARM.attributes
                0x0000002c       0x2c lcd.o
 .ARM.attributes
                0x00000058       0x2c adc.o
 .ARM.attributes
                0x00000084       0x2c serial.o
 .ARM.attributes
                0x000000b0       0x2c UART2.o
 .ARM.attributes
                0x000000dc       0x2c startup.o
 .ARM.attributes
                0x00000108       0x2c newlib_stubs.o
 .ARM.attributes
                0x00000134       0x2c C:\MCU_ARM\gcc-arm-none-eabi-10.3-2021.10\arm-none-eabi\lib\thumb\v6-m\nofp\libnosys.a(errno.o)
 .ARM.attributes
                0x00000160       0x1e C:\MCU_ARM\gcc-arm-none-eabi-10.3-2021.10\lib\gcc\arm-none-eabi\10.3.1\thumb\v6-m\nofp\libgcc.a(_divsi3.o)
 .ARM.attributes
                0x0000017e       0x1e C:\MCU_ARM\gcc-arm-none-eabi-10.3-2021.10\lib\gcc\arm-none-eabi\10.3.1\thumb\v6-m\nofp\libgcc.a(_dvmd_tls.o)
 .ARM.attributes
                0x0000019c       0x2c C:\MCU_ARM\gcc-arm-none-eabi-10.3-2021.10\lib\gcc\arm-none-eabi\10.3.1\thumb\v6-m\nofp\libgcc.a(divdf3.o)
 .ARM.attributes
                0x000001c8       0x2c C:\MCU_ARM\gcc-arm-none-eabi-10.3-2021.10\lib\gcc\arm-none-eabi\10.3.1\thumb\v6-m\nofp\libgcc.a(muldf3.o)
 .ARM.attributes
                0x000001f4       0x2c C:\MCU_ARM\gcc-arm-none-eabi-10.3-2021.10\lib\gcc\arm-none-eabi\10.3.1\thumb\v6-m\nofp\libgcc.a(fixdfsi.o)
 .ARM.attributes
                0x00000220       0x2c C:\MCU_ARM\gcc-arm-none-eabi-10.3-2021.10\lib\gcc\arm-none-eabi\10.3.1\thumb\v6-m\nofp\libgcc.a(floatsidf.o)
 .ARM.attributes
                0x0000024c       0x1e C:\MCU_ARM\gcc-arm-none-eabi-10.3-2021.10\lib\gcc\arm-none-eabi\10.3.1\thumb\v6-m\nofp\libgcc.a(_udivsi3.o)
 .ARM.attributes
                0x0000026a       0x1e C:\MCU_ARM\gcc-arm-none-eabi-10.3-2021.10\lib\gcc\arm-none-eabi\10.3.1\thumb\v6-m\nofp\libgcc.a(_clzsi2.o)
 .ARM.attributes
                0x00000288       0x2c C:\MCU_ARM\gcc-arm-none-eabi-10.3-2021.10\arm-none-eabi\lib\thumb\v6-m\nofp\libc_nano.a(lib_a-nano-vfprintf_float.o)
 .ARM.attributes
                0x000002b4       0x2c C:\MCU_ARM\gcc-arm-none-eabi-10.3-2021.10\arm-none-eabi\lib\thumb\v6-m\nofp\libc_nano.a(lib_a-nano-vfprintf_i.o)
 .ARM.attributes
                0x000002e0       0x2c C:\MCU_ARM\gcc-arm-none-eabi-10.3-2021.10\arm-none-eabi\lib\thumb\v6-m\nofp\libc_nano.a(lib_a-printf.o)
 .ARM.attributes
                0x0000030c       0x2c C:\MCU_ARM\gcc-arm-none-eabi-10.3-2021.10\arm-none-eabi\lib\thumb\v6-m\nofp\libc_nano.a(lib_a-sprintf.o)
 .ARM.attributes
                0x00000338       0x1c C:\MCU_ARM\gcc-arm-none-eabi-10.3-2021.10\arm-none-eabi\lib\thumb\v6-m\nofp\libc_nano.a(lib_a-strlen.o)
 .ARM.attributes
                0x00000354       0x2c C:\MCU_ARM\gcc-arm-none-eabi-10.3-2021.10\arm-none-eabi\lib\thumb\v6-m\nofp\libc_nano.a(lib_a-dtoa.o)
 .ARM.attributes
                0x00000380       0x2c C:\MCU_ARM\gcc-arm-none-eabi-10.3-2021.10\arm-none-eabi\lib\thumb\v6-m\nofp\libc_nano.a(lib_a-findfp.o)
 .ARM.attributes
                0x000003ac       0x2c C:\MCU_ARM\gcc-arm-none-eabi-10.3-2021.10\arm-none-eabi\lib\thumb\v6-m\nofp\libc_nano.a(lib_a-fwalk.o)
 .ARM.attributes
                0x000003d8       0x2c C:\MCU_ARM\gcc-arm-none-eabi-10.3-2021.10\arm-none-eabi\lib\thumb\v6-m\nofp\libc_nano.a(lib_a-impure.o)
 .ARM.attributes
                0x00000404       0x2c C:\MCU_ARM\gcc-arm-none-eabi-10.3-2021.10\arm-none-eabi\lib\thumb\v6-m\nofp\libc_nano.a(lib_a-localeconv.o)
 .ARM.attributes
                0x00000430       0x2c C:\MCU_ARM\gcc-arm-none-eabi-10.3-2021.10\arm-none-eabi\lib\thumb\v6-m\nofp\libc_nano.a(lib_a-lock.o)
 .ARM.attributes
                0x0000045c       0x2c C:\MCU_ARM\gcc-arm-none-eabi-10.3-2021.10\arm-none-eabi\lib\thumb\v6-m\nofp\libc_nano.a(lib_a-malloc.o)
 .ARM.attributes
                0x00000488       0x2c C:\MCU_ARM\gcc-arm-none-eabi-10.3-2021.10\arm-none-eabi\lib\thumb\v6-m\nofp\libc_nano.a(lib_a-memchr-stub.o)
 .ARM.attributes
                0x000004b4       0x2c C:\MCU_ARM\gcc-arm-none-eabi-10.3-2021.10\arm-none-eabi\lib\thumb\v6-m\nofp\libc_nano.a(lib_a-memcpy-stub.o)
 .ARM.attributes
                0x000004e0       0x2c C:\MCU_ARM\gcc-arm-none-eabi-10.3-2021.10\arm-none-eabi\lib\thumb\v6-m\nofp\libc_nano.a(lib_a-memset.o)
 .ARM.attributes
                0x0000050c       0x2c C:\MCU_ARM\gcc-arm-none-eabi-10.3-2021.10\arm-none-eabi\lib\thumb\v6-m\nofp\libc_nano.a(lib_a-mprec.o)
 .ARM.attributes
                0x00000538       0x2c C:\MCU_ARM\gcc-arm-none-eabi-10.3-2021.10\arm-none-eabi\lib\thumb\v6-m\nofp\libc_nano.a(lib_a-nano-callocr.o)
 .ARM.attributes
                0x00000564       0x2c C:\MCU_ARM\gcc-arm-none-eabi-10.3-2021.10\arm-none-eabi\lib\thumb\v6-m\nofp\libc_nano.a(lib_a-nano-freer.o)
 .ARM.attributes
                0x00000590       0x2c C:\MCU_ARM\gcc-arm-none-eabi-10.3-2021.10\arm-none-eabi\lib\thumb\v6-m\nofp\libc_nano.a(lib_a-nano-mallocr.o)
 .ARM.attributes
                0x000005bc       0x2c C:\MCU_ARM\gcc-arm-none-eabi-10.3-2021.10\arm-none-eabi\lib\thumb\v6-m\nofp\libc_nano.a(lib_a-nano-svfprintf.o)
 .ARM.attributes
                0x000005e8       0x2c C:\MCU_ARM\gcc-arm-none-eabi-10.3-2021.10\arm-none-eabi\lib\thumb\v6-m\nofp\libc_nano.a(lib_a-nano-vfprintf.o)
 .ARM.attributes
                0x00000614       0x2c C:\MCU_ARM\gcc-arm-none-eabi-10.3-2021.10\arm-none-eabi\lib\thumb\v6-m\nofp\libc_nano.a(lib_a-sbrkr.o)
 .ARM.attributes
                0x00000640       0x2c C:\MCU_ARM\gcc-arm-none-eabi-10.3-2021.10\arm-none-eabi\lib\thumb\v6-m\nofp\libc_nano.a(lib_a-stdio.o)
 .ARM.attributes
                0x0000066c       0x2c C:\MCU_ARM\gcc-arm-none-eabi-10.3-2021.10\arm-none-eabi\lib\thumb\v6-m\nofp\libc_nano.a(lib_a-wbuf.o)
 .ARM.attributes
                0x00000698       0x2c C:\MCU_ARM\gcc-arm-none-eabi-10.3-2021.10\arm-none-eabi\lib\thumb\v6-m\nofp\libc_nano.a(lib_a-writer.o)
 .ARM.attributes
                0x000006c4       0x2c C:\MCU_ARM\gcc-arm-none-eabi-10.3-2021.10\arm-none-eabi\lib\thumb\v6-m\nofp\libc_nano.a(lib_a-wsetup.o)
 .ARM.attributes
                0x000006f0       0x2c C:\MCU_ARM\gcc-arm-none-eabi-10.3-2021.10\arm-none-eabi\lib\thumb\v6-m\nofp\libc_nano.a(lib_a-assert.o)
 .ARM.attributes
                0x0000071c       0x2c C:\MCU_ARM\gcc-arm-none-eabi-10.3-2021.10\arm-none-eabi\lib\thumb\v6-m\nofp\libc_nano.a(lib_a-closer.o)
 .ARM.attributes
                0x00000748       0x2c C:\MCU_ARM\gcc-arm-none-eabi-10.3-2021.10\arm-none-eabi\lib\thumb\v6-m\nofp\libc_nano.a(lib_a-fflush.o)
 .ARM.attributes
                0x00000774       0x2c C:\MCU_ARM\gcc-arm-none-eabi-10.3-2021.10\arm-none-eabi\lib\thumb\v6-m\nofp\libc_nano.a(lib_a-fprintf.o)
 .ARM.attributes
                0x000007a0       0x2c C:\MCU_ARM\gcc-arm-none-eabi-10.3-2021.10\arm-none-eabi\lib\thumb\v6-m\nofp\libc_nano.a(lib_a-fvwrite.o)
 .ARM.attributes
                0x000007cc       0x2c C:\MCU_ARM\gcc-arm-none-eabi-10.3-2021.10\arm-none-eabi\lib\thumb\v6-m\nofp\libc_nano.a(lib_a-locale.o)
 .ARM.attributes
                0x000007f8       0x2c C:\MCU_ARM\gcc-arm-none-eabi-10.3-2021.10\arm-none-eabi\lib\thumb\v6-m\nofp\libc_nano.a(lib_a-lseekr.o)
 .ARM.attributes
                0x00000824       0x2c C:\MCU_ARM\gcc-arm-none-eabi-10.3-2021.10\arm-none-eabi\lib\thumb\v6-m\nofp\libc_nano.a(lib_a-makebuf.o)
 .ARM.attributes
                0x00000850       0x2c C:\MCU_ARM\gcc-arm-none-eabi-10.3-2021.10\arm-none-eabi\lib\thumb\v6-m\nofp\libc_nano.a(lib_a-mbtowc_r.o)
 .ARM.attributes
                0x0000087c       0x2c C:\MCU_ARM\gcc-arm-none-eabi-10.3-2021.10\arm-none-eabi\lib\thumb\v6-m\nofp\libc_nano.a(lib_a-memmove.o)
 .ARM.attributes
                0x000008a8       0x2c C:\MCU_ARM\gcc-arm-none-eabi-10.3-2021.10\arm-none-eabi\lib\thumb\v6-m\nofp\libc_nano.a(lib_a-mlock.o)
 .ARM.attributes
                0x000008d4       0x2c C:\MCU_ARM\gcc-arm-none-eabi-10.3-2021.10\arm-none-eabi\lib\thumb\v6-m\nofp\libc_nano.a(lib_a-nano-reallocr.o)
 .ARM.attributes
                0x00000900       0x2c C:\MCU_ARM\gcc-arm-none-eabi-10.3-2021.10\arm-none-eabi\lib\thumb\v6-m\nofp\libc_nano.a(lib_a-readr.o)
 .ARM.attributes
                0x0000092c       0x1c C:\MCU_ARM\gcc-arm-none-eabi-10.3-2021.10\arm-none-eabi\lib\thumb\v6-m\nofp\libc_nano.a(lib_a-strcmp.o)
 .ARM.attributes
                0x00000948       0x2c C:\MCU_ARM\gcc-arm-none-eabi-10.3-2021.10\arm-none-eabi\lib\thumb\v6-m\nofp\libc_nano.a(lib_a-wctomb_r.o)
 .ARM.attributes
                0x00000974       0x2c C:\MCU_ARM\gcc-arm-none-eabi-10.3-2021.10\arm-none-eabi\lib\thumb\v6-m\nofp\libc_nano.a(lib_a-abort.o)
 .ARM.attributes
                0x000009a0       0x2c C:\MCU_ARM\gcc-arm-none-eabi-10.3-2021.10\arm-none-eabi\lib\thumb\v6-m\nofp\libc_nano.a(lib_a-ctype_.o)
 .ARM.attributes
                0x000009cc       0x2c C:\MCU_ARM\gcc-arm-none-eabi-10.3-2021.10\arm-none-eabi\lib\thumb\v6-m\nofp\libc_nano.a(lib_a-fstatr.o)
 .ARM.attributes
                0x000009f8       0x2c C:\MCU_ARM\gcc-arm-none-eabi-10.3-2021.10\arm-none-eabi\lib\thumb\v6-m\nofp\libc_nano.a(lib_a-isattyr.o)
 .ARM.attributes
                0x00000a24       0x2c C:\MCU_ARM\gcc-arm-none-eabi-10.3-2021.10\arm-none-eabi\lib\thumb\v6-m\nofp\libc_nano.a(lib_a-nano-msizer.o)
 .ARM.attributes
                0x00000a50       0x2c C:\MCU_ARM\gcc-arm-none-eabi-10.3-2021.10\arm-none-eabi\lib\thumb\v6-m\nofp\libc_nano.a(lib_a-signal.o)
 .ARM.attributes
                0x00000a7c       0x2c C:\MCU_ARM\gcc-arm-none-eabi-10.3-2021.10\arm-none-eabi\lib\thumb\v6-m\nofp\libc_nano.a(lib_a-signalr.o)
 .ARM.attributes
                0x00000aa8       0x1e C:\MCU_ARM\gcc-arm-none-eabi-10.3-2021.10\lib\gcc\arm-none-eabi\10.3.1\thumb\v6-m\nofp\libgcc.a(_thumb1_case_uqi.o)
 .ARM.attributes
                0x00000ac6       0x1e C:\MCU_ARM\gcc-arm-none-eabi-10.3-2021.10\lib\gcc\arm-none-eabi\10.3.1\thumb\v6-m\nofp\libgcc.a(_thumb1_case_shi.o)
 .ARM.attributes
                0x00000ae4       0x1e C:\MCU_ARM\gcc-arm-none-eabi-10.3-2021.10\lib\gcc\arm-none-eabi\10.3.1\thumb\v6-m\nofp\libgcc.a(_arm_cmpdf2.o)
 .ARM.attributes
                0x00000b02       0x2c C:\MCU_ARM\gcc-arm-none-eabi-10.3-2021.10\lib\gcc\arm-none-eabi\10.3.1\thumb\v6-m\nofp\libgcc.a(adddf3.o)
 .ARM.attributes
                0x00000b2e       0x2c C:\MCU_ARM\gcc-arm-none-eabi-10.3-2021.10\lib\gcc\arm-none-eabi\10.3.1\thumb\v6-m\nofp\libgcc.a(eqdf2.o)
 .ARM.attributes
                0x00000b5a       0x2c C:\MCU_ARM\gcc-arm-none-eabi-10.3-2021.10\lib\gcc\arm-none-eabi\10.3.1\thumb\v6-m\nofp\libgcc.a(gedf2.o)
 .ARM.attributes
                0x00000b86       0x2c C:\MCU_ARM\gcc-arm-none-eabi-10.3-2021.10\lib\gcc\arm-none-eabi\10.3.1\thumb\v6-m\nofp\libgcc.a(ledf2.o)
 .ARM.attributes
                0x00000bb2       0x2c C:\MCU_ARM\gcc-arm-none-eabi-10.3-2021.10\lib\gcc\arm-none-eabi\10.3.1\thumb\v6-m\nofp\libgcc.a(subdf3.o)
 .ARM.attributes
                0x00000bde       0x2c C:\MCU_ARM\gcc-arm-none-eabi-10.3-2021.10\lib\gcc\arm-none-eabi\10.3.1\thumb\v6-m\nofp\libgcc.a(unorddf2.o)
 .ARM.attributes
                0x00000c0a       0x2c C:\MCU_ARM\gcc-arm-none-eabi-10.3-2021.10\lib\gcc\arm-none-eabi\10.3.1\thumb\v6-m\nofp\libgcc.a(floatunsidf.o)

.debug_frame    0x00000000     0x1b5c
 .debug_frame   0x00000000      0x148 main.o
 .debug_frame   0x00000148      0x108 lcd.o
 .debug_frame   0x00000250       0x4c adc.o
 .debug_frame   0x0000029c      0x1e8 serial.o
 .debug_frame   0x00000484      0x204 UART2.o
 .debug_frame   0x00000688       0x94 startup.o
 .debug_frame   0x0000071c      0x228 newlib_stubs.o
 .debug_frame   0x00000944       0x20 C:\MCU_ARM\gcc-arm-none-eabi-10.3-2021.10\lib\gcc\arm-none-eabi\10.3.1\thumb\v6-m\nofp\libgcc.a(_divsi3.o)
 .debug_frame   0x00000964       0x3c C:\MCU_ARM\gcc-arm-none-eabi-10.3-2021.10\lib\gcc\arm-none-eabi\10.3.1\thumb\v6-m\nofp\libgcc.a(divdf3.o)
 .debug_frame   0x000009a0       0x3c C:\MCU_ARM\gcc-arm-none-eabi-10.3-2021.10\lib\gcc\arm-none-eabi\10.3.1\thumb\v6-m\nofp\libgcc.a(muldf3.o)
 .debug_frame   0x000009dc       0x2c C:\MCU_ARM\gcc-arm-none-eabi-10.3-2021.10\lib\gcc\arm-none-eabi\10.3.1\thumb\v6-m\nofp\libgcc.a(fixdfsi.o)
 .debug_frame   0x00000a08       0x2c C:\MCU_ARM\gcc-arm-none-eabi-10.3-2021.10\lib\gcc\arm-none-eabi\10.3.1\thumb\v6-m\nofp\libgcc.a(floatsidf.o)
 .debug_frame   0x00000a34       0x20 C:\MCU_ARM\gcc-arm-none-eabi-10.3-2021.10\lib\gcc\arm-none-eabi\10.3.1\thumb\v6-m\nofp\libgcc.a(_udivsi3.o)
 .debug_frame   0x00000a54       0x70 C:\MCU_ARM\gcc-arm-none-eabi-10.3-2021.10\arm-none-eabi\lib\thumb\v6-m\nofp\libc_nano.a(lib_a-nano-vfprintf_float.o)
 .debug_frame   0x00000ac4       0x54 C:\MCU_ARM\gcc-arm-none-eabi-10.3-2021.10\arm-none-eabi\lib\thumb\v6-m\nofp\libc_nano.a(lib_a-nano-vfprintf_i.o)
 .debug_frame   0x00000b18       0x50 C:\MCU_ARM\gcc-arm-none-eabi-10.3-2021.10\arm-none-eabi\lib\thumb\v6-m\nofp\libc_nano.a(lib_a-printf.o)
 .debug_frame   0x00000b68       0x48 C:\MCU_ARM\gcc-arm-none-eabi-10.3-2021.10\arm-none-eabi\lib\thumb\v6-m\nofp\libc_nano.a(lib_a-sprintf.o)
 .debug_frame   0x00000bb0       0x54 C:\MCU_ARM\gcc-arm-none-eabi-10.3-2021.10\arm-none-eabi\lib\thumb\v6-m\nofp\libc_nano.a(lib_a-dtoa.o)
 .debug_frame   0x00000c04      0x170 C:\MCU_ARM\gcc-arm-none-eabi-10.3-2021.10\arm-none-eabi\lib\thumb\v6-m\nofp\libc_nano.a(lib_a-findfp.o)
 .debug_frame   0x00000d74       0x58 C:\MCU_ARM\gcc-arm-none-eabi-10.3-2021.10\arm-none-eabi\lib\thumb\v6-m\nofp\libc_nano.a(lib_a-fwalk.o)
 .debug_frame   0x00000dcc       0x40 C:\MCU_ARM\gcc-arm-none-eabi-10.3-2021.10\arm-none-eabi\lib\thumb\v6-m\nofp\libc_nano.a(lib_a-localeconv.o)
 .debug_frame   0x00000e0c       0xb0 C:\MCU_ARM\gcc-arm-none-eabi-10.3-2021.10\arm-none-eabi\lib\thumb\v6-m\nofp\libc_nano.a(lib_a-lock.o)
 .debug_frame   0x00000ebc       0x40 C:\MCU_ARM\gcc-arm-none-eabi-10.3-2021.10\arm-none-eabi\lib\thumb\v6-m\nofp\libc_nano.a(lib_a-malloc.o)
 .debug_frame   0x00000efc       0x20 C:\MCU_ARM\gcc-arm-none-eabi-10.3-2021.10\arm-none-eabi\lib\thumb\v6-m\nofp\libc_nano.a(lib_a-memchr-stub.o)
 .debug_frame   0x00000f1c       0x28 C:\MCU_ARM\gcc-arm-none-eabi-10.3-2021.10\arm-none-eabi\lib\thumb\v6-m\nofp\libc_nano.a(lib_a-memcpy-stub.o)
 .debug_frame   0x00000f44       0x20 C:\MCU_ARM\gcc-arm-none-eabi-10.3-2021.10\arm-none-eabi\lib\thumb\v6-m\nofp\libc_nano.a(lib_a-memset.o)
 .debug_frame   0x00000f64      0x22c C:\MCU_ARM\gcc-arm-none-eabi-10.3-2021.10\arm-none-eabi\lib\thumb\v6-m\nofp\libc_nano.a(lib_a-mprec.o)
 .debug_frame   0x00001190       0x2c C:\MCU_ARM\gcc-arm-none-eabi-10.3-2021.10\arm-none-eabi\lib\thumb\v6-m\nofp\libc_nano.a(lib_a-nano-callocr.o)
 .debug_frame   0x000011bc       0x2c C:\MCU_ARM\gcc-arm-none-eabi-10.3-2021.10\arm-none-eabi\lib\thumb\v6-m\nofp\libc_nano.a(lib_a-nano-freer.o)
 .debug_frame   0x000011e8       0x50 C:\MCU_ARM\gcc-arm-none-eabi-10.3-2021.10\arm-none-eabi\lib\thumb\v6-m\nofp\libc_nano.a(lib_a-nano-mallocr.o)
 .debug_frame   0x00001238       0x74 C:\MCU_ARM\gcc-arm-none-eabi-10.3-2021.10\arm-none-eabi\lib\thumb\v6-m\nofp\libc_nano.a(lib_a-nano-svfprintf.o)
 .debug_frame   0x000012ac       0x9c C:\MCU_ARM\gcc-arm-none-eabi-10.3-2021.10\arm-none-eabi\lib\thumb\v6-m\nofp\libc_nano.a(lib_a-nano-vfprintf.o)
 .debug_frame   0x00001348       0x2c C:\MCU_ARM\gcc-arm-none-eabi-10.3-2021.10\arm-none-eabi\lib\thumb\v6-m\nofp\libc_nano.a(lib_a-sbrkr.o)
 .debug_frame   0x00001374       0x90 C:\MCU_ARM\gcc-arm-none-eabi-10.3-2021.10\arm-none-eabi\lib\thumb\v6-m\nofp\libc_nano.a(lib_a-stdio.o)
 .debug_frame   0x00001404       0x48 C:\MCU_ARM\gcc-arm-none-eabi-10.3-2021.10\arm-none-eabi\lib\thumb\v6-m\nofp\libc_nano.a(lib_a-wbuf.o)
 .debug_frame   0x0000144c       0x2c C:\MCU_ARM\gcc-arm-none-eabi-10.3-2021.10\arm-none-eabi\lib\thumb\v6-m\nofp\libc_nano.a(lib_a-writer.o)
 .debug_frame   0x00001478       0x2c C:\MCU_ARM\gcc-arm-none-eabi-10.3-2021.10\arm-none-eabi\lib\thumb\v6-m\nofp\libc_nano.a(lib_a-wsetup.o)
 .debug_frame   0x000014a4       0x44 C:\MCU_ARM\gcc-arm-none-eabi-10.3-2021.10\arm-none-eabi\lib\thumb\v6-m\nofp\libc_nano.a(lib_a-assert.o)
 .debug_frame   0x000014e8       0x2c C:\MCU_ARM\gcc-arm-none-eabi-10.3-2021.10\arm-none-eabi\lib\thumb\v6-m\nofp\libc_nano.a(lib_a-closer.o)
 .debug_frame   0x00001514       0x68 C:\MCU_ARM\gcc-arm-none-eabi-10.3-2021.10\arm-none-eabi\lib\thumb\v6-m\nofp\libc_nano.a(lib_a-fflush.o)
 .debug_frame   0x0000157c       0x4c C:\MCU_ARM\gcc-arm-none-eabi-10.3-2021.10\arm-none-eabi\lib\thumb\v6-m\nofp\libc_nano.a(lib_a-fprintf.o)
 .debug_frame   0x000015c8       0x30 C:\MCU_ARM\gcc-arm-none-eabi-10.3-2021.10\arm-none-eabi\lib\thumb\v6-m\nofp\libc_nano.a(lib_a-fvwrite.o)