Archive member included to satisfy reference by file (symbol)

C:\Users\wongh\Downloads\gcc-arm-none-eabi-10.3-2021.10-win32\gcc-arm-none-eabi-10.3-2021.10\arm-none-eabi\lib\thumb\v6-m\nofp\libnosys.a(errno.o)
                              newlib_stubs.o (errno)
C:\Users\wongh\Downloads\gcc-arm-none-eabi-10.3-2021.10-win32\gcc-arm-none-eabi-10.3-2021.10\lib\gcc\arm-none-eabi\10.3.1\thumb\v6-m\nofp\libgcc.a(_udivsi3.o)
                              main.o (__aeabi_uidivmod)
C:\Users\wongh\Downloads\gcc-arm-none-eabi-10.3-2021.10-win32\gcc-arm-none-eabi-10.3-2021.10\lib\gcc\arm-none-eabi\10.3.1\thumb\v6-m\nofp\libgcc.a(_divsi3.o)
                              main.o (__aeabi_idiv)
C:\Users\wongh\Downloads\gcc-arm-none-eabi-10.3-2021.10-win32\gcc-arm-none-eabi-10.3-2021.10\lib\gcc\arm-none-eabi\10.3.1\thumb\v6-m\nofp\libgcc.a(_dvmd_tls.o)
                              C:\Users\wongh\Downloads\gcc-arm-none-eabi-10.3-2021.10-win32\gcc-arm-none-eabi-10.3-2021.10\lib\gcc\arm-none-eabi\10.3.1\thumb\v6-m\nofp\libgcc.a(_udivsi3.o) (__aeabi_idiv0)
C:\Users\wongh\Downloads\gcc-arm-none-eabi-10.3-2021.10-win32\gcc-arm-none-eabi-10.3-2021.10\lib\gcc\arm-none-eabi\10.3.1\thumb\v6-m\nofp\libgcc.a(_arm_cmpsf2.o)
                              main.o (__aeabi_fcmplt)
C:\Users\wongh\Downloads\gcc-arm-none-eabi-10.3-2021.10-win32\gcc-arm-none-eabi-10.3-2021.10\lib\gcc\arm-none-eabi\10.3.1\thumb\v6-m\nofp\libgcc.a(addsf3.o)
                              main.o (__aeabi_fadd)
C:\Users\wongh\Downloads\gcc-arm-none-eabi-10.3-2021.10-win32\gcc-arm-none-eabi-10.3-2021.10\lib\gcc\arm-none-eabi\10.3.1\thumb\v6-m\nofp\libgcc.a(divsf3.o)
                              main.o (__aeabi_fdiv)
C:\Users\wongh\Downloads\gcc-arm-none-eabi-10.3-2021.10-win32\gcc-arm-none-eabi-10.3-2021.10\lib\gcc\arm-none-eabi\10.3.1\thumb\v6-m\nofp\libgcc.a(eqsf2.o)
                              C:\Users\wongh\Downloads\gcc-arm-none-eabi-10.3-2021.10-win32\gcc-arm-none-eabi-10.3-2021.10\lib\gcc\arm-none-eabi\10.3.1\thumb\v6-m\nofp\libgcc.a(_arm_cmpsf2.o) (__eqsf2)
C:\Users\wongh\Downloads\gcc-arm-none-eabi-10.3-2021.10-win32\gcc-arm-none-eabi-10.3-2021.10\lib\gcc\arm-none-eabi\10.3.1\thumb\v6-m\nofp\libgcc.a(gesf2.o)
                              C:\Users\wongh\Downloads\gcc-arm-none-eabi-10.3-2021.10-win32\gcc-arm-none-eabi-10.3-2021.10\lib\gcc\arm-none-eabi\10.3.1\thumb\v6-m\nofp\libgcc.a(_arm_cmpsf2.o) (__gesf2)
C:\Users\wongh\Downloads\gcc-arm-none-eabi-10.3-2021.10-win32\gcc-arm-none-eabi-10.3-2021.10\lib\gcc\arm-none-eabi\10.3.1\thumb\v6-m\nofp\libgcc.a(lesf2.o)
                              C:\Users\wongh\Downloads\gcc-arm-none-eabi-10.3-2021.10-win32\gcc-arm-none-eabi-10.3-2021.10\lib\gcc\arm-none-eabi\10.3.1\thumb\v6-m\nofp\libgcc.a(_arm_cmpsf2.o) (__lesf2)
C:\Users\wongh\Downloads\gcc-arm-none-eabi-10.3-2021.10-win32\gcc-arm-none-eabi-10.3-2021.10\lib\gcc\arm-none-eabi\10.3.1\thumb\v6-m\nofp\libgcc.a(subsf3.o)
                              main.o (__aeabi_fsub)
C:\Users\wongh\Downloads\gcc-arm-none-eabi-10.3-2021.10-win32\gcc-arm-none-eabi-10.3-2021.10\lib\gcc\arm-none-eabi\10.3.1\thumb\v6-m\nofp\libgcc.a(fixsfsi.o)
                              main.o (__aeabi_f2iz)
C:\Users\wongh\Downloads\gcc-arm-none-eabi-10.3-2021.10-win32\gcc-arm-none-eabi-10.3-2021.10\lib\gcc\arm-none-eabi\10.3.1\thumb\v6-m\nofp\libgcc.a(floatsisf.o)
                              main.o (__aeabi_i2f)
C:\Users\wongh\Downloads\gcc-arm-none-eabi-10.3-2021.10-win32\gcc-arm-none-eabi-10.3-2021.10\lib\gcc\arm-none-eabi\10.3.1\thumb\v6-m\nofp\libgcc.a(adddf3.o)
                              main.o (__aeabi_dadd)
C:\Users\wongh\Downloads\gcc-arm-none-eabi-10.3-2021.10-win32\gcc-arm-none-eabi-10.3-2021.10\lib\gcc\arm-none-eabi\10.3.1\thumb\v6-m\nofp\libgcc.a(divdf3.o)
                              main.o (__aeabi_ddiv)
C:\Users\wongh\Downloads\gcc-arm-none-eabi-10.3-2021.10-win32\gcc-arm-none-eabi-10.3-2021.10\lib\gcc\arm-none-eabi\10.3.1\thumb\v6-m\nofp\libgcc.a(muldf3.o)
                              main.o (__aeabi_dmul)
C:\Users\wongh\Downloads\gcc-arm-none-eabi-10.3-2021.10-win32\gcc-arm-none-eabi-10.3-2021.10\lib\gcc\arm-none-eabi\10.3.1\thumb\v6-m\nofp\libgcc.a(fixdfsi.o)
                              main.o (__aeabi_d2iz)
C:\Users\wongh\Downloads\gcc-arm-none-eabi-10.3-2021.10-win32\gcc-arm-none-eabi-10.3-2021.10\lib\gcc\arm-none-eabi\10.3.1\thumb\v6-m\nofp\libgcc.a(floatsidf.o)
                              main.o (__aeabi_i2d)
C:\Users\wongh\Downloads\gcc-arm-none-eabi-10.3-2021.10-win32\gcc-arm-none-eabi-10.3-2021.10\lib\gcc\arm-none-eabi\10.3.1\thumb\v6-m\nofp\libgcc.a(extendsfdf2.o)
                              main.o (__aeabi_f2d)
C:\Users\wongh\Downloads\gcc-arm-none-eabi-10.3-2021.10-win32\gcc-arm-none-eabi-10.3-2021.10\lib\gcc\arm-none-eabi\10.3.1\thumb\v6-m\nofp\libgcc.a(truncdfsf2.o)
                              main.o (__aeabi_d2f)
[...]
Memory Configuration

Name             Origin             Length             Attributes
flash            0x08000000         0x00010000
ram              0x20000000         0x00002000
*default*        0x00000000         0xffffffff

Linker script and memory map

LOAD main.o
LOAD lcd.o
LOAD adc.o
LOAD serial.o
LOAD UART1.o
LOAD UART2.o
LOAD startup.o
LOAD newlib_stubs.o
LOAD C:\Users\wongh\Downloads\gcc-arm-none-eabi-10.3-2021.10-win32\gcc-arm-none-eabi-10.3-2021.10\arm-none-eabi\lib\thumb\v6-m\nofp\libnosys.a
LOAD C:\Users\wongh\Downloads\gcc-arm-none-eabi-10.3-2021.10-win32\gcc-arm-none-eabi-10.3-2021.10\lib\gcc\arm-none-eabi\10.3.1\thumb\v6-m\nofp\libgcc.a
START GROUP
LOAD C:\Users\wongh\Downloads\gcc-arm-none-eabi-10.3-2021.10-win32\gcc-arm-none-eabi-10.3-2021.10\lib\gcc\arm-none-eabi\10.3.1\thumb\v6-m\nofp\libgcc.a
LOAD C:\Users\wongh\Downloads\gcc-arm-none-eabi-10.3-2021.10-win32\gcc-arm-none-eabi-10.3-2021.10\arm-none-eabi\lib\thumb\v6-m\nofp\libc_nano.a
LOAD C:\Users\wongh\Downloads\gcc-arm-none-eabi-10.3-2021.10-win32\gcc-arm-none-eabi-10.3-2021.10\arm-none-eabi\lib\thumb\v6-m\nofp\libm.a
END GROUP

.text           0x08000000     0xb070
 *(.vectors)
 .vectors       0x08000000       0xb8 startup.o
                0x08000000                Vectors
 *(.after_vectors*)
 .after_vectors
                0x080000b8       0x28 startup.o
                0x080000b8                ResetInit
 *(.text*)
 .text          0x080000e0     0x10cc main.o
                0x080000e0                Set_Pin_Input
                0x0800019e                Set_Pin_Output
                0x08000254                Configure_Pins
                0x08000424                Setbuzzer_freq
                0x0800044c                Buzzer
                0x080004c0                buzzer_ctrl
                0x08000528                SendATCommand
                0x08000580                ReceptionOff
                0x080005d8                LCD_Custom_Char
                0x08000628                Auto_enter
                0x08000668                TIM21_Handler
                0x08000694                TIM22_Handler
                0x08000728                Coin_chk
                0x080007e4                Coin_view
                0x0800093c                calculate_std
                0x08000a14                calculate_mean
                0x08000a76                main
 .text          0x080011ac      0x38c lcd.o
                0x080011ac                Delay_us
                0x0800120c                waitms
                0x08001258                LCD_pulse
                0x08001288                LCD_byte
                0x0800140a                WriteData
                0x0800143e                WriteCommand
                0x08001472                LCD_4BIT
                0x080014bc                LCDprint
 .text          0x08001538      0x10c adc.o
                0x08001538                initADC
                0x080015d8                readADC
 .text          0x08001644      0x5b4 serial.o
                0x08001644                ReadCom
                0x080016b8                WriteCom
                0x08001758                initUART
                0x080018a8                USART1_Handler
                0x080018d4                usart_rx
                0x08001904                usart_tx
                0x0800196c                PutBuf
                0x080019ce                GetBuf
                0x08001a24                GetBufCount
                0x08001a38                eputs
                0x08001a74                eputc
                0x08001a92                egetc
                0x08001aac                egets
                0x08001b38                egetc_echo
                0x08001b5e                egets_echo
 .text          0x08001bf8       0xd4 UART1.o
                0x08001bf8                uart1_init
                0x08001c70                uart1_send_char
                0x08001ca0                uart1_send_str
 .text          0x08001ccc      0x5c8 UART2.o
                0x08001ccc                ReadCom2
                0x08001d40                WriteCom2
                0x08001de0                initUART2
                0x08001f2c                USART2_Handler
                0x08001f58                usart_rx2
                0x08001f88                usart_tx2
                0x08001ff0                PutBuf2
                0x08002052                GetBuf2
                0x080020a8                GetBufCount2
                0x080020bc                eputs2
                0x080020f8                eputc2
                0x08002116                egetc2
                0x08002130                egets2
                0x080021bc                ReceivedBytes2
                0x080021d4                egetc_echo2
                0x080021fa                egets_echo2
 .text          0x08002294      0x1a8 startup.o
                0x0800230c                initClock
                0x08002414                EXTI2_3_Handler
                0x08002414                SysTick_Handler
                0x08002414                I2C1_Handler
                0x08002414                PendSV_Handler
                0x08002414                NMI_Handler
                0x08002414                WWDG_Handler
                0x08002414                RTC_Handler
                0x08002414                EXTI4_15_Handler
                0x08002414                TIM2_Handler
                0x08002414                DMA_CH4_5_6_7_Handler
                0x08002414                Default_Handler
                0x08002414                LPUART1_Handler
                0x08002414                FLASH_Handler
                0x08002414                EXTI0_1_Handler
                0x08002414                DMA_CH1_Handler
                0x08002414                SPI2_Handler
                0x08002414                DMA_CH2_3_Handler
                0x08002414                I2C2_Handler
                0x08002414                SVC_Handler
                0x08002414                LPTIM1_Handler
                0x08002414                SPI1_Handler
                0x08002414                RCC_Handler
                0x08002414                PVD_Handler
                0x08002414                TIM6_Handler
                0x08002414                ADC_COMP_Handler
                0x08002428                Hard_Fault_Handler
 .text          0x0800243c      0x29c newlib_stubs.o
                0x0800243c                _exit
                0x08002446                _close
                0x0800245a                _execve
                0x0800247c                _fork
                0x08002494                _fstat
                0x080024b0                _getpid
                0x080024bc                _kill
                0x080024dc                _link
                0x080024fc                _lseek
                0x08002512                _stat
                0x0800252e                _times
                0x08002542                _unlink
                0x08002560                _wait
                0x08002580                _isatty
                0x080025a8                _sbrk
                0x0800260c                _read
                0x08002684                _write
 .text          0x080026d8        0x0 C:\Users\wongh\Downloads\gcc-arm-none-eabi-10.3-2021.10-win32\gcc-arm-none-eabi-10.3-2021.10\arm-none-eabi\lib\thumb\v6-m\nofp\libnosys.a(errno.o)
 .text          0x080026d8      0x114 C:\Users\wongh\Downloads\gcc-arm-none-eabi-10.3-2021.10-win32\gcc-arm-none-eabi-10.3-2021.10\lib\gcc\arm-none-eabi\10.3.1\thumb\v6-m\nofp\libgcc.a(_udivsi3.o)
                0x080026d8                __aeabi_uidiv
                0x080026d8                __udivsi3
                0x080027e4                __aeabi_uidivmod
 .text          0x080027ec      0x1d4 C:\Users\wongh\Downloads\gcc-arm-none-eabi-10.3-2021.10-win32\gcc-arm-none-eabi-10.3-2021.10\lib\gcc\arm-none-eabi\10.3.1\thumb\v6-m\nofp\libgcc.a(_divsi3.o)
                0x080027ec                __divsi3
                0x080027ec                __aeabi_idiv
                0x080029b8                __aeabi_idivmod
 .text          0x080029c0        0x4 C:\Users\wongh\Downloads\gcc-arm-none-eabi-10.3-2021.10-win32\gcc-arm-none-eabi-10.3-2021.10\lib\gcc\arm-none-eabi\10.3.1\thumb\v6-m\nofp\libgcc.a(_dvmd_tls.o)
                0x080029c0                __aeabi_idiv0
                0x080029c0                __aeabi_ldiv0
 .text          0x080029c4       0x74 C:\Users\wongh\Downloads\gcc-arm-none-eabi-10.3-2021.10-win32\gcc-arm-none-eabi-10.3-2021.10\lib\gcc\arm-none-eabi\10.3.1\thumb\v6-m\nofp\libgcc.a(_arm_cmpsf2.o)
                0x080029c4                __aeabi_cfrcmple
                0x080029cc                __aeabi_cfcmpeq
                0x080029cc                __aeabi_cfcmple
                0x080029dc                __aeabi_fcmpeq
                0x080029e8                __aeabi_fcmplt
                0x080029fc                __aeabi_fcmple
                0x08002a10                __aeabi_fcmpgt
                0x08002a24                __aeabi_fcmpge
 .text          0x08002a38      0x33c C:\Users\wongh\Downloads\gcc-arm-none-eabi-10.3-2021.10-win32\gcc-arm-none-eabi-10.3-2021.10\lib\gcc\arm-none-eabi\10.3.1\thumb\v6-m\nofp\libgcc.a(addsf3.o)
                0x08002a38                __aeabi_fadd
 .text          0x08002d74      0x230 C:\Users\wongh\Downloads\gcc-arm-none-eabi-10.3-2021.10-win32\gcc-arm-none-eabi-10.3-2021.10\lib\gcc\arm-none-eabi\10.3.1\thumb\v6-m\nofp\libgcc.a(divsf3.o)
                0x08002d74                __aeabi_fdiv
 .text          0x08002fa4       0x4c C:\Users\wongh\Downloads\gcc-arm-none-eabi-10.3-2021.10-win32\gcc-arm-none-eabi-10.3-2021.10\lib\gcc\arm-none-eabi\10.3.1\thumb\v6-m\nofp\libgcc.a(eqsf2.o)
                0x08002fa4                __eqsf2
                0x08002fa4                __nesf2
 .text          0x08002ff0       0x8c C:\Users\wongh\Downloads\gcc-arm-none-eabi-10.3-2021.10-win32\gcc-arm-none-eabi-10.3-2021.10\lib\gcc\arm-none-eabi\10.3.1\thumb\v6-m\nofp\libgcc.a(gesf2.o)
                0x08002ff0                __gesf2
                0x08002ff0                __gtsf2
 .text          0x0800307c       0x88 C:\Users\wongh\Downloads\gcc-arm-none-eabi-10.3-2021.10-win32\gcc-arm-none-eabi-10.3-2021.10\lib\gcc\arm-none-eabi\10.3.1\thumb\v6-m\nofp\libgcc.a(lesf2.o)
                0x0800307c                __ltsf2
                0x0800307c                __lesf2
 .text          0x08003104      0x35c C:\Users\wongh\Downloads\gcc-arm-none-eabi-10.3-2021.10-win32\gcc-arm-none-eabi-10.3-2021.10\lib\gcc\arm-none-eabi\10.3.1\thumb\v6-m\nofp\libgcc.a(subsf3.o)
                0x08003104                __aeabi_fsub
 .text          0x08003460       0x40 C:\Users\wongh\Downloads\gcc-arm-none-eabi-10.3-2021.10-win32\gcc-arm-none-eabi-10.3-2021.10\lib\gcc\arm-none-eabi\10.3.1\thumb\v6-m\nofp\libgcc.a(fixsfsi.o)
                0x08003460                __aeabi_f2iz
 .text          0x080034a0       0x9c C:\Users\wongh\Downloads\gcc-arm-none-eabi-10.3-2021.10-win32\gcc-arm-none-eabi-10.3-2021.10\lib\gcc\arm-none-eabi\10.3.1\thumb\v6-m\nofp\libgcc.a(floatsisf.o)
                0x080034a0                __aeabi_i2f
 .text          0x0800353c      0x678 C:\Users\wongh\Downloads\gcc-arm-none-eabi-10.3-2021.10-win32\gcc-arm-none-eabi-10.3-2021.10\lib\gcc\arm-none-eabi\10.3.1\thumb\v6-m\nofp\libgcc.a(adddf3.o)
                0x0800353c                __aeabi_dadd
 .text          0x08003bb4      0x5ec C:\Users\wongh\Downloads\gcc-arm-none-eabi-10.3-2021.10-win32\gcc-arm-none-eabi-10.3-2021.10\lib\gcc\arm-none-eabi\10.3.1\thumb\v6-m\nofp\libgcc.a(divdf3.o)
                0x08003bb4                __aeabi_ddiv
 .text          0x080041a0      0x4d8 C:\Users\wongh\Downloads\gcc-arm-none-eabi-10.3-2021.10-win32\gcc-arm-none-eabi-10.3-2021.10\lib\gcc\arm-none-eabi\10.3.1\thumb\v6-m\nofp\libgcc.a(muldf3.o)
                0x080041a0                __aeabi_dmul
 .text          0x08004678       0x6c C:\Users\wongh\Downloads\gcc-arm-none-eabi-10.3-2021.10-win32\gcc-arm-none-eabi-10.3-2021.10\lib\gcc\arm-none-eabi\10.3.1\thumb\v6-m\nofp\libgcc.a(fixdfsi.o)
                0x08004678                __aeabi_d2iz
 .text          0x080046e4       0x60 C:\Users\wongh\Downloads\gcc-arm-none-eabi-10.3-2021.10-win32\gcc-arm-none-eabi-10.3-2021.10\lib\gcc\arm-none-eabi\10.3.1\thumb\v6-m\nofp\libgcc.a(floatsidf.o)
                0x080046e4                __aeabi_i2d
 .text          0x08004744       0x90 C:\Users\wongh\Downloads\gcc-arm-none-eabi-10.3-2021.10-win32\gcc-arm-none-eabi-10.3-2021.10\lib\gcc\arm-none-eabi\10.3.1\thumb\v6-m\nofp\libgcc.a(extendsfdf2.o)
                0x08004744                __aeabi_f2d
 .text          0x080047d4      0x110 C:\Users\wongh\Downloads\gcc-arm-none-eabi-10.3-2021.10-win32\gcc-arm-none-eabi-10.3-2021.10\lib\gcc\arm-none-eabi\10.3.1\thumb\v6-m\nofp\libgcc.a(truncdfsf2.o)
                0x080047d4                __aeabi_d2f
 .text          0x080048e4       0x3c C:\Users\wongh\Downloads\gcc-arm-none-eabi-10.3-2021.10-win32\gcc-arm-none-eabi-10.3-2021.10\lib\gcc\arm-none-eabi\10.3.1\thumb\v6-m\nofp\libgcc.a(_clzsi2.o)
                0x080048e4                __clzsi2
 .text          0x08004920        0x0 C:\Users\wongh\Downloads\gcc-arm-none-eabi-10.3-2021.10-win32\gcc-arm-none-eabi-10.3-2021.10\arm-none-eabi\lib\thumb\v6-m\nofp\libc_nano.a(lib_a-memset.o)
 .text.memset   0x08004920       0x10 C:\Users\wongh\Downloads\gcc-arm-none-eabi-10.3-2021.10-win32\gcc-arm-none-eabi-10.3-2021.10\arm-none-eabi\lib\thumb\v6-m\nofp\libc_nano.a(lib_a-memset.o)
                0x08004920                memset
 .text          0x08004930        0x0 C:\Users\wongh\Downloads\gcc-arm-none-eabi-10.3-2021.10-win32\gcc-arm-none-eabi-10.3-2021.10\arm-none-eabi\lib\thumb\v6-m\nofp\libc_nano.a(lib_a-nano-vfprintf_float.o)
 .text.__cvt    0x08004930       0xc6 C:\Users\wongh\Downloads\gcc-arm-none-eabi-10.3-2021.10-win32\gcc-arm-none-eabi-10.3-2021.10\arm-none-eabi\lib\thumb\v6-m\nofp\libc_nano.a(lib_a-nano-vfprintf_float.o)
                0x08004930                __cvt
 .text.__exponent
                0x080049f6       0x8e C:\Users\wongh\Downloads\gcc-arm-none-eabi-10.3-2021.10-win32\gcc-arm-none-eabi-10.3-2021.10\arm-none-eabi\lib\thumb\v6-m\nofp\libc_nano.a(lib_a-nano-vfprintf_float.o)
                0x080049f6                __exponent
 .text._printf_float
                0x08004a84      0x484 C:\Users\wongh\Downloads\gcc-arm-none-eabi-10.3-2021.10-win32\gcc-arm-none-eabi-10.3-2021.10\arm-none-eabi\lib\thumb\v6-m\nofp\libc_nano.a(lib_a-nano-vfprintf_float.o)
                0x08004a84                _printf_float
 .text          0x08004f08        0x0 C:\Users\wongh\Downloads\gcc-arm-none-eabi-10.3-2021.10-win32\gcc-arm-none-eabi-10.3-2021.10\arm-none-eabi\lib\thumb\v6-m\nofp\libc_nano.a(lib_a-nano-vfprintf_i.o)
 .text._printf_common
                0x08004f08       0xde C:\Users\wongh\Downloads\gcc-arm-none-eabi-10.3-2021.10-win32\gcc-arm-none-eabi-10.3-2021.10\arm-none-eabi\lib\thumb\v6-m\nofp\libc_nano.a(lib_a-nano-vfprintf_i.o)
                0x08004f08                _printf_common
 *fill*         0x08004fe6        0x2 
 .text._printf_i
                0x08004fe8      0x224 C:\Users\wongh\Downloads\gcc-arm-none-eabi-10.3-2021.10-win32\gcc-arm-none-eabi-10.3-2021.10\arm-none-eabi\lib\thumb\v6-m\nofp\libc_nano.a(lib_a-nano-vfprintf_i.o)
                0x08004fe8                _printf_i
 .text          0x0800520c        0x0 C:\Users\wongh\Downloads\gcc-arm-none-eabi-10.3-2021.10-win32\gcc-arm-none-eabi-10.3-2021.10\arm-none-eabi\lib\thumb\v6-m\nofp\libc_nano.a(lib_a-sprintf.o)
 .text._sprintf_r
                0x0800520c       0x38 C:\Users\wongh\Downloads\gcc-arm-none-eabi-10.3-2021.10-win32\gcc-arm-none-eabi-10.3-2021.10\arm-none-eabi\lib\thumb\v6-m\nofp\libc_nano.a(lib_a-sprintf.o)
                0x0800520c                _sprintf_r
                0x0800520c                _siprintf_r
 .text.sprintf  0x08005244       0x40 C:\Users\wongh\Downloads\gcc-arm-none-eabi-10.3-2021.10-win32\gcc-arm-none-eabi-10.3-2021.10\arm-none-eabi\lib\thumb\v6-m\nofp\libc_nano.a(lib_a-sprintf.o)
                0x08005244                siprintf
                0x08005244                sprintf
 .text          0x08005284        0x0 C:\Users\wongh\Downloads\gcc-arm-none-eabi-10.3-2021.10-win32\gcc-arm-none-eabi-10.3-2021.10\arm-none-eabi\lib\thumb\v6-m\nofp\libc_nano.a(lib_a-sscanf.o)
 .text.sscanf   0x08005284       0x50 C:\Users\wongh\Downloads\gcc-arm-none-eabi-10.3-2021.10-win32\gcc-arm-none-eabi-10.3-2021.10\arm-none-eabi\lib\thumb\v6-m\nofp\libc_nano.a(lib_a-sscanf.o)
                0x08005284                siscanf
                0x08005284                sscanf
 .text._sscanf_r
                0x080052d4       0x50 C:\Users\wongh\Downloads\gcc-arm-none-eabi-10.3-2021.10-win32\gcc-arm-none-eabi-10.3-2021.10\arm-none-eabi\lib\thumb\v6-m\nofp\libc_nano.a(lib_a-sscanf.o)
                0x080052d4                _sscanf_r
                0x080052d4                _siscanf_r
 .text          0x08005324        0x0 C:\Users\wongh\Downloads\gcc-arm-none-eabi-10.3-2021.10-win32\gcc-arm-none-eabi-10.3-2021.10\arm-none-eabi\lib\thumb\v6-m\nofp\libc_nano.a(lib_a-stdio.o)
 .text.__sread  0x08005324       0x28 C:\Users\wongh\Downloads\gcc-arm-none-eabi-10.3-2021.10-win32\gcc-arm-none-eabi-10.3-2021.10\arm-none-eabi\lib\thumb\v6-m\nofp\libc_nano.a(lib_a-stdio.o)
                0x08005324                __sread
 .text.__seofread
                0x0800534c        0x4 C:\Users\wongh\Downloads\gcc-arm-none-eabi-10.3-2021.10-win32\gcc-arm-none-eabi-10.3-2021.10\arm-none-eabi\lib\thumb\v6-m\nofp\libc_nano.a(lib_a-stdio.o)
                0x0800534c                __seofread
 .text.__swrite
                0x08005350       0x38 C:\Users\wongh\Downloads\gcc-arm-none-eabi-10.3-2021.10-win32\gcc-arm-none-eabi-10.3-2021.10\arm-none-eabi\lib\thumb\v6-m\nofp\libc_nano.a(lib_a-stdio.o)
                0x08005350                __swrite
 .text.__sseek  0x08005388       0x2c C:\Users\wongh\Downloads\gcc-arm-none-eabi-10.3-2021.10-win32\gcc-arm-none-eabi-10.3-2021.10\arm-none-eabi\lib\thumb\v6-m\nofp\libc_nano.a(lib_a-stdio.o)
                0x08005388                __sseek
 .text.__sclose
                0x080053b4        0xc C:\Users\wongh\Downloads\gcc-arm-none-eabi-10.3-2021.10-win32\gcc-arm-none-eabi-10.3-2021.10\arm-none-eabi\lib\thumb\v6-m\nofp\libc_nano.a(lib_a-stdio.o)
                0x080053b4                __sclose
 .text          0x080053c0        0xe C:\Users\wongh\Downloads\gcc-arm-none-eabi-10.3-2021.10-win32\gcc-arm-none-eabi-10.3-2021.10\arm-none-eabi\lib\thumb\v6-m\nofp\libc_nano.a(lib_a-strlen.o)
                0x080053c0                strlen
 .text          0x080053ce        0x0 C:\Users\wongh\Downloads\gcc-arm-none-eabi-10.3-2021.10-win32\gcc-arm-none-eabi-10.3-2021.10\arm-none-eabi\lib\thumb\v6-m\nofp\libc_nano.a(lib_a-writer.o)
 *fill*         0x080053ce        0x2 
 .text._write_r
                0x080053d0       0x28 C:\Users\wongh\Downloads\gcc-arm-none-eabi-10.3-2021.10-win32\gcc-arm-none-eabi-10.3-2021.10\arm-none-eabi\lib\thumb\v6-m\nofp\libc_nano.a(lib_a-writer.o)
                0x080053d0                _write_r
 .text          0x080053f8        0x0 C:\Users\wongh\Downloads\gcc-arm-none-eabi-10.3-2021.10-win32\gcc-arm-none-eabi-10.3-2021.10\arm-none-eabi\lib\thumb\v6-m\nofp\libc_nano.a(lib_a-closer.o)
 .text._close_r
                0x080053f8       0x24 C:\Users\wongh\Downloads\gcc-arm-none-eabi-10.3-2021.10-win32\gcc-arm-none-eabi-10.3-2021.10\arm-none-eabi\lib\thumb\v6-m\nofp\libc_nano.a(lib_a-closer.o)
                0x080053f8                _close_r
 .text          0x0800541c        0x0 C:\Users\wongh\Downloads\gcc-arm-none-eabi-10.3-2021.10-win32\gcc-arm-none-eabi-10.3-2021.10\arm-none-eabi\lib\thumb\v6-m\nofp\libc_nano.a(lib_a-dtoa.o)
 .text.quorem   0x0800541c      0x116 C:\Users\wongh\Downloads\gcc-arm-none-eabi-10.3-2021.10-win32\gcc-arm-none-eabi-10.3-2021.10\arm-none-eabi\lib\thumb\v6-m\nofp\libc_nano.a(lib_a-dtoa.o)
 *fill*         0x08005532        0x2 
 .text._dtoa_r  0x08005534      0xc34 C:\Users\wongh\Downloads\gcc-arm-none-eabi-10.3-2021.10-win32\gcc-arm-none-eabi-10.3-2021.10\arm-none-eabi\lib\thumb\v6-m\nofp\libc_nano.a(lib_a-dtoa.o)
                0x08005534                _dtoa_r
 .text          0x08006168        0x0 C:\Users\wongh\Downloads\gcc-arm-none-eabi-10.3-2021.10-win32\gcc-arm-none-eabi-10.3-2021.10\arm-none-eabi\lib\thumb\v6-m\nofp\libc_nano.a(lib_a-impure.o)
 .text          0x08006168        0x0 C:\Users\wongh\Downloads\gcc-arm-none-eabi-10.3-2021.10-win32\gcc-arm-none-eabi-10.3-2021.10\arm-none-eabi\lib\thumb\v6-m\nofp\libc_nano.a(lib_a-localeconv.o)
 .text.__localeconv_l
                0x08006168        0x4 C:\Users\wongh\Downloads\gcc-arm-none-eabi-10.3-2021.10-win32\gcc-arm-none-eabi-10.3-2021.10\arm-none-eabi\lib\thumb\v6-m\nofp\libc_nano.a(lib_a-localeconv.o)
                0x08006168                __localeconv_l
 .text._localeconv_r
                0x0800616c        0x8 C:\Users\wongh\Downloads\gcc-arm-none-eabi-10.3-2021.10-win32\gcc-arm-none-eabi-10.3-2021.10\arm-none-eabi\lib\thumb\v6-m\nofp\libc_nano.a(lib_a-localeconv.o)
                0x0800616c                _localeconv_r
 .text.localeconv
                0x08006174        0x8 C:\Users\wongh\Downloads\gcc-arm-none-eabi-10.3-2021.10-win32\gcc-arm-none-eabi-10.3-2021.10\arm-none-eabi\lib\thumb\v6-m\nofp\libc_nano.a(lib_a-localeconv.o)
                0x08006174                localeconv
 .text          0x0800617c        0x0 C:\Users\wongh\Downloads\gcc-arm-none-eabi-10.3-2021.10-win32\gcc-arm-none-eabi-10.3-2021.10\arm-none-eabi\lib\thumb\v6-m\nofp\libc_nano.a(lib_a-lseekr.o)
 .text._lseek_r
                0x0800617c       0x28 C:\Users\wongh\Downloads\gcc-arm-none-eabi-10.3-2021.10-win32\gcc-arm-none-eabi-10.3-2021.10\arm-none-eabi\lib\thumb\v6-m\nofp\libc_nano.a(lib_a-lseekr.o)
                0x0800617c                _lseek_r
 .text          0x080061a4        0x0 C:\Users\wongh\Downloads\gcc-arm-none-eabi-10.3-2021.10-win32\gcc-arm-none-eabi-10.3-2021.10\arm-none-eabi\lib\thumb\v6-m\nofp\libc_nano.a(lib_a-malloc.o)
 .text.malloc   0x080061a4       0x14 C:\Users\wongh\Downloads\gcc-arm-none-eabi-10.3-2021.10-win32\gcc-arm-none-eabi-10.3-2021.10\arm-none-eabi\lib\thumb\v6-m\nofp\libc_nano.a(lib_a-malloc.o)
                0x080061a4                malloc
 .text.free     0x080061b8       0x14 C:\Users\wongh\Downloads\gcc-arm-none-eabi-10.3-2021.10-win32\gcc-arm-none-eabi-10.3-2021.10\arm-none-eabi\lib\thumb\v6-m\nofp\libc_nano.a(lib_a-malloc.o)
                0x080061b8                free
 .text          0x080061cc        0x0 C:\Users\wongh\Downloads\gcc-arm-none-eabi-10.3-2021.10-win32\gcc-arm-none-eabi-10.3-2021.10\arm-none-eabi\lib\thumb\v6-m\nofp\libc_nano.a(lib_a-memchr-stub.o)
 .text.memchr   0x080061cc       0x16 C:\Users\wongh\Downloads\gcc-arm-none-eabi-10.3-2021.10-win32\gcc-arm-none-eabi-10.3-2021.10\arm-none-eabi\lib\thumb\v6-m\nofp\libc_nano.a(lib_a-memchr-stub.o)
                0x080061cc                memchr
 .text          0x080061e2        0x0 C:\Users\wongh\Downloads\gcc-arm-none-eabi-10.3-2021.10-win32\gcc-arm-none-eabi-10.3-2021.10\arm-none-eabi\lib\thumb\v6-m\nofp\libc_nano.a(lib_a-memcpy-stub.o)
 .text.memcpy   0x080061e2       0x12 C:\Users\wongh\Downloads\gcc-arm-none-eabi-10.3-2021.10-win32\gcc-arm-none-eabi-10.3-2021.10\arm-none-eabi\lib\thumb\v6-m\nofp\libc_nano.a(lib_a-memcpy-stub.o)
                0x080061e2                memcpy
 .text          0x080061f4        0x0 C:\Users\wongh\Downloads\gcc-arm-none-eabi-10.3-2021.10-win32\gcc-arm-none-eabi-10.3-2021.10\arm-none-eabi\lib\thumb\v6-m\nofp\libc_nano.a(lib_a-mprec.o)
 .text._Balloc  0x080061f4       0x88 C:\Users\wongh\Downloads\gcc-arm-none-eabi-10.3-2021.10-win32\gcc-arm-none-eabi-10.3-2021.10\arm-none-eabi\lib\thumb\v6-m\nofp\libc_nano.a(lib_a-mprec.o)
                0x080061f4                _Balloc
 .text._Bfree   0x0800627c       0x48 C:\Users\wongh\Downloads\gcc-arm-none-eabi-10.3-2021.10-win32\gcc-arm-none-eabi-10.3-2021.10\arm-none-eabi\lib\thumb\v6-m\nofp\libc_nano.a(lib_a-mprec.o)
                0x0800627c                _Bfree
 .text.__multadd
                0x080062c4       0x88 C:\Users\wongh\Downloads\gcc-arm-none-eabi-10.3-2021.10-win32\gcc-arm-none-eabi-10.3-2021.10\arm-none-eabi\lib\thumb\v6-m\nofp\libc_nano.a(lib_a-mprec.o)
                0x080062c4                __multadd
 .text.__s2b    0x0800634c       0x98 C:\Users\wongh\Downloads\gcc-arm-none-eabi-10.3-2021.10-win32\gcc-arm-none-eabi-10.3-2021.10\arm-none-eabi\lib\thumb\v6-m\nofp\libc_nano.a(lib_a-mprec.o)
                0x0800634c                __s2b
 .text.__hi0bits
                0x080063e4       0x34 C:\Users\wongh\Downloads\gcc-arm-none-eabi-10.3-2021.10-win32\gcc-arm-none-eabi-10.3-2021.10\arm-none-eabi\lib\thumb\v6-m\nofp\libc_nano.a(lib_a-mprec.o)
                0x080063e4                __hi0bits
 .text.__lo0bits
                0x08006418       0x5c C:\Users\wongh\Downloads\gcc-arm-none-eabi-10.3-2021.10-win32\gcc-arm-none-eabi-10.3-2021.10\arm-none-eabi\lib\thumb\v6-m\nofp\libc_nano.a(lib_a-mprec.o)
                0x08006418                __lo0bits
 .text.__i2b    0x08006474       0x2c C:\Users\wongh\Downloads\gcc-arm-none-eabi-10.3-2021.10-win32\gcc-arm-none-eabi-10.3-2021.10\arm-none-eabi\lib\thumb\v6-m\nofp\libc_nano.a(lib_a-mprec.o)
                0x08006474                __i2b
 .text.__multiply
                0x080064a0      0x160 C:\Users\wongh\Downloads\gcc-arm-none-eabi-10.3-2021.10-win32\gcc-arm-none-eabi-10.3-2021.10\arm-none-eabi\lib\thumb\v6-m\nofp\libc_nano.a(lib_a-mprec.o)
                0x080064a0                __multiply
 .text.__pow5mult
                0x08006600       0xb8 C:\Users\wongh\Downloads\gcc-arm-none-eabi-10.3-2021.10-win32\gcc-arm-none-eabi-10.3-2021.10\arm-none-eabi\lib\thumb\v6-m\nofp\libc_nano.a(lib_a-mprec.o)
                0x08006600                __pow5mult
 .text.__lshift
                0x080066b8       0xdc C:\Users\wongh\Downloads\gcc-arm-none-eabi-10.3-2021.10-win32\gcc-arm-none-eabi-10.3-2021.10\arm-none-eabi\lib\thumb\v6-m\nofp\libc_nano.a(lib_a-mprec.o)
                0x080066b8                __lshift
 .text.__mcmp   0x08006794       0x36 C:\Users\wongh\Downloads\gcc-arm-none-eabi-10.3-2021.10-win32\gcc-arm-none-eabi-10.3-2021.10\arm-none-eabi\lib\thumb\v6-m\nofp\libc_nano.a(lib_a-mprec.o)
                0x08006794                __mcmp
 *fill*         0x080067ca        0x2 
 .text.__mdiff  0x080067cc      0x130 C:\Users\wongh\Downloads\gcc-arm-none-eabi-10.3-2021.10-win32\gcc-arm-none-eabi-10.3-2021.10\arm-none-eabi\lib\thumb\v6-m\nofp\libc_nano.a(lib_a-mprec.o)
                0x080067cc                __mdiff
 .text.__ulp    0x080068fc       0x48 C:\Users\wongh\Downloads\gcc-arm-none-eabi-10.3-2021.10-win32\gcc-arm-none-eabi-10.3-2021.10\arm-none-eabi\lib\thumb\v6-m\nofp\libc_nano.a(lib_a-mprec.o)
                0x080068fc                __ulp
 .text.__b2d    0x08006944       0xa0 C:\Users\wongh\Downloads\gcc-arm-none-eabi-10.3-2021.10-win32\gcc-arm-none-eabi-10.3-2021.10\arm-none-eabi\lib\thumb\v6-m\nofp\libc_nano.a(lib_a-mprec.o)
                0x08006944                __b2d
 .text.__d2b    0x080069e4       0xc8 C:\Users\wongh\Downloads\gcc-arm-none-eabi-10.3-2021.10-win32\gcc-arm-none-eabi-10.3-2021.10\arm-none-eabi\lib\thumb\v6-m\nofp\libc_nano.a(lib_a-mprec.o)
                0x080069e4                __d2b
 .text.__ratio  0x08006aac       0x52 C:\Users\wongh\Downloads\gcc-arm-none-eabi-10.3-2021.10-win32\gcc-arm-none-eabi-10.3-2021.10\arm-none-eabi\lib\thumb\v6-m\nofp\libc_nano.a(lib_a-mprec.o)
                0x08006aac                __ratio
 *fill*         0x08006afe        0x2 
 .text._mprec_log10
                0x08006b00       0x34 C:\Users\wongh\Downloads\gcc-arm-none-eabi-10.3-2021.10-win32\gcc-arm-none-eabi-10.3-2021.10\arm-none-eabi\lib\thumb\v6-m\nofp\libc_nano.a(lib_a-mprec.o)
                0x08006b00                _mprec_log10
 .text.__copybits
                0x08006b34       0x42 C:\Users\wongh\Downloads\gcc-arm-none-eabi-10.3-2021.10-win32\gcc-arm-none-eabi-10.3-2021.10\arm-none-eabi\lib\thumb\v6-m\nofp\libc_nano.a(lib_a-mprec.o)
                0x08006b34                __copybits
 .text.__any_on
                0x08006b76       0x46 C:\Users\wongh\Downloads\gcc-arm-none-eabi-10.3-2021.10-win32\gcc-arm-none-eabi-10.3-2021.10\arm-none-eabi\lib\thumb\v6-m\nofp\libc_nano.a(lib_a-mprec.o)
                0x08006b76                __any_on
 .text          0x08006bbc        0x0 C:\Users\wongh\Downloads\gcc-arm-none-eabi-10.3-2021.10-win32\gcc-arm-none-eabi-10.3-2021.10\arm-none-eabi\lib\thumb\v6-m\nofp\libc_nano.a(lib_a-nano-callocr.o)
 .text._calloc_r
                0x08006bbc       0x58 C:\Users\wongh\Downloads\gcc-arm-none-eabi-10.3-2021.10-win32\gcc-arm-none-eabi-10.3-2021.10\arm-none-eabi\lib\thumb\v6-m\nofp\libc_nano.a(lib_a-nano-callocr.o)
                0x08006bbc                _calloc_r
 .text          0x08006c14        0x0 C:\Users\wongh\Downloads\gcc-arm-none-eabi-10.3-2021.10-win32\gcc-arm-none-eabi-10.3-2021.10\arm-none-eabi\lib\thumb\v6-m\nofp\libc_nano.a(lib_a-nano-freer.o)
 .text._free_r  0x08006c14       0x94 C:\Users\wongh\Downloads\gcc-arm-none-eabi-10.3-2021.10-win32\gcc-arm-none-eabi-10.3-2021.10\arm-none-eabi\lib\thumb\v6-m\nofp\libc_nano.a(lib_a-nano-freer.o)
                0x08006c14                _free_r
 .text          0x08006ca8        0x0 C:\Users\wongh\Downloads\gcc-arm-none-eabi-10.3-2021.10-win32\gcc-arm-none-eabi-10.3-2021.10\arm-none-eabi\lib\thumb\v6-m\nofp\libc_nano.a(lib_a-nano-mallocr.o)
 .text.sbrk_aligned
                0x08006ca8       0x44 C:\Users\wongh\Downloads\gcc-arm-none-eabi-10.3-2021.10-win32\gcc-arm-none-eabi-10.3-2021.10\arm-none-eabi\lib\thumb\v6-m\nofp\libc_nano.a(lib_a-nano-mallocr.o)
 .text._malloc_r
                0x08006cec       0xec C:\Users\wongh\Downloads\gcc-arm-none-eabi-10.3-2021.10-win32\gcc-arm-none-eabi-10.3-2021.10\arm-none-eabi\lib\thumb\v6-m\nofp\libc_nano.a(lib_a-nano-mallocr.o)
                0x08006cec                _malloc_r
 .text          0x08006dd8        0x0 C:\Users\wongh\Downloads\gcc-arm-none-eabi-10.3-2021.10-win32\gcc-arm-none-eabi-10.3-2021.10\arm-none-eabi\lib\thumb\v6-m\nofp\libc_nano.a(lib_a-nano-svfprintf.o)
 .text.__ssputs_r
                0x08006dd8       0xc4 C:\Users\wongh\Downloads\gcc-arm-none-eabi-10.3-2021.10-win32\gcc-arm-none-eabi-10.3-2021.10\arm-none-eabi\lib\thumb\v6-m\nofp\libc_nano.a(lib_a-nano-svfprintf.o)
                0x08006dd8                __ssputs_r
 .text.__ssprint_r
                0x08006e9c      0x100 C:\Users\wongh\Downloads\gcc-arm-none-eabi-10.3-2021.10-win32\gcc-arm-none-eabi-10.3-2021.10\arm-none-eabi\lib\thumb\v6-m\nofp\libc_nano.a(lib_a-nano-svfprintf.o)
                0x08006e9c                __ssprint_r
 .text._svfprintf_r
                0x08006f9c      0x200 C:\Users\wongh\Downloads\gcc-arm-none-eabi-10.3-2021.10-win32\gcc-arm-none-eabi-10.3-2021.10\arm-none-eabi\lib\thumb\v6-m\nofp\libc_nano.a(lib_a-nano-svfprintf.o)
                0x08006f9c                _svfiprintf_r
                0x08006f9c                _svfprintf_r
 .text          0x0800719c        0x0 C:\Users\wongh\Downloads\gcc-arm-none-eabi-10.3-2021.10-win32\gcc-arm-none-eabi-10.3-2021.10\arm-none-eabi\lib\thumb\v6-m\nofp\libc_nano.a(lib_a-nano-svfscanf.o)
 .text._sungetc_r
                0x0800719c       0x78 C:\Users\wongh\Downloads\gcc-arm-none-eabi-10.3-2021.10-win32\gcc-arm-none-eabi-10.3-2021.10\arm-none-eabi\lib\thumb\v6-m\nofp\libc_nano.a(lib_a-nano-svfscanf.o)
                0x0800719c                _sungetc_r
 .text.__ssrefill_r
                0x08007214       0x3e C:\Users\wongh\Downloads\gcc-arm-none-eabi-10.3-2021.10-win32\gcc-arm-none-eabi-10.3-2021.10\arm-none-eabi\lib\thumb\v6-m\nofp\libc_nano.a(lib_a-nano-svfscanf.o)
                0x08007214                __ssrefill_r
 *fill*         0x08007252        0x2 
 .text.__ssvfscanf_r
                0x08007254      0x2fc C:\Users\wongh\Downloads\gcc-arm-none-eabi-10.3-2021.10-win32\gcc-arm-none-eabi-10.3-2021.10\arm-none-eabi\lib\thumb\v6-m\nofp\libc_nano.a(lib_a-nano-svfscanf.o)
                0x08007254                __ssvfiscanf_r
                0x08007254                __ssvfscanf_r
 .text          0x08007550        0x0 C:\Users\wongh\Downloads\gcc-arm-none-eabi-10.3-2021.10-win32\gcc-arm-none-eabi-10.3-2021.10\arm-none-eabi\lib\thumb\v6-m\nofp\libc_nano.a(lib_a-nano-vfscanf_i.o)
 .text._scanf_chars
                0x08007550       0xbc C:\Users\wongh\Downloads\gcc-arm-none-eabi-10.3-2021.10-win32\gcc-arm-none-eabi-10.3-2021.10\arm-none-eabi\lib\thumb\v6-m\nofp\libc_nano.a(lib_a-nano-vfscanf_i.o)
                0x08007550                _scanf_chars
 .text._scanf_i
                0x0800760c      0x208 C:\Users\wongh\Downloads\gcc-arm-none-eabi-10.3-2021.10-win32\gcc-arm-none-eabi-10.3-2021.10\arm-none-eabi\lib\thumb\v6-m\nofp\libc_nano.a(lib_a-nano-vfscanf_i.o)
                0x0800760c                _scanf_i
 .text          0x08007814        0x0 C:\Users\wongh\Downloads\gcc-arm-none-eabi-10.3-2021.10-win32\gcc-arm-none-eabi-10.3-2021.10\arm-none-eabi\lib\thumb\v6-m\nofp\libc_nano.a(lib_a-readr.o)
 .text._read_r  0x08007814       0x28 C:\Users\wongh\Downloads\gcc-arm-none-eabi-10.3-2021.10-win32\gcc-arm-none-eabi-10.3-2021.10\arm-none-eabi\lib\thumb\v6-m\nofp\libc_nano.a(lib_a-readr.o)
                0x08007814                _read_r
 .text          0x0800783c        0x0 C:\Users\wongh\Downloads\gcc-arm-none-eabi-10.3-2021.10-win32\gcc-arm-none-eabi-10.3-2021.10\arm-none-eabi\lib\thumb\v6-m\nofp\libc_nano.a(lib_a-sbrkr.o)
 .text._sbrk_r  0x0800783c       0x24 C:\Users\wongh\Downloads\gcc-arm-none-eabi-10.3-2021.10-win32\gcc-arm-none-eabi-10.3-2021.10\arm-none-eabi\lib\thumb\v6-m\nofp\libc_nano.a(lib_a-sbrkr.o)
                0x0800783c                _sbrk_r
 .text          0x08007860        0x0 C:\Users\wongh\Downloads\gcc-arm-none-eabi-10.3-2021.10-win32\gcc-arm-none-eabi-10.3-2021.10\arm-none-eabi\lib\thumb\v6-m\nofp\libc_nano.a(lib_a-sccl.o)
 .text.__sccl   0x08007860       0x78 C:\Users\wongh\Downloads\gcc-arm-none-eabi-10.3-2021.10-win32\gcc-arm-none-eabi-10.3-2021.10\arm-none-eabi\lib\thumb\v6-m\nofp\libc_nano.a(lib_a-sccl.o)
                0x08007860                __sccl
 .text          0x080078d8        0x0 C:\Users\wongh\Downloads\gcc-arm-none-eabi-10.3-2021.10-win32\gcc-arm-none-eabi-10.3-2021.10\arm-none-eabi\lib\thumb\v6-m\nofp\libc_nano.a(lib_a-strtol.o)
 .text._strtol_l.constprop.0
                0x080078d8      0x11c C:\Users\wongh\Downloads\gcc-arm-none-eabi-10.3-2021.10-win32\gcc-arm-none-eabi-10.3-2021.10\arm-none-eabi\lib\thumb\v6-m\nofp\libc_nano.a(lib_a-strtol.o)
 .text._strtol_r
                0x080079f4        0x8 C:\Users\wongh\Downloads\gcc-arm-none-eabi-10.3-2021.10-win32\gcc-arm-none-eabi-10.3-2021.10\arm-none-eabi\lib\thumb\v6-m\nofp\libc_nano.a(lib_a-strtol.o)
                0x080079f4                _strtol_r
 .text.strtol_l
                0x080079fc       0x18 C:\Users\wongh\Downloads\gcc-arm-none-eabi-10.3-2021.10-win32\gcc-arm-none-eabi-10.3-2021.10\arm-none-eabi\lib\thumb\v6-m\nofp\libc_nano.a(lib_a-strtol.o)
                0x080079fc                strtol_l
 .text.strtol   0x08007a14       0x18 C:\Users\wongh\Downloads\gcc-arm-none-eabi-10.3-2021.10-win32\gcc-arm-none-eabi-10.3-2021.10\arm-none-eabi\lib\thumb\v6-m\nofp\libc_nano.a(lib_a-strtol.o)
                0x08007a14                strtol
 .text          0x08007a2c        0x0 C:\Users\wongh\Downloads\gcc-arm-none-eabi-10.3-2021.10-win32\gcc-arm-none-eabi-10.3-2021.10\arm-none-eabi\lib\thumb\v6-m\nofp\libc_nano.a(lib_a-strtoul.o)
 .text._strtoul_l.constprop.0
                0x08007a2c      0x114 C:\Users\wongh\Downloads\gcc-arm-none-eabi-10.3-2021.10-win32\gcc-arm-none-eabi-10.3-2021.10\arm-none-eabi\lib\thumb\v6-m\nofp\libc_nano.a(lib_a-strtoul.o)
 .text._strtoul_r
                0x08007b40        0x8 C:\Users\wongh\Downloads\gcc-arm-none-eabi-10.3-2021.10-win32\gcc-arm-none-eabi-10.3-2021.10\arm-none-eabi\lib\thumb\v6-m\nofp\libc_nano.a(lib_a-strtoul.o)
                0x08007b40                _strtoul_r
 .text.strtoul_l
                0x08007b48       0x18 C:\Users\wongh\Downloads\gcc-arm-none-eabi-10.3-2021.10-win32\gcc-arm-none-eabi-10.3-2021.10\arm-none-eabi\lib\thumb\v6-m\nofp\libc_nano.a(lib_a-strtoul.o)
                0x08007b48                strtoul_l
 .text.strtoul  0x08007b60       0x18 C:\Users\wongh\Downloads\gcc-arm-none-eabi-10.3-2021.10-win32\gcc-arm-none-eabi-10.3-2021.10\arm-none-eabi\lib\thumb\v6-m\nofp\libc_nano.a(lib_a-strtoul.o)
                0x08007b60                strtoul
 .text          0x08007b78        0x0 C:\Users\wongh\Downloads\gcc-arm-none-eabi-10.3-2021.10-win32\gcc-arm-none-eabi-10.3-2021.10\arm-none-eabi\lib\thumb\v6-m\nofp\libc_nano.a(lib_a-ungetc.o)
 .text.__submore
                0x08007b78       0x7c C:\Users\wongh\Downloads\gcc-arm-none-eabi-10.3-2021.10-win32\gcc-arm-none-eabi-10.3-2021.10\arm-none-eabi\lib\thumb\v6-m\nofp\libc_nano.a(lib_a-ungetc.o)
                0x08007b78                __submore
 .text._ungetc_r
                0x08007bf4      0x138 C:\Users\wongh\Downloads\gcc-arm-none-eabi-10.3-2021.10-win32\gcc-arm-none-eabi-10.3-2021.10\arm-none-eabi\lib\thumb\v6-m\nofp\libc_nano.a(lib_a-ungetc.o)
                0x08007bf4                _ungetc_r
 .text.ungetc   0x08007d2c       0x14 C:\Users\wongh\Downloads\gcc-arm-none-eabi-10.3-2021.10-win32\gcc-arm-none-eabi-10.3-2021.10\arm-none-eabi\lib\thumb\v6-m\nofp\libc_nano.a(lib_a-ungetc.o)
                0x08007d2c                ungetc
 .text          0x08007d40        0x0 C:\Users\wongh\Downloads\gcc-arm-none-eabi-10.3-2021.10-win32\gcc-arm-none-eabi-10.3-2021.10\arm-none-eabi\lib\thumb\v6-m\nofp\libc_nano.a(lib_a-assert.o)
 .text.__assert_func
                0x08007d40       0x3c C:\Users\wongh\Downloads\gcc-arm-none-eabi-10.3-2021.10-win32\gcc-arm-none-eabi-10.3-2021.10\arm-none-eabi\lib\thumb\v6-m\nofp\libc_nano.a(lib_a-assert.o)
                0x08007d40                __assert_func
 .text.__assert
                0x08007d7c        0xa C:\Users\wongh\Downloads\gcc-arm-none-eabi-10.3-2021.10-win32\gcc-arm-none-eabi-10.3-2021.10\arm-none-eabi\lib\thumb\v6-m\nofp\libc_nano.a(lib_a-assert.o)
                0x08007d7c                __assert
 .text          0x08007d86        0x0 C:\Users\wongh\Downloads\gcc-arm-none-eabi-10.3-2021.10-win32\gcc-arm-none-eabi-10.3-2021.10\arm-none-eabi\lib\thumb\v6-m\nofp\libc_nano.a(lib_a-ctype_.o)
 .text          0x08007d86        0x0 C:\Users\wongh\Downloads\gcc-arm-none-eabi-10.3-2021.10-win32\gcc-arm-none-eabi-10.3-2021.10\arm-none-eabi\lib\thumb\v6-m\nofp\libc_nano.a(lib_a-errno.o)
 *fill*         0x08007d86        0x2 
 .text.__errno  0x08007d88        0xc C:\Users\wongh\Downloads\gcc-arm-none-eabi-10.3-2021.10-win32\gcc-arm-none-eabi-10.3-2021.10\arm-none-eabi\lib\thumb\v6-m\nofp\libc_nano.a(lib_a-errno.o)
                0x08007d88                __errno
 .text          0x08007d94        0x0 C:\Users\wongh\Downloads\gcc-arm-none-eabi-10.3-2021.10-win32\gcc-arm-none-eabi-10.3-2021.10\arm-none-eabi\lib\thumb\v6-m\nofp\libc_nano.a(lib_a-fflush.o)
 .text.__sflush_r
                0x08007d94      0x118 C:\Users\wongh\Downloads\gcc-arm-none-eabi-10.3-2021.10-win32\gcc-arm-none-eabi-10.3-2021.10\arm-none-eabi\lib\thumb\v6-m\nofp\libc_nano.a(lib_a-fflush.o)
                0x08007d94                __sflush_r
 .text._fflush_r
                0x08007eac       0x80 C:\Users\wongh\Downloads\gcc-arm-none-eabi-10.3-2021.10-win32\gcc-arm-none-eabi-10.3-2021.10\arm-none-eabi\lib\thumb\v6-m\nofp\libc_nano.a(lib_a-fflush.o)
                0x08007eac                _fflush_r
 .text.fflush   0x08007f2c       0x2c C:\Users\wongh\Downloads\gcc-arm-none-eabi-10.3-2021.10-win32\gcc-arm-none-eabi-10.3-2021.10\arm-none-eabi\lib\thumb\v6-m\nofp\libc_nano.a(lib_a-fflush.o)
                0x08007f2c                fflush
 .text          0x08007f58        0x0 C:\Users\wongh\Downloads\gcc-arm-none-eabi-10.3-2021.10-win32\gcc-arm-none-eabi-10.3-2021.10\arm-none-eabi\lib\thumb\v6-m\nofp\libc_nano.a(lib_a-findfp.o)
 .text.std      0x08007f58       0x48 C:\Users\wongh\Downloads\gcc-arm-none-eabi-10.3-2021.10-win32\gcc-arm-none-eabi-10.3-2021.10\arm-none-eabi\lib\thumb\v6-m\nofp\libc_nano.a(lib_a-findfp.o)
 .text._cleanup_r
                0x08007fa0       0x10 C:\Users\wongh\Downloads\gcc-arm-none-eabi-10.3-2021.10-win32\gcc-arm-none-eabi-10.3-2021.10\arm-none-eabi\lib\thumb\v6-m\nofp\libc_nano.a(lib_a-findfp.o)
                0x08007fa0                _cleanup_r
 .text.__fp_lock
                0x08007fb0       0x18 C:\Users\wongh\Downloads\gcc-arm-none-eabi-10.3-2021.10-win32\gcc-arm-none-eabi-10.3-2021.10\arm-none-eabi\lib\thumb\v6-m\nofp\libc_nano.a(lib_a-findfp.o)
 .text.__fp_unlock
                0x08007fc8       0x18 C:\Users\wongh\Downloads\gcc-arm-none-eabi-10.3-2021.10-win32\gcc-arm-none-eabi-10.3-2021.10\arm-none-eabi\lib\thumb\v6-m\nofp\libc_nano.a(lib_a-findfp.o)
 .text.__sfmoreglue
                0x08007fe0       0x2c C:\Users\wongh\Downloads\gcc-arm-none-eabi-10.3-2021.10-win32\gcc-arm-none-eabi-10.3-2021.10\arm-none-eabi\lib\thumb\v6-m\nofp\libc_nano.a(lib_a-findfp.o)
                0x08007fe0                __sfmoreglue
 .text._cleanup
                0x0800800c       0x10 C:\Users\wongh\Downloads\gcc-arm-none-eabi-10.3-2021.10-win32\gcc-arm-none-eabi-10.3-2021.10\arm-none-eabi\lib\thumb\v6-m\nofp\libc_nano.a(lib_a-findfp.o)
                0x0800800c                _cleanup
 .text.__sfp_lock_acquire
                0x0800801c       0x10 C:\Users\wongh\Downloads\gcc-arm-none-eabi-10.3-2021.10-win32\gcc-arm-none-eabi-10.3-2021.10\arm-none-eabi\lib\thumb\v6-m\nofp\libc_nano.a(lib_a-findfp.o)
                0x0800801c                __sfp_lock_acquire
 .text.__sfp_lock_release
                0x0800802c       0x10 C:\Users\wongh\Downloads\gcc-arm-none-eabi-10.3-2021.10-win32\gcc-arm-none-eabi-10.3-2021.10\arm-none-eabi\lib\thumb\v6-m\nofp\libc_nano.a(lib_a-findfp.o)
                0x0800802c                __sfp_lock_release
 .text.__sinit_lock_acquire
                0x0800803c       0x10 C:\Users\wongh\Downloads\gcc-arm-none-eabi-10.3-2021.10-win32\gcc-arm-none-eabi-10.3-2021.10\arm-none-eabi\lib\thumb\v6-m\nofp\libc_nano.a(lib_a-findfp.o)
                0x0800803c                __sinit_lock_acquire
 .text.__sinit_lock_release
                0x0800804c       0x10 C:\Users\wongh\Downloads\gcc-arm-none-eabi-10.3-2021.10-win32\gcc-arm-none-eabi-10.3-2021.10\arm-none-eabi\lib\thumb\v6-m\nofp\libc_nano.a(lib_a-findfp.o)
                0x0800804c                __sinit_lock_release
 .text.__sinit  0x0800805c       0x70 C:\Users\wongh\Downloads\gcc-arm-none-eabi-10.3-2021.10-win32\gcc-arm-none-eabi-10.3-2021.10\arm-none-eabi\lib\thumb\v6-m\nofp\libc_nano.a(lib_a-findfp.o)
                0x0800805c                __sinit
 .text.__sfp    0x080080cc       0x90 C:\Users\wongh\Downloads\gcc-arm-none-eabi-10.3-2021.10-win32\gcc-arm-none-eabi-10.3-2021.10\arm-none-eabi\lib\thumb\v6-m\nofp\libc_nano.a(lib_a-findfp.o)
                0x080080cc                __sfp
 .text.__fp_lock_all
                0x0800815c       0x1c C:\Users\wongh\Downloads\gcc-arm-none-eabi-10.3-2021.10-win32\gcc-arm-none-eabi-10.3-2021.10\arm-none-eabi\lib\thumb\v6-m\nofp\libc_nano.a(lib_a-findfp.o)
                0x0800815c                __fp_lock_all
 .text.__fp_unlock_all
                0x08008178       0x1c C:\Users\wongh\Downloads\gcc-arm-none-eabi-10.3-2021.10-win32\gcc-arm-none-eabi-10.3-2021.10\arm-none-eabi\lib\thumb\v6-m\nofp\libc_nano.a(lib_a-findfp.o)
                0x08008178                __fp_unlock_all
 .text          0x08008194        0x0 C:\Users\wongh\Downloads\gcc-arm-none-eabi-10.3-2021.10-win32\gcc-arm-none-eabi-10.3-2021.10\arm-none-eabi\lib\thumb\v6-m\nofp\libc_nano.a(lib_a-fprintf.o)
 .text._fprintf_r
                0x08008194       0x16 C:\Users\wongh\Downloads\gcc-arm-none-eabi-10.3-2021.10-win32\gcc-arm-none-eabi-10.3-2021.10\arm-none-eabi\lib\thumb\v6-m\nofp\libc_nano.a(lib_a-fprintf.o)
                0x08008194                _fiprintf_r
                0x08008194                _fprintf_r
 *fill*         0x080081aa        0x2 
 .text.fprintf  0x080081ac       0x20 C:\Users\wongh\Downloads\gcc-arm-none-eabi-10.3-2021.10-win32\gcc-arm-none-eabi-10.3-2021.10\arm-none-eabi\lib\thumb\v6-m\nofp\libc_nano.a(lib_a-fprintf.o)
                0x080081ac                fiprintf
                0x080081ac                fprintf
 .text          0x080081cc        0x0 C:\Users\wongh\Downloads\gcc-arm-none-eabi-10.3-2021.10-win32\gcc-arm-none-eabi-10.3-2021.10\arm-none-eabi\lib\thumb\v6-m\nofp\libc_nano.a(lib_a-fwalk.o)
 .text._fwalk   0x080081cc       0x36 C:\Users\wongh\Downloads\gcc-arm-none-eabi-10.3-2021.10-win32\gcc-arm-none-eabi-10.3-2021.10\arm-none-eabi\lib\thumb\v6-m\nofp\libc_nano.a(lib_a-fwalk.o)
                0x080081cc                _fwalk
 .text._fwalk_reent
                0x08008202       0x40 C:\Users\wongh\Downloads\gcc-arm-none-eabi-10.3-2021.10-win32\gcc-arm-none-eabi-10.3-2021.10\arm-none-eabi\lib\thumb\v6-m\nofp\libc_nano.a(lib_a-fwalk.o)
                0x08008202                _fwalk_reent
 .text          0x08008242        0x0 C:\Users\wongh\Downloads\gcc-arm-none-eabi-10.3-2021.10-win32\gcc-arm-none-eabi-10.3-2021.10\arm-none-eabi\lib\thumb\v6-m\nofp\libc_nano.a(lib_a-locale.o)
 *fill*         0x08008242        0x2 
 .text._setlocale_r
                0x08008244       0x40 C:\Users\wongh\Downloads\gcc-arm-none-eabi-10.3-2021.10-win32\gcc-arm-none-eabi-10.3-2021.10\arm-none-eabi\lib\thumb\v6-m\nofp\libc_nano.a(lib_a-locale.o)
                0x08008244                _setlocale_r
 .text.__locale_mb_cur_max
                0x08008284       0x10 C:\Users\wongh\Downloads\gcc-arm-none-eabi-10.3-2021.10-win32\gcc-arm-none-eabi-10.3-2021.10\arm-none-eabi\lib\thumb\v6-m\nofp\libc_nano.a(lib_a-locale.o)
                0x08008284                __locale_mb_cur_max
 .text.setlocale
                0x08008294       0x14 C:\Users\wongh\Downloads\gcc-arm-none-eabi-10.3-2021.10-win32\gcc-arm-none-eabi-10.3-2021.10\arm-none-eabi\lib\thumb\v6-m\nofp\libc_nano.a(lib_a-locale.o)
                0x08008294                setlocale
 .text          0x080082a8        0x0 C:\Users\wongh\Downloads\gcc-arm-none-eabi-10.3-2021.10-win32\gcc-arm-none-eabi-10.3-2021.10\arm-none-eabi\lib\thumb\v6-m\nofp\libc_nano.a(lib_a-lock.o)
 .text.__retarget_lock_init
                0x080082a8        0x2 C:\Users\wongh\Downloads\gcc-arm-none-eabi-10.3-2021.10-win32\gcc-arm-none-eabi-10.3-2021.10\arm-none-eabi\lib\thumb\v6-m\nofp\libc_nano.a(lib_a-lock.o)
                0x080082a8                __retarget_lock_init
 .text.__retarget_lock_init_recursive
                0x080082aa        0x2 C:\Users\wongh\Downloads\gcc-arm-none-eabi-10.3-2021.10-win32\gcc-arm-none-eabi-10.3-2021.10\arm-none-eabi\lib\thumb\v6-m\nofp\libc_nano.a(lib_a-lock.o)
                0x080082aa                __retarget_lock_init_recursive
 .text.__retarget_lock_close
                0x080082ac        0x2 C:\Users\wongh\Downloads\gcc-arm-none-eabi-10.3-2021.10-win32\gcc-arm-none-eabi-10.3-2021.10\arm-none-eabi\lib\thumb\v6-m\nofp\libc_nano.a(lib_a-lock.o)
                0x080082ac                __retarget_lock_close
 .text.__retarget_lock_close_recursive
                0x080082ae        0x2 C:\Users\wongh\Downloads\gcc-arm-none-eabi-10.3-2021.10-win32\gcc-arm-none-eabi-10.3-2021.10\arm-none-eabi\lib\thumb\v6-m\nofp\libc_nano.a(lib_a-lock.o)
                0x080082ae                __retarget_lock_close_recursive
 .text.__retarget_lock_acquire
                0x080082b0        0x2 C:\Users\wongh\Downloads\gcc-arm-none-eabi-10.3-2021.10-win32\gcc-arm-none-eabi-10.3-2021.10\arm-none-eabi\lib\thumb\v6-m\nofp\libc_nano.a(lib_a-lock.o)
                0x080082b0                __retarget_lock_acquire
 .text.__retarget_lock_acquire_recursive
                0x080082b2        0x2 C:\Users\wongh\Downloads\gcc-arm-none-eabi-10.3-2021.10-win32\gcc-arm-none-eabi-10.3-2021.10\arm-none-eabi\lib\thumb\v6-m\nofp\libc_nano.a(lib_a-lock.o)
                0x080082b2                __retarget_lock_acquire_recursive
 .text.__retarget_lock_try_acquire
                0x080082b4        0x4 C:\Users\wongh\Downloads\gcc-arm-none-eabi-10.3-2021.10-win32\gcc-arm-none-eabi-10.3-2021.10\arm-none-eabi\lib\thumb\v6-m\nofp\libc_nano.a(lib_a-lock.o)
                0x080082b4                __retarget_lock_try_acquire
 .text.__retarget_lock_try_acquire_recursive
                0x080082b8        0x4 C:\Users\wongh\Downloads\gcc-arm-none-eabi-10.3-2021.10-win32\gcc-arm-none-eabi-10.3-2021.10\arm-none-eabi\lib\thumb\v6-m\nofp\libc_nano.a(lib_a-lock.o)
                0x080082b8                __retarget_lock_try_acquire_recursive
 .text.__retarget_lock_release
                0x080082bc        0x2 C:\Users\wongh\Downloads\gcc-arm-none-eabi-10.3-2021.10-win32\gcc-arm-none-eabi-10.3-2021.10\arm-none-eabi\lib\thumb\v6-m\nofp\libc_nano.a(lib_a-lock.o)
                0x080082bc                __retarget_lock_release
 .text.__retarget_lock_release_recursive
                0x080082be        0x2 C:\Users\wongh\Downloads\gcc-arm-none-eabi-10.3-2021.10-win32\gcc-arm-none-eabi-10.3-2021.10\arm-none-eabi\lib\thumb\v6-m\nofp\libc_nano.a(lib_a-lock.o)
                0x080082be                __retarget_lock_release_recursive
 .text          0x080082c0        0x0 C:\Users\wongh\Downloads\gcc-arm-none-eabi-10.3-2021.10-win32\gcc-arm-none-eabi-10.3-2021.10\arm-none-eabi\lib\thumb\v6-m\nofp\libc_nano.a(lib_a-mbtowc_r.o)
 .text._mbtowc_r
                0x080082c0       0x14 C:\Users\wongh\Downloads\gcc-arm-none-eabi-10.3-2021.10-win32\gcc-arm-none-eabi-10.3-2021.10\arm-none-eabi\lib\thumb\v6-m\nofp\libc_nano.a(lib_a-mbtowc_r.o)
                0x080082c0                _mbtowc_r
 .text.__ascii_mbtowc
                0x080082d4       0x24 C:\Users\wongh\Downloads\gcc-arm-none-eabi-10.3-2021.10-win32\gcc-arm-none-eabi-10.3-2021.10\arm-none-eabi\lib\thumb\v6-m\nofp\libc_nano.a(lib_a-mbtowc_r.o)
                0x080082d4                __ascii_mbtowc
 .text          0x080082f8        0x0 C:\Users\wongh\Downloads\gcc-arm-none-eabi-10.3-2021.10-win32\gcc-arm-none-eabi-10.3-2021.10\arm-none-eabi\lib\thumb\v6-m\nofp\libc_nano.a(lib_a-memmove.o)
 .text.memmove  0x080082f8       0x26 C:\Users\wongh\Downloads\gcc-arm-none-eabi-10.3-2021.10-win32\gcc-arm-none-eabi-10.3-2021.10\arm-none-eabi\lib\thumb\v6-m\nofp\libc_nano.a(lib_a-memmove.o)
                0x080082f8                memmove
 .text          0x0800831e        0x0 C:\Users\wongh\Downloads\gcc-arm-none-eabi-10.3-2021.10-win32\gcc-arm-none-eabi-10.3-2021.10\arm-none-eabi\lib\thumb\v6-m\nofp\libc_nano.a(lib_a-mlock.o)
 *fill*         0x0800831e        0x2 
 .text.__malloc_lock
                0x08008320       0x10 C:\Users\wongh\Downloads\gcc-arm-none-eabi-10.3-2021.10-win32\gcc-arm-none-eabi-10.3-2021.10\arm-none-eabi\lib\thumb\v6-m\nofp\libc_nano.a(lib_a-mlock.o)
                0x08008320                __malloc_lock
 .text.__malloc_unlock
                0x08008330       0x10 C:\Users\wongh\Downloads\gcc-arm-none-eabi-10.3-2021.10-win32\gcc-arm-none-eabi-10.3-2021.10\arm-none-eabi\lib\thumb\v6-m\nofp\libc_nano.a(lib_a-mlock.o)
                0x08008330                __malloc_unlock
 .text          0x08008340        0x0 C:\Users\wongh\Downloads\gcc-arm-none-eabi-10.3-2021.10-win32\gcc-arm-none-eabi-10.3-2021.10\arm-none-eabi\lib\thumb\v6-m\nofp\libc_nano.a(lib_a-nano-reallocr.o)
 .text._realloc_r
                0x08008340       0x5e C:\Users\wongh\Downloads\gcc-arm-none-eabi-10.3-2021.10-win32\gcc-arm-none-eabi-10.3-2021.10\arm-none-eabi\lib\thumb\v6-m\nofp\libc_nano.a(lib_a-nano-reallocr.o)
                0x08008340                _realloc_r
 .text          0x0800839e        0x0 C:\Users\wongh\Downloads\gcc-arm-none-eabi-10.3-2021.10-win32\gcc-arm-none-eabi-10.3-2021.10\arm-none-eabi\lib\thumb\v6-m\nofp\libc_nano.a(lib_a-nano-vfprintf.o)
 .text.__sfputc_r
                0x0800839e       0x2a C:\Users\wongh\Downloads\gcc-arm-none-eabi-10.3-2021.10-win32\gcc-arm-none-eabi-10.3-2021.10\arm-none-eabi\lib\thumb\v6-m\nofp\libc_nano.a(lib_a-nano-vfprintf.o)
 .text.__sfputs_r
                0x080083c8       0x24 C:\Users\wongh\Downloads\gcc-arm-none-eabi-10.3-2021.10-win32\gcc-arm-none-eabi-10.3-2021.10\arm-none-eabi\lib\thumb\v6-m\nofp\libc_nano.a(lib_a-nano-vfprintf.o)
                0x080083c8                __sfputs_r
 .text.__sprint_r
                0x080083ec       0x1c C:\Users\wongh\Downloads\gcc-arm-none-eabi-10.3-2021.10-win32\gcc-arm-none-eabi-10.3-2021.10\arm-none-eabi\lib\thumb\v6-m\nofp\libc_nano.a(lib_a-nano-vfprintf.o)
                0x080083ec                __sprint_r
 .text._vfprintf_r
                0x08008408      0x274 C:\Users\wongh\Downloads\gcc-arm-none-eabi-10.3-2021.10-win32\gcc-arm-none-eabi-10.3-2021.10\arm-none-eabi\lib\thumb\v6-m\nofp\libc_nano.a(lib_a-nano-vfprintf.o)
                0x08008408                _vfprintf_r
                0x08008408                _vfiprintf_r
 .text.vfprintf
                0x0800867c       0x18 C:\Users\wongh\Downloads\gcc-arm-none-eabi-10.3-2021.10-win32\gcc-arm-none-eabi-10.3-2021.10\arm-none-eabi\lib\thumb\v6-m\nofp\libc_nano.a(lib_a-nano-vfprintf.o)
                0x0800867c                vfprintf
                0x0800867c                vfiprintf
 .text          0x08008694       0x14 C:\Users\wongh\Downloads\gcc-arm-none-eabi-10.3-2021.10-win32\gcc-arm-none-eabi-10.3-2021.10\arm-none-eabi\lib\thumb\v6-m\nofp\libc_nano.a(lib_a-strcmp.o)
                0x08008694                strcmp
 .text          0x080086a8        0x0 C:\Users\wongh\Downloads\gcc-arm-none-eabi-10.3-2021.10-win32\gcc-arm-none-eabi-10.3-2021.10\arm-none-eabi\lib\thumb\v6-m\nofp\libc_nano.a(lib_a-wbuf.o)
 .text.__swbuf_r
                0x080086a8       0xac C:\Users\wongh\Downloads\gcc-arm-none-eabi-10.3-2021.10-win32\gcc-arm-none-eabi-10.3-2021.10\arm-none-eabi\lib\thumb\v6-m\nofp\libc_nano.a(lib_a-wbuf.o)
                0x080086a8                __swbuf_r
 .text.__swbuf  0x08008754       0x14 C:\Users\wongh\Downloads\gcc-arm-none-eabi-10.3-2021.10-win32\gcc-arm-none-eabi-10.3-2021.10\arm-none-eabi\lib\thumb\v6-m\nofp\libc_nano.a(lib_a-wbuf.o)
                0x08008754                __swbuf
 .text          0x08008768        0x0 C:\Users\wongh\Downloads\gcc-arm-none-eabi-10.3-2021.10-win32\gcc-arm-none-eabi-10.3-2021.10\arm-none-eabi\lib\thumb\v6-m\nofp\libc_nano.a(lib_a-wctomb_r.o)
 .text._wctomb_r
                0x08008768       0x10 C:\Users\wongh\Downloads\gcc-arm-none-eabi-10.3-2021.10-win32\gcc-arm-none-eabi-10.3-2021.10\arm-none-eabi\lib\thumb\v6-m\nofp\libc_nano.a(lib_a-wctomb_r.o)
                0x08008768                _wctomb_r
 .text.__ascii_wctomb
                0x08008778       0x1a C:\Users\wongh\Downloads\gcc-arm-none-eabi-10.3-2021.10-win32\gcc-arm-none-eabi-10.3-2021.10\arm-none-eabi\lib\thumb\v6-m\nofp\libc_nano.a(lib_a-wctomb_r.o)
                0x08008778                __ascii_wctomb
 .text          0x08008792        0x0 C:\Users\wongh\Downloads\gcc-arm-none-eabi-10.3-2021.10-win32\gcc-arm-none-eabi-10.3-2021.10\arm-none-eabi\lib\thumb\v6-m\nofp\libc_nano.a(lib_a-wsetup.o)
 *fill*         0x08008792        0x2 
 .text.__swsetup_r
                0x08008794       0xf0 C:\Users\wongh\Downloads\gcc-arm-none-eabi-10.3-2021.10-win32\gcc-arm-none-eabi-10.3-2021.10\arm-none-eabi\lib\thumb\v6-m\nofp\libc_nano.a(lib_a-wsetup.o)
                0x08008794                __swsetup_r
 .text          0x08008884        0x0 C:\Users\wongh\Downloads\gcc-arm-none-eabi-10.3-2021.10-win32\gcc-arm-none-eabi-10.3-2021.10\arm-none-eabi\lib\thumb\v6-m\nofp\libc_nano.a(lib_a-abort.o)
 .text.abort    0x08008884        0xe C:\Users\wongh\Downloads\gcc-arm-none-eabi-10.3-2021.10-win32\gcc-arm-none-eabi-10.3-2021.10\arm-none-eabi\lib\thumb\v6-m\nofp\libc_nano.a(lib_a-abort.o)
                0x08008884                abort
 .text          0x08008892        0x0 C:\Users\wongh\Downloads\gcc-arm-none-eabi-10.3-2021.10-win32\gcc-arm-none-eabi-10.3-2021.10\arm-none-eabi\lib\thumb\v6-m\nofp\libc_nano.a(lib_a-fvwrite.o)
 *fill*         0x08008892        0x2 
 .text.__sfvwrite_r
                0x08008894      0x2d0 C:\Users\wongh\Downloads\gcc-arm-none-eabi-10.3-2021.10-win32\gcc-arm-none-eabi-10.3-2021.10\arm-none-eabi\lib\thumb\v6-m\nofp\libc_nano.a(lib_a-fvwrite.o)
                0x08008894                __sfvwrite_r
 .text          0x08008b64        0x0 C:\Users\wongh\Downloads\gcc-arm-none-eabi-10.3-2021.10-win32\gcc-arm-none-eabi-10.3-2021.10\arm-none-eabi\lib\thumb\v6-m\nofp\libc_nano.a(lib_a-makebuf.o)
 .text.__swhatbuf_r
                0x08008b64       0x50 C:\Users\wongh\Downloads\gcc-arm-none-eabi-10.3-2021.10-win32\gcc-arm-none-eabi-10.3-2021.10\arm-none-eabi\lib\thumb\v6-m\nofp\libc_nano.a(lib_a-makebuf.o)
                0x08008b64                __swhatbuf_r
 .text.__smakebuf_r
                0x08008bb4       0x88 C:\Users\wongh\Downloads\gcc-arm-none-eabi-10.3-2021.10-win32\gcc-arm-none-eabi-10.3-2021.10\arm-none-eabi\lib\thumb\v6-m\nofp\libc_nano.a(lib_a-makebuf.o)
                0x08008bb4                __smakebuf_r
 .text          0x08008c3c        0x0 C:\Users\wongh\Downloads\gcc-arm-none-eabi-10.3-2021.10-win32\gcc-arm-none-eabi-10.3-2021.10\arm-none-eabi\lib\thumb\v6-m\nofp\libc_nano.a(lib_a-nano-msizer.o)
 .text._malloc_usable_size_r
                0x08008c3c       0x10 C:\Users\wongh\Downloads\gcc-arm-none-eabi-10.3-2021.10-win32\gcc-arm-none-eabi-10.3-2021.10\arm-none-eabi\lib\thumb\v6-m\nofp\libc_nano.a(lib_a-nano-msizer.o)
                0x08008c3c                _malloc_usable_size_r
 .text          0x08008c4c        0x0 C:\Users\wongh\Downloads\gcc-arm-none-eabi-10.3-2021.10-win32\gcc-arm-none-eabi-10.3-2021.10\arm-none-eabi\lib\thumb\v6-m\nofp\libc_nano.a(lib_a-signal.o)
 .text._init_signal_r
                0x08008c4c       0x2a C:\Users\wongh\Downloads\gcc-arm-none-eabi-10.3-2021.10-win32\gcc-arm-none-eabi-10.3-2021.10\arm-none-eabi\lib\thumb\v6-m\nofp\libc_nano.a(lib_a-signal.o)
                0x08008c4c                _init_signal_r
 .text._signal_r
                0x08008c76       0x32 C:\Users\wongh\Downloads\gcc-arm-none-eabi-10.3-2021.10-win32\gcc-arm-none-eabi-10.3-2021.10\arm-none-eabi\lib\thumb\v6-m\nofp\libc_nano.a(lib_a-signal.o)
                0x08008c76                _signal_r
 .text._raise_r
                0x08008ca8       0x54 C:\Users\wongh\Downloads\gcc-arm-none-eabi-10.3-2021.10-win32\gcc-arm-none-eabi-10.3-2021.10\arm-none-eabi\lib\thumb\v6-m\nofp\libc_nano.a(lib_a-signal.o)
                0x08008ca8                _raise_r
 .text.__sigtramp_r
                0x08008cfc       0x46 C:\Users\wongh\Downloads\gcc-arm-none-eabi-10.3-2021.10-win32\gcc-arm-none-eabi-10.3-2021.10\arm-none-eabi\lib\thumb\v6-m\nofp\libc_nano.a(lib_a-signal.o)
                0x08008cfc                __sigtramp_r
 *fill*         0x08008d42        0x2 
 .text.raise    0x08008d44       0x14 C:\Users\wongh\Downloads\gcc-arm-none-eabi-10.3-2021.10-win32\gcc-arm-none-eabi-10.3-2021.10\arm-none-eabi\lib\thumb\v6-m\nofp\libc_nano.a(lib_a-signal.o)
                0x08008d44                raise
 .text.signal   0x08008d58       0x14 C:\Users\wongh\Downloads\gcc-arm-none-eabi-10.3-2021.10-win32\gcc-arm-none-eabi-10.3-2021.10\arm-none-eabi\lib\thumb\v6-m\nofp\libc_nano.a(lib_a-signal.o)
                0x08008d58                signal
 .text._init_signal
                0x08008d6c       0x10 C:\Users\wongh\Downloads\gcc-arm-none-eabi-10.3-2021.10-win32\gcc-arm-none-eabi-10.3-2021.10\arm-none-eabi\lib\thumb\v6-m\nofp\libc_nano.a(lib_a-signal.o)
                0x08008d6c                _init_signal
 .text.__sigtramp
                0x08008d7c       0x14 C:\Users\wongh\Downloads\gcc-arm-none-eabi-10.3-2021.10-win32\gcc-arm-none-eabi-10.3-2021.10\arm-none-eabi\lib\thumb\v6-m\nofp\libc_nano.a(lib_a-signal.o)
                0x08008d7c                __sigtramp
 .text          0x08008d90        0x0 C:\Users\wongh\Downloads\gcc-arm-none-eabi-10.3-2021.10-win32\gcc-arm-none-eabi-10.3-2021.10\arm-none-eabi\lib\thumb\v6-m\nofp\libc_nano.a(lib_a-signalr.o)
 .text._kill_r  0x08008d90       0x24 C:\Users\wongh\Downloads\gcc-arm-none-eabi-10.3-2021.10-win32\gcc-arm-none-eabi-10.3-2021.10\arm-none-eabi\lib\thumb\v6-m\nofp\libc_nano.a(lib_a-signalr.o)
                0x08008d90                _kill_r
 .text._getpid_r
                0x08008db4        0x8 C:\Users\wongh\Downloads\gcc-arm-none-eabi-10.3-2021.10-win32\gcc-arm-none-eabi-10.3-2021.10\arm-none-eabi\lib\thumb\v6-m\nofp\libc_nano.a(lib_a-signalr.o)
                0x08008db4                _getpid_r
 .text          0x08008dbc        0x0 C:\Users\wongh\Downloads\gcc-arm-none-eabi-10.3-2021.10-win32\gcc-arm-none-eabi-10.3-2021.10\arm-none-eabi\lib\thumb\v6-m\nofp\libc_nano.a(lib_a-fstatr.o)
 .text._fstat_r
                0x08008dbc       0x24 C:\Users\wongh\Downloads\gcc-arm-none-eabi-10.3-2021.10-win32\gcc-arm-none-eabi-10.3-2021.10\arm-none-eabi\lib\thumb\v6-m\nofp\libc_nano.a(lib_a-fstatr.o)
                0x08008dbc                _fstat_r
 .text          0x08008de0        0x0 C:\Users\wongh\Downloads\gcc-arm-none-eabi-10.3-2021.10-win32\gcc-arm-none-eabi-10.3-2021.10\arm-none-eabi\lib\thumb\v6-m\nofp\libc_nano.a(lib_a-isattyr.o)
 .text._isatty_r
                0x08008de0       0x24 C:\Users\wongh\Downloads\gcc-arm-none-eabi-10.3-2021.10-win32\gcc-arm-none-eabi-10.3-2021.10\arm-none-eabi\lib\thumb\v6-m\nofp\libc_nano.a(lib_a-isattyr.o)
                0x08008de0                _isatty_r
 .text          0x08008e04        0x0 C:\Users\wongh\Downloads\gcc-arm-none-eabi-10.3-2021.10-win32\gcc-arm-none-eabi-10.3-2021.10\arm-none-eabi\lib\thumb\v6-m\nofp\libm.a(lib_a-w_pow.o)
 .text.pow      0x08008e04       0xe8 C:\Users\wongh\Downloads\gcc-arm-none-eabi-10.3-2021.10-win32\gcc-arm-none-eabi-10.3-2021.10\arm-none-eabi\lib\thumb\v6-m\nofp\libm.a(lib_a-w_pow.o)
                0x08008e04                pow
 .text          0x08008eec        0x0 C:\Users\wongh\Downloads\gcc-arm-none-eabi-10.3-2021.10-win32\gcc-arm-none-eabi-10.3-2021.10\arm-none-eabi\lib\thumb\v6-m\nofp\libm.a(lib_a-e_pow.o)
 .text.__ieee754_pow
                0x08008eec      0xb1c C:\Users\wongh\Downloads\gcc-arm-none-eabi-10.3-2021.10-win32\gcc-arm-none-eabi-10.3-2021.10\arm-none-eabi\lib\thumb\v6-m\nofp\libm.a(lib_a-e_pow.o)
                0x08008eec                __ieee754_pow
 .text          0x08009a08        0x0 C:\Users\wongh\Downloads\gcc-arm-none-eabi-10.3-2021.10-win32\gcc-arm-none-eabi-10.3-2021.10\arm-none-eabi\lib\thumb\v6-m\nofp\libm.a(lib_a-e_sqrt.o)
 .text.__ieee754_sqrt
                0x08009a08      0x1b0 C:\Users\wongh\Downloads\gcc-arm-none-eabi-10.3-2021.10-win32\gcc-arm-none-eabi-10.3-2021.10\arm-none-eabi\lib\thumb\v6-m\nofp\libm.a(lib_a-e_sqrt.o)
                0x08009a08                __ieee754_sqrt
 .text          0x08009bb8        0x0 C:\Users\wongh\Downloads\gcc-arm-none-eabi-10.3-2021.10-win32\gcc-arm-none-eabi-10.3-2021.10\arm-none-eabi\lib\thumb\v6-m\nofp\libm.a(lib_a-math_err.o)
 .text.with_errno
                0x08009bb8       0x14 C:\Users\wongh\Downloads\gcc-arm-none-eabi-10.3-2021.10-win32\gcc-arm-none-eabi-10.3-2021.10\arm-none-eabi\lib\thumb\v6-m\nofp\libm.a(lib_a-math_err.o)
 .text.xflow    0x08009bcc       0x30 C:\Users\wongh\Downloads\gcc-arm-none-eabi-10.3-2021.10-win32\gcc-arm-none-eabi-10.3-2021.10\arm-none-eabi\lib\thumb\v6-m\nofp\libm.a(lib_a-math_err.o)
 .text.__math_uflow
                0x08009bfc       0x10 C:\Users\wongh\Downloads\gcc-arm-none-eabi-10.3-2021.10-win32\gcc-arm-none-eabi-10.3-2021.10\arm-none-eabi\lib\thumb\v6-m\nofp\libm.a(lib_a-math_err.o)
                0x08009bfc                __math_uflow
 .text.__math_may_uflow
                0x08009c0c       0x10 C:\Users\wongh\Downloads\gcc-arm-none-eabi-10.3-2021.10-win32\gcc-arm-none-eabi-10.3-2021.10\arm-none-eabi\lib\thumb\v6-m\nofp\libm.a(lib_a-math_err.o)
                0x08009c0c                __math_may_uflow
 .text.__math_oflow
                0x08009c1c       0x10 C:\Users\wongh\Downloads\gcc-arm-none-eabi-10.3-2021.10-win32\gcc-arm-none-eabi-10.3-2021.10\arm-none-eabi\lib\thumb\v6-m\nofp\libm.a(lib_a-math_err.o)
                0x08009c1c                __math_oflow
 .text.__math_divzero
                0x08009c2c       0x34 C:\Users\wongh\Downloads\gcc-arm-none-eabi-10.3-2021.10-win32\gcc-arm-none-eabi-10.3-2021.10\arm-none-eabi\lib\thumb\v6-m\nofp\libm.a(lib_a-math_err.o)
                0x08009c2c                __math_divzero
 .text.__math_invalid
                0x08009c60       0x40 C:\Users\wongh\Downloads\gcc-arm-none-eabi-10.3-2021.10-win32\gcc-arm-none-eabi-10.3-2021.10\arm-none-eabi\lib\thumb\v6-m\nofp\libm.a(lib_a-math_err.o)
                0x08009c60                __math_invalid
 .text.__math_check_uflow
                0x08009ca0       0x28 C:\Users\wongh\Downloads\gcc-arm-none-eabi-10.3-2021.10-win32\gcc-arm-none-eabi-10.3-2021.10\arm-none-eabi\lib\thumb\v6-m\nofp\libm.a(lib_a-math_err.o)
                0x08009ca0                __math_check_uflow
 .text.__math_check_oflow
                0x08009cc8       0x48 C:\Users\wongh\Downloads\gcc-arm-none-eabi-10.3-2021.10-win32\gcc-arm-none-eabi-10.3-2021.10\arm-none-eabi\lib\thumb\v6-m\nofp\libm.a(lib_a-math_err.o)
                0x08009cc8                __math_check_oflow
 .text          0x08009d10        0x0 C:\Users\wongh\Downloads\gcc-arm-none-eabi-10.3-2021.10-win32\gcc-arm-none-eabi-10.3-2021.10\arm-none-eabi\lib\thumb\v6-m\nofp\libm.a(lib_a-s_fabs.o)
 .text.fabs     0x08009d10        0x8 C:\Users\wongh\Downloads\gcc-arm-none-eabi-10.3-2021.10-win32\gcc-arm-none-eabi-10.3-2021.10\arm-none-eabi\lib\thumb\v6-m\nofp\libm.a(lib_a-s_fabs.o)
                0x08009d10                fabs
 .text          0x08009d18        0x0 C:\Users\wongh\Downloads\gcc-arm-none-eabi-10.3-2021.10-win32\gcc-arm-none-eabi-10.3-2021.10\arm-none-eabi\lib\thumb\v6-m\nofp\libm.a(lib_a-s_finite.o)
 .text.finite   0x08009d18       0x14 C:\Users\wongh\Downloads\gcc-arm-none-eabi-10.3-2021.10-win32\gcc-arm-none-eabi-10.3-2021.10\arm-none-eabi\lib\thumb\v6-m\nofp\libm.a(lib_a-s_finite.o)
                0x08009d18                finite
 .text          0x08009d2c        0x0 C:\Users\wongh\Downloads\gcc-arm-none-eabi-10.3-2021.10-win32\gcc-arm-none-eabi-10.3-2021.10\arm-none-eabi\lib\thumb\v6-m\nofp\libm.a(lib_a-s_scalbn.o)
 .text.scalbn   0x08009d2c       0xf8 C:\Users\wongh\Downloads\gcc-arm-none-eabi-10.3-2021.10-win32\gcc-arm-none-eabi-10.3-2021.10\arm-none-eabi\lib\thumb\v6-m\nofp\libm.a(lib_a-s_scalbn.o)
                0x08009d2c                scalbn
 .text          0x08009e24       0x14 C:\Users\wongh\Downloads\gcc-arm-none-eabi-10.3-2021.10-win32\gcc-arm-none-eabi-10.3-2021.10\lib\gcc\arm-none-eabi\10.3.1\thumb\v6-m\nofp\libgcc.a(_thumb1_case_uqi.o)
                0x08009e24                __gnu_thumb1_case_uqi
 .text          0x08009e38       0x14 C:\Users\wongh\Downloads\gcc-arm-none-eabi-10.3-2021.10-win32\gcc-arm-none-eabi-10.3-2021.10\lib\gcc\arm-none-eabi\10.3.1\thumb\v6-m\nofp\libgcc.a(_thumb1_case_shi.o)
                0x08009e38                __gnu_thumb1_case_shi
 .text          0x08009e4c       0x7c C:\Users\wongh\Downloads\gcc-arm-none-eabi-10.3-2021.10-win32\gcc-arm-none-eabi-10.3-2021.10\lib\gcc\arm-none-eabi\10.3.1\thumb\v6-m\nofp\libgcc.a(_arm_cmpdf2.o)
                0x08009e4c                __aeabi_cdrcmple
                0x08009e5c                __aeabi_cdcmple
                0x08009e5c                __aeabi_cdcmpeq
                0x08009e6c                __aeabi_dcmpeq
                0x08009e78                __aeabi_dcmplt
                0x08009e8c                __aeabi_dcmple
                0x08009ea0                __aeabi_dcmpgt
                0x08009eb4                __aeabi_dcmpge
 .text          0x08009ec8       0x84 C:\Users\wongh\Downloads\gcc-arm-none-eabi-10.3-2021.10-win32\gcc-arm-none-eabi-10.3-2021.10\lib\gcc\arm-none-eabi\10.3.1\thumb\v6-m\nofp\libgcc.a(eqdf2.o)
                0x08009ec8                __nedf2
                0x08009ec8                __eqdf2
 .text          0x08009f4c       0xcc C:\Users\wongh\Downloads\gcc-arm-none-eabi-10.3-2021.10-win32\gcc-arm-none-eabi-10.3-2021.10\lib\gcc\arm-none-eabi\10.3.1\thumb\v6-m\nofp\libgcc.a(gedf2.o)
                0x08009f4c                __gedf2
                0x08009f4c                __gtdf2
 .text          0x0800a018       0xc8 C:\Users\wongh\Downloads\gcc-arm-none-eabi-10.3-2021.10-win32\gcc-arm-none-eabi-10.3-2021.10\lib\gcc\arm-none-eabi\10.3.1\thumb\v6-m\nofp\libgcc.a(ledf2.o)
                0x0800a018                __ledf2
                0x0800a018                __ltdf2
 .text          0x0800a0e0      0x724 C:\Users\wongh\Downloads\gcc-arm-none-eabi-10.3-2021.10-win32\gcc-arm-none-eabi-10.3-2021.10\lib\gcc\arm-none-eabi\10.3.1\thumb\v6-m\nofp\libgcc.a(subdf3.o)
                0x0800a0e0                __aeabi_dsub
 .text          0x0800a804       0x3c C:\Users\wongh\Downloads\gcc-arm-none-eabi-10.3-2021.10-win32\gcc-arm-none-eabi-10.3-2021.10\lib\gcc\arm-none-eabi\10.3.1\thumb\v6-m\nofp\libgcc.a(unorddf2.o)
                0x0800a804                __aeabi_dcmpun
 .text          0x0800a840       0x4c C:\Users\wongh\Downloads\gcc-arm-none-eabi-10.3-2021.10-win32\gcc-arm-none-eabi-10.3-2021.10\lib\gcc\arm-none-eabi\10.3.1\thumb\v6-m\nofp\libgcc.a(floatunsidf.o)
                0x0800a840                __aeabi_ui2d
 *(.rodata*)
 .rodata        0x0800a88c      0x1f4 main.o
 .rodata        0x0800aa80       0x7c startup.o
 .rodata        0x0800aafc       0x80 C:\Users\wongh\Downloads\gcc-arm-none-eabi-10.3-2021.10-win32\gcc-arm-none-eabi-10.3-2021.10\lib\gcc\arm-none-eabi\10.3.1\thumb\v6-m\nofp\libgcc.a(divsf3.o)
 .rodata        0x0800ab7c       0x40 C:\Users\wongh\Downloads\gcc-arm-none-eabi-10.3-2021.10-win32\gcc-arm-none-eabi-10.3-2021.10\lib\gcc\arm-none-eabi\10.3.1\thumb\v6-m\nofp\libgcc.a(divdf3.o)
 .rodata        0x0800abbc       0x40 C:\Users\wongh\Downloads\gcc-arm-none-eabi-10.3-2021.10-win32\gcc-arm-none-eabi-10.3-2021.10\lib\gcc\arm-none-eabi\10.3.1\thumb\v6-m\nofp\libgcc.a(muldf3.o)
 .rodata._printf_float.str1.1
                0x0800abfc       0x10 C:\Users\wongh\Downloads\gcc-arm-none-eabi-10.3-2021.10-win32\gcc-arm-none-eabi-10.3-2021.10\arm-none-eabi\lib\thumb\v6-m\nofp\libc_nano.a(lib_a-nano-vfprintf_float.o)
                                 0x12 (size before relaxing)
 .rodata._printf_i.str1.1
                0x0800ac0c       0x22 C:\Users\wongh\Downloads\gcc-arm-none-eabi-10.3-2021.10-win32\gcc-arm-none-eabi-10.3-2021.10\arm-none-eabi\lib\thumb\v6-m\nofp\libc_nano.a(lib_a-nano-vfprintf_i.o)
 .rodata._dtoa_r.str1.1
                0x0800ac2e       0xb3 C:\Users\wongh\Downloads\gcc-arm-none-eabi-10.3-2021.10-win32\gcc-arm-none-eabi-10.3-2021.10\arm-none-eabi\lib\thumb\v6-m\nofp\libc_nano.a(lib_a-dtoa.o)
                                 0xb5 (size before relaxing)
 *fill*         0x0800ace1        0x3 
 .rodata._global_impure_ptr
                0x0800ace4        0x4 C:\Users\wongh\Downloads\gcc-arm-none-eabi-10.3-2021.10-win32\gcc-arm-none-eabi-10.3-2021.10\arm-none-eabi\lib\thumb\v6-m\nofp\libc_nano.a(lib_a-impure.o)
                0x0800ace4                _global_impure_ptr
 .rodata._Balloc.str1.1
                0x0800ace8       0x7f C:\Users\wongh\Downloads\gcc-arm-none-eabi-10.3-2021.10-win32\gcc-arm-none-eabi-10.3-2021.10\arm-none-eabi\lib\thumb\v6-m\nofp\libc_nano.a(lib_a-mprec.o)
                                 0x96 (size before relaxing)
 .rodata.__multadd.str1.1
                0x0800ad67       0x11 C:\Users\wongh\Downloads\gcc-arm-none-eabi-10.3-2021.10-win32\gcc-arm-none-eabi-10.3-2021.10\arm-none-eabi\lib\thumb\v6-m\nofp\libc_nano.a(lib_a-mprec.o)
 *fill*         0x0800ad67        0x1 
 .rodata.__mprec_bigtens
                0x0800ad68       0x28 C:\Users\wongh\Downloads\gcc-arm-none-eabi-10.3-2021.10-win32\gcc-arm-none-eabi-10.3-2021.10\arm-none-eabi\lib\thumb\v6-m\nofp\libc_nano.a(lib_a-mprec.o)
                0x0800ad68                __mprec_bigtens
 .rodata.__mprec_tens
                0x0800ad90       0xc8 C:\Users\wongh\Downloads\gcc-arm-none-eabi-10.3-2021.10-win32\gcc-arm-none-eabi-10.3-2021.10\arm-none-eabi\lib\thumb\v6-m\nofp\libc_nano.a(lib_a-mprec.o)
                0x0800ad90                __mprec_tens
 .rodata.__mprec_tinytens
                0x0800ae58       0x28 C:\Users\wongh\Downloads\gcc-arm-none-eabi-10.3-2021.10-win32\gcc-arm-none-eabi-10.3-2021.10\arm-none-eabi\lib\thumb\v6-m\nofp\libc_nano.a(lib_a-mprec.o)
                0x0800ae58                __mprec_tinytens
 .rodata.p05.0  0x0800ae80        0xc C:\Users\wongh\Downloads\gcc-arm-none-eabi-10.3-2021.10-win32\gcc-arm-none-eabi-10.3-2021.10\arm-none-eabi\lib\thumb\v6-m\nofp\libc_nano.a(lib_a-mprec.o)
 .rodata._svfprintf_r.str1.1
                0x0800ae8c       0x11 C:\Users\wongh\Downloads\gcc-arm-none-eabi-10.3-2021.10-win32\gcc-arm-none-eabi-10.3-2021.10\arm-none-eabi\lib\thumb\v6-m\nofp\libc_nano.a(lib_a-nano-svfprintf.o)
 .rodata.__ssvfscanf_r.str1.1
                0x0800ae9d        0x4 C:\Users\wongh\Downloads\gcc-arm-none-eabi-10.3-2021.10-win32\gcc-arm-none-eabi-10.3-2021.10\arm-none-eabi\lib\thumb\v6-m\nofp\libc_nano.a(lib_a-nano-svfscanf.o)
 .rodata.str1.1
                0x0800ae9d        0x9 C:\Users\wongh\Downloads\gcc-arm-none-eabi-10.3-2021.10-win32\gcc-arm-none-eabi-10.3-2021.10\arm-none-eabi\lib\thumb\v6-m\nofp\libc_nano.a(lib_a-nano-vfscanf_i.o)
 .rodata._scanf_i.str1.1
                0x0800aea6       0x12 C:\Users\wongh\Downloads\gcc-arm-none-eabi-10.3-2021.10-win32\gcc-arm-none-eabi-10.3-2021.10\arm-none-eabi\lib\thumb\v6-m\nofp\libc_nano.a(lib_a-nano-vfscanf_i.o)
 .rodata        0x0800aeb8        0xc C:\Users\wongh\Downloads\gcc-arm-none-eabi-10.3-2021.10-win32\gcc-arm-none-eabi-10.3-2021.10\arm-none-eabi\lib\thumb\v6-m\nofp\libc_nano.a(lib_a-nano-vfscanf_i.o)
 .rodata.__assert_func.str1.1
                0x0800aec4       0x3c C:\Users\wongh\Downloads\gcc-arm-none-eabi-10.3-2021.10-win32\gcc-arm-none-eabi-10.3-2021.10\arm-none-eabi\lib\thumb\v6-m\nofp\libc_nano.a(lib_a-assert.o)
                                 0x3d (size before relaxing)
 .rodata._ctype_
                0x0800af00      0x101 C:\Users\wongh\Downloads\gcc-arm-none-eabi-10.3-2021.10-win32\gcc-arm-none-eabi-10.3-2021.10\arm-none-eabi\lib\thumb\v6-m\nofp\libc_nano.a(lib_a-ctype_.o)
                0x0800af00                _ctype_
 *fill*         0x0800b001        0x3 
 .rodata.__sf_fake_stderr
                0x0800b004       0x20 C:\Users\wongh\Downloads\gcc-arm-none-eabi-10.3-2021.10-win32\gcc-arm-none-eabi-10.3-2021.10\arm-none-eabi\lib\thumb\v6-m\nofp\libc_nano.a(lib_a-findfp.o)
                0x0800b004                __sf_fake_stderr
 .rodata.__sf_fake_stdin
                0x0800b024       0x20 C:\Users\wongh\Downloads\gcc-arm-none-eabi-10.3-2021.10-win32\gcc-arm-none-eabi-10.3-2021.10\arm-none-eabi\lib\thumb\v6-m\nofp\libc_nano.a(lib_a-findfp.o)
                0x0800b024                __sf_fake_stdin
 .rodata.__sf_fake_stdout
                0x0800b044       0x20 C:\Users\wongh\Downloads\gcc-arm-none-eabi-10.3-2021.10-win32\gcc-arm-none-eabi-10.3-2021.10\arm-none-eabi\lib\thumb\v6-m\nofp\libc_nano.a(lib_a-findfp.o)
                0x0800b044                __sf_fake_stdout
 .rodata._setlocale_r.str1.1
                0x0800b064        0x8 C:\Users\wongh\Downloads\gcc-arm-none-eabi-10.3-2021.10-win32\gcc-arm-none-eabi-10.3-2021.10\arm-none-eabi\lib\thumb\v6-m\nofp\libc_nano.a(lib_a-locale.o)
                                  0x9 (size before relaxing)
 .rodata.str1.1
                0x0800b06c        0x2 C:\Users\wongh\Downloads\gcc-arm-none-eabi-10.3-2021.10-win32\gcc-arm-none-eabi-10.3-2021.10\arm-none-eabi\lib\thumb\v6-m\nofp\libc_nano.a(lib_a-locale.o)
 .rodata._vfprintf_r.str1.1
                0x0800b06e       0x11 C:\Users\wongh\Downloads\gcc-arm-none-eabi-10.3-2021.10-win32\gcc-arm-none-eabi-10.3-2021.10\arm-none-eabi\lib\thumb\v6-m\nofp\libc_nano.a(lib_a-nano-vfprintf.o)
                0x0800b080                . = ALIGN (0x4)
 *fill*         0x0800b06e        0x2 
                0x0800b070                PROVIDE (__init_array_start = .)
 *(SORT_BY_NAME(.init_array.*))
 *(.init_array)
                0x0800b070                PROVIDE (__init_array_end = .)
                0x0800b070                . = ALIGN (0x4)
                0x0800b070                _etext = .

.glue_7         0x0800b070        0x0
 .glue_7        0x0800b070        0x0 linker stubs

.glue_7t        0x0800b070        0x0
 .glue_7t       0x0800b070        0x0 linker stubs

.vfp11_veneer   0x0800b070        0x0
 .vfp11_veneer  0x0800b070        0x0 linker stubs

.v4_bx          0x0800b070        0x0
 .v4_bx         0x0800b070        0x0 linker stubs

.iplt           0x0800b070        0x0
 .iplt          0x0800b070        0x0 main.o

.rel.dyn        0x0800b070        0x0
 .rel.iplt      0x0800b070        0x0 main.o

.data           0x20000000      0x1d8 load address 0x0800b070
                0x20000000                . = ALIGN (0x4)
                0x20000000                _data = .
 *(.data*)
 .data          0x20000000        0x4 main.o
                0x20000000                buzzer_wait
 .data          0x20000004        0x0 lcd.o
 .data          0x20000004        0x0 adc.o
 .data          0x20000004        0x0 serial.o
 .data          0x20000004        0x0 UART1.o
 .data          0x20000004        0x0 UART2.o
 .data          0x20000004        0x0 startup.o
 .data          0x20000004        0x4 newlib_stubs.o
                0x20000004                environ
 .data          0x20000008        0x0 C:\Users\wongh\Downloads\gcc-arm-none-eabi-10.3-2021.10-win32\gcc-arm-none-eabi-10.3-2021.10\arm-none-eabi\lib\thumb\v6-m\nofp\libnosys.a(errno.o)
 .data          0x20000008        0x0 C:\Users\wongh\Downloads\gcc-arm-none-eabi-10.3-2021.10-win32\gcc-arm-none-eabi-10.3-2021.10\lib\gcc\arm-none-eabi\10.3.1\thumb\v6-m\nofp\libgcc.a(_udivsi3.o)
 .data          0x20000008        0x0 C:\Users\wongh\Downloads\gcc-arm-none-eabi-10.3-2021.10-win32\gcc-arm-none-eabi-10.3-2021.10\lib\gcc\arm-none-eabi\10.3.1\thumb\v6-m\nofp\libgcc.a(_divsi3.o)
 .data          0x20000008        0x0 C:\Users\wongh\Downloads\gcc-arm-none-eabi-10.3-2021.10-win32\gcc-arm-none-eabi-10.3-2021.10\lib\gcc\arm-none-eabi\10.3.1\thumb\v6-m\nofp\libgcc.a(_dvmd_tls.o)
 .data          0x20000008        0x0 C:\Users\wongh\Downloads\gcc-arm-none-eabi-10.3-2021.10-win32\gcc-arm-none-eabi-10.3-2021.10\lib\gcc\arm-none-eabi\10.3.1\thumb\v6-m\nofp\libgcc.a(_arm_cmpsf2.o)
 .data          0x20000008        0x0 C:\Users\wongh\Downloads\gcc-arm-none-eabi-10.3-2021.10-win32\gcc-arm-none-eabi-10.3-2021.10\lib\gcc\arm-none-eabi\10.3.1\thumb\v6-m\nofp\libgcc.a(addsf3.o)
 .data          0x20000008        0x0 C:\Users\wongh\Downloads\gcc-arm-none-eabi-10.3-2021.10-win32\gcc-arm-none-eabi-10.3-2021.10\lib\gcc\arm-none-eabi\10.3.1\thumb\v6-m\nofp\libgcc.a(divsf3.o)
 .data          0x20000008        0x0 C:\Users\wongh\Downloads\gcc-arm-none-eabi-10.3-2021.10-win32\gcc-arm-none-eabi-10.3-2021.10\lib\gcc\arm-none-eabi\10.3.1\thumb\v6-m\nofp\libgcc.a(eqsf2.o)
 .data          0x20000008        0x0 C:\Users\wongh\Downloads\gcc-arm-none-eabi-10.3-2021.10-win32\gcc-arm-none-eabi-10.3-2021.10\lib\gcc\arm-none-eabi\10.3.1\thumb\v6-m\nofp\libgcc.a(gesf2.o)
 .data          0x20000008        0x0 C:\Users\wongh\Downloads\gcc-arm-none-eabi-10.3-2021.10-win32\gcc-arm-none-eabi-10.3-2021.10\lib\gcc\arm-none-eabi\10.3.1\thumb\v6-m\nofp\libgcc.a(lesf2.o)
 .data          0x20000008        0x0 C:\Users\wongh\Downloads\gcc-arm-none-eabi-10.3-2021.10-win32\gcc-arm-none-eabi-10.3-2021.10\lib\gcc\arm-none-eabi\10.3.1\thumb\v6-m\nofp\libgcc.a(subsf3.o)
 .data          0x20000008        0x0 C:\Users\wongh\Downloads\gcc-arm-none-eabi-10.3-2021.10-win32\gcc-arm-none-eabi-10.3-2021.10\lib\gcc\arm-none-eabi\10.3.1\thumb\v6-m\nofp\libgcc.a(fixsfsi.o)
 .data          0x20000008        0x0 C:\Users\wongh\Downloads\gcc-arm-none-eabi-10.3-2021.10-win32\gcc-arm-none-eabi-10.3-2021.10\lib\gcc\arm-none-eabi\10.3.1\thumb\v6-m\nofp\libgcc.a(floatsisf.o)
 .data          0x20000008        0x0 C:\Users\wongh\Downloads\gcc-arm-none-eabi-10.3-2021.10-win32\gcc-arm-none-eabi-10.3-2021.10\lib\gcc\arm-none-eabi\10.3.1\thumb\v6-m\nofp\libgcc.a(adddf3.o)
 .data          0x20000008        0x0 C:\Users\wongh\Downloads\gcc-arm-none-eabi-10.3-2021.10-win32\gcc-arm-none-eabi-10.3-2021.10\lib\gcc\arm-none-eabi\10.3.1\thumb\v6-m\nofp\libgcc.a(divdf3.o)
 .data          0x20000008        0x0 C:\Users\wongh\Downloads\gcc-arm-none-eabi-10.3-2021.10-win32\gcc-arm-none-eabi-10.3-2021.10\lib\gcc\arm-none-eabi\10.3.1\thumb\v6-m\nofp\libgcc.a(muldf3.o)
 .data          0x20000008        0x0 C:\Users\wongh\Downloads\gcc-arm-none-eabi-10.3-2021.10-win32\gcc-arm-none-eabi-10.3-2021.10\lib\gcc\arm-none-eabi\10.3.1\thumb\v6-m\nofp\libgcc.a(fixdfsi.o)
 .data          0x20000008        0x0 C:\Users\wongh\Downloads\gcc-arm-none-eabi-10.3-2021.10-win32\gcc-arm-none-eabi-10.3-2021.10\lib\gcc\arm-none-eabi\10.3.1\thumb\v6-m\nofp\libgcc.a(floatsidf.o)
 .data          0x20000008        0x0 C:\Users\wongh\Downloads\gcc-arm-none-eabi-10.3-2021.10-win32\gcc-arm-none-eabi-10.3-2021.10\lib\gcc\arm-none-eabi\10.3.1\thumb\v6-m\nofp\libgcc.a(extendsfdf2.o)
 .data          0x20000008        0x0 C:\Users\wongh\Downloads\gcc-arm-none-eabi-10.3-2021.10-win32\gcc-arm-none-eabi-10.3-2021.10\lib\gcc\arm-none-eabi\10.3.1\thumb\v6-m\nofp\libgcc.a(truncdfsf2.o)
 .data          0x20000008        0x0 C:\Users\wongh\Downloads\gcc-arm-none-eabi-10.3-2021.10-win32\gcc-arm-none-eabi-10.3-2021.10\lib\gcc\arm-none-eabi\10.3.1\thumb\v6-m\nofp\libgcc.a(_clzsi2.o)
 .data          0x20000008        0x0 C:\Users\wongh\Downloads\gcc-arm-none-eabi-10.3-2021.10-win32\gcc-arm-none-eabi-10.3-2021.10\arm-none-eabi\lib\thumb\v6-m\nofp\libc_nano.a(lib_a-memset.o)
 .data          0x20000008        0x0 C:\Users\wongh\Downloads\gcc-arm-none-eabi-10.3-2021.10-win32\gcc-arm-none-eabi-10.3-2021.10\arm-none-eabi\lib\thumb\v6-m\nofp\libc_nano.a(lib_a-nano-vfprintf_float.o)
 .data          0x20000008        0x0 C:\Users\wongh\Downloads\gcc-arm-none-eabi-10.3-2021.10-win32\gcc-arm-none-eabi-10.3-2021.10\arm-none-eabi\lib\thumb\v6-m\nofp\libc_nano.a(lib_a-nano-vfprintf_i.o)
 .data          0x20000008        0x0 C:\Users\wongh\Downloads\gcc-arm-none-eabi-10.3-2021.10-win32\gcc-arm-none-eabi-10.3-2021.10\arm-none-eabi\lib\thumb\v6-m\nofp\libc_nano.a(lib_a-sprintf.o)
 .data          0x20000008        0x0 C:\Users\wongh\Downloads\gcc-arm-none-eabi-10.3-2021.10-win32\gcc-arm-none-eabi-10.3-2021.10\arm-none-eabi\lib\thumb\v6-m\nofp\libc_nano.a(lib_a-sscanf.o)
 .data          0x20000008        0x0 C:\Users\wongh\Downloads\gcc-arm-none-eabi-10.3-2021.10-win32\gcc-arm-none-eabi-10.3-2021.10\arm-none-eabi\lib\thumb\v6-m\nofp\libc_nano.a(lib_a-stdio.o)
 .data          0x20000008        0x0 C:\Users\wongh\Downloads\gcc-arm-none-eabi-10.3-2021.10-win32\gcc-arm-none-eabi-10.3-2021.10\arm-none-eabi\lib\thumb\v6-m\nofp\libc_nano.a(lib_a-strlen.o)
 .data          0x20000008        0x0 C:\Users\wongh\Downloads\gcc-arm-none-eabi-10.3-2021.10-win32\gcc-arm-none-eabi-10.3-2021.10\arm-none-eabi\lib\thumb\v6-m\nofp\libc_nano.a(lib_a-writer.o)
 .data          0x20000008        0x0 C:\Users\wongh\Downloads\gcc-arm-none-eabi-10.3-2021.10-win32\gcc-arm-none-eabi-10.3-2021.10\arm-none-eabi\lib\thumb\v6-m\nofp\libc_nano.a(lib_a-closer.o)
 .data          0x20000008        0x0 C:\Users\wongh\Downloads\gcc-arm-none-eabi-10.3-2021.10-win32\gcc-arm-none-eabi-10.3-2021.10\arm-none-eabi\lib\thumb\v6-m\nofp\libc_nano.a(lib_a-dtoa.o)
 .data          0x20000008        0x0 C:\Users\wongh\Downloads\gcc-arm-none-eabi-10.3-2021.10-win32\gcc-arm-none-eabi-10.3-2021.10\arm-none-eabi\lib\thumb\v6-m\nofp\libc_nano.a(lib_a-impure.o)
 .data._impure_ptr
                0x20000008        0x4 C:\Users\wongh\Downloads\gcc-arm-none-eabi-10.3-2021.10-win32\gcc-arm-none-eabi-10.3-2021.10\arm-none-eabi\lib\thumb\v6-m\nofp\libc_nano.a(lib_a-impure.o)
                0x20000008                _impure_ptr
 .data.impure_data
                0x2000000c       0x60 C:\Users\wongh\Downloads\gcc-arm-none-eabi-10.3-2021.10-win32\gcc-arm-none-eabi-10.3-2021.10\arm-none-eabi\lib\thumb\v6-m\nofp\libc_nano.a(lib_a-impure.o)
 .data          0x2000006c        0x0 C:\Users\wongh\Downloads\gcc-arm-none-eabi-10.3-2021.10-win32\gcc-arm-none-eabi-10.3-2021.10\arm-none-eabi\lib\thumb\v6-m\nofp\libc_nano.a(lib_a-localeconv.o)
 .data          0x2000006c        0x0 C:\Users\wongh\Downloads\gcc-arm-none-eabi-10.3-2021.10-win32\gcc-arm-none-eabi-10.3-2021.10\arm-none-eabi\lib\thumb\v6-m\nofp\libc_nano.a(lib_a-lseekr.o)
 .data          0x2000006c        0x0 C:\Users\wongh\Downloads\gcc-arm-none-eabi-10.3-2021.10-win32\gcc-arm-none-eabi-10.3-2021.10\arm-none-eabi\lib\thumb\v6-m\nofp\libc_nano.a(lib_a-malloc.o)
 .data          0x2000006c        0x0 C:\Users\wongh\Downloads\gcc-arm-none-eabi-10.3-2021.10-win32\gcc-arm-none-eabi-10.3-2021.10\arm-none-eabi\lib\thumb\v6-m\nofp\libc_nano.a(lib_a-memchr-stub.o)
 .data          0x2000006c        0x0 C:\Users\wongh\Downloads\gcc-arm-none-eabi-10.3-2021.10-win32\gcc-arm-none-eabi-10.3-2021.10\arm-none-eabi\lib\thumb\v6-m\nofp\libc_nano.a(lib_a-memcpy-stub.o)
 .data          0x2000006c        0x0 C:\Users\wongh\Downloads\gcc-arm-none-eabi-10.3-2021.10-win32\gcc-arm-none-eabi-10.3-2021.10\arm-none-eabi\lib\thumb\v6-m\nofp\libc_nano.a(lib_a-mprec.o)
 .data          0x2000006c        0x0 C:\Users\wongh\Downloads\gcc-arm-none-eabi-10.3-2021.10-win32\gcc-arm-none-eabi-10.3-2021.10\arm-none-eabi\lib\thumb\v6-m\nofp\libc_nano.a(lib_a-nano-callocr.o)
 .data          0x2000006c        0x0 C:\Users\wongh\Downloads\gcc-arm-none-eabi-10.3-2021.10-win32\gcc-arm-none-eabi-10.3-2021.10\arm-none-eabi\lib\thumb\v6-m\nofp\libc_nano.a(lib_a-nano-freer.o)
 .data          0x2000006c        0x0 C:\Users\wongh\Downloads\gcc-arm-none-eabi-10.3-2021.10-win32\gcc-arm-none-eabi-10.3-2021.10\arm-none-eabi\lib\thumb\v6-m\nofp\libc_nano.a(lib_a-nano-mallocr.o)
 .data          0x2000006c        0x0 C:\Users\wongh\Downloads\gcc-arm-none-eabi-10.3-2021.10-win32\gcc-arm-none-eabi-10.3-2021.10\arm-none-eabi\lib\thumb\v6-m\nofp\libc_nano.a(lib_a-nano-svfprintf.o)
 .data          0x2000006c        0x0 C:\Users\wongh\Downloads\gcc-arm-none-eabi-10.3-2021.10-win32\gcc-arm-none-eabi-10.3-2021.10\arm-none-eabi\lib\thumb\v6-m\nofp\libc_nano.a(lib_a-nano-svfscanf.o)
 .data          0x2000006c        0x0 C:\Users\wongh\Downloads\gcc-arm-none-eabi-10.3-2021.10-win32\gcc-arm-none-eabi-10.3-2021.10\arm-none-eabi\lib\thumb\v6-m\nofp\libc_nano.a(lib_a-nano-vfscanf_i.o)
 .data          0x2000006c        0x0 C:\Users\wongh\Downloads\gcc-arm-none-eabi-10.3-2021.10-win32\gcc-arm-none-eabi-10.3-2021.10\arm-none-eabi\lib\thumb\v6-m\nofp\libc_nano.a(lib_a-readr.o)
 .data          0x2000006c        0x0 C:\Users\wongh\Downloads\gcc-arm-none-eabi-10.3-2021.10-win32\gcc-arm-none-eabi-10.3-2021.10\arm-none-eabi\lib\thumb\v6-m\nofp\libc_nano.a(lib_a-sbrkr.o)
 .data          0x2000006c        0x0 C:\Users\wongh\Downloads\gcc-arm-none-eabi-10.3-2021.10-win32\gcc-arm-none-eabi-10.3-2021.10\arm-none-eabi\lib\thumb\v6-m\nofp\libc_nano.a(lib_a-sccl.o)
 .data          0x2000006c        0x0 C:\Users\wongh\Downloads\gcc-arm-none-eabi-10.3-2021.10-win32\gcc-arm-none-eabi-10.3-2021.10\arm-none-eabi\lib\thumb\v6-m\nofp\libc_nano.a(lib_a-strtol.o)
 .data          0x2000006c        0x0 C:\Users\wongh\Downloads\gcc-arm-none-eabi-10.3-2021.10-win32\gcc-arm-none-eabi-10.3-2021.10\arm-none-eabi\lib\thumb\v6-m\nofp\libc_nano.a(lib_a-strtoul.o)
 .data          0x2000006c        0x0 C:\Users\wongh\Downloads\gcc-arm-none-eabi-10.3-2021.10-win32\gcc-arm-none-eabi-10.3-2021.10\arm-none-eabi\lib\thumb\v6-m\nofp\libc_nano.a(lib_a-ungetc.o)
 .data          0x2000006c        0x0 C:\Users\wongh\Downloads\gcc-arm-none-eabi-10.3-2021.10-win32\gcc-arm-none-eabi-10.3-2021.10\arm-none-eabi\lib\thumb\v6-m\nofp\libc_nano.a(lib_a-assert.o)
 .data          0x2000006c        0x0 C:\Users\wongh\Downloads\gcc-arm-none-eabi-10.3-2021.10-win32\gcc-arm-none-eabi-10.3-2021.10\arm-none-eabi\lib\thumb\v6-m\nofp\libc_nano.a(lib_a-ctype_.o)
 .data          0x2000006c        0x0 C:\Users\wongh\Downloads\gcc-arm-none-eabi-10.3-2021.10-win32\gcc-arm-none-eabi-10.3-2021.10\arm-none-eabi\lib\thumb\v6-m\nofp\libc_nano.a(lib_a-errno.o)
 .data          0x2000006c        0x0 C:\Users\wongh\Downloads\gcc-arm-none-eabi-10.3-2021.10-win32\gcc-arm-none-eabi-10.3-2021.10\arm-none-eabi\lib\thumb\v6-m\nofp\libc_nano.a(lib_a-fflush.o)
 .data          0x2000006c        0x0 C:\Users\wongh\Downloads\gcc-arm-none-eabi-10.3-2021.10-win32\gcc-arm-none-eabi-10.3-2021.10\arm-none-eabi\lib\thumb\v6-m\nofp\libc_nano.a(lib_a-findfp.o)
 .data          0x2000006c        0x0 C:\Users\wongh\Downloads\gcc-arm-none-eabi-10.3-2021.10-win32\gcc-arm-none-eabi-10.3-2021.10\arm-none-eabi\lib\thumb\v6-m\nofp\libc_nano.a(lib_a-fprintf.o)
 .data          0x2000006c        0x0 C:\Users\wongh\Downloads\gcc-arm-none-eabi-10.3-2021.10-win32\gcc-arm-none-eabi-10.3-2021.10\arm-none-eabi\lib\thumb\v6-m\nofp\libc_nano.a(lib_a-fwalk.o)
 .data          0x2000006c        0x0 C:\Users\wongh\Downloads\gcc-arm-none-eabi-10.3-2021.10-win32\gcc-arm-none-eabi-10.3-2021.10\arm-none-eabi\lib\thumb\v6-m\nofp\libc_nano.a(lib_a-locale.o)
 .data.__global_locale
                0x2000006c      0x16c C:\Users\wongh\Downloads\gcc-arm-none-eabi-10.3-2021.10-win32\gcc-arm-none-eabi-10.3-2021.10\arm-none-eabi\lib\thumb\v6-m\nofp\libc_nano.a(lib_a-locale.o)
                0x2000006c                __global_locale
 .data          0x200001d8        0x0 C:\Users\wongh\Downloads\gcc-arm-none-eabi-10.3-2021.10-win32\gcc-arm-none-eabi-10.3-2021.10\arm-none-eabi\lib\thumb\v6-m\nofp\libc_nano.a(lib_a-lock.o)
 .data          0x200001d8        0x0 C:\Users\wongh\Downloads\gcc-arm-none-eabi-10.3-2021.10-win32\gcc-arm-none-eabi-10.3-2021.10\arm-none-eabi\lib\thumb\v6-m\nofp\libc_nano.a(lib_a-mbtowc_r.o)
 .data          0x200001d8        0x0 C:\Users\wongh\Downloads\gcc-arm-none-eabi-10.3-2021.10-win32\gcc-arm-none-eabi-10.3-2021.10\arm-none-eabi\lib\thumb\v6-m\nofp\libc_nano.a(lib_a-memmove.o)
 .data          0x200001d8        0x0 C:\Users\wongh\Downloads\gcc-arm-none-eabi-10.3-2021.10-win32\gcc-arm-none-eabi-10.3-2021.10\arm-none-eabi\lib\thumb\v6-m\nofp\libc_nano.a(lib_a-mlock.o)
 .data          0x200001d8        0x0 C:\Users\wongh\Downloads\gcc-arm-none-eabi-10.3-2021.10-win32\gcc-arm-none-eabi-10.3-2021.10\arm-none-eabi\lib\thumb\v6-m\nofp\libc_nano.a(lib_a-nano-reallocr.o)
 .data          0x200001d8        0x0 C:\Users\wongh\Downloads\gcc-arm-none-eabi-10.3-2021.10-win32\gcc-arm-none-eabi-10.3-2021.10\arm-none-eabi\lib\thumb\v6-m\nofp\libc_nano.a(lib_a-nano-vfprintf.o)
 .data          0x200001d8        0x0 C:\Users\wongh\Downloads\gcc-arm-none-eabi-10.3-2021.10-win32\gcc-arm-none-eabi-10.3-2021.10\arm-none-eabi\lib\thumb\v6-m\nofp\libc_nano.a(lib_a-strcmp.o)
 .data          0x200001d8        0x0 C:\Users\wongh\Downloads\gcc-arm-none-eabi-10.3-2021.10-win32\gcc-arm-none-eabi-10.3-2021.10\arm-none-eabi\lib\thumb\v6-m\nofp\libc_nano.a(lib_a-wbuf.o)
 .data          0x200001d8        0x0 C:\Users\wongh\Downloads\gcc-arm-none-eabi-10.3-2021.10-win32\gcc-arm-none-eabi-10.3-2021.10\arm-none-eabi\lib\thumb\v6-m\nofp\libc_nano.a(lib_a-wctomb_r.o)
 .data          0x200001d8        0x0 C:\Users\wongh\Downloads\gcc-arm-none-eabi-10.3-2021.10-win32\gcc-arm-none-eabi-10.3-2021.10\arm-none-eabi\lib\thumb\v6-m\nofp\libc_nano.a(lib_a-wsetup.o)
 .data          0x200001d8        0x0 C:\Users\wongh\Downloads\gcc-arm-none-eabi-10.3-2021.10-win32\gcc-arm-none-eabi-10.3-2021.10\arm-none-eabi\lib\thumb\v6-m\nofp\libc_nano.a(lib_a-abort.o)
 .data          0x200001d8        0x0 C:\Users\wongh\Downloads\gcc-arm-none-eabi-10.3-2021.10-win32\gcc-arm-none-eabi-10.3-2021.10\arm-none-eabi\lib\thumb\v6-m\nofp\libc_nano.a(lib_a-fvwrite.o)
 .data          0x200001d8        0x0 C:\Users\wongh\Downloads\gcc-arm-none-eabi-10.3-2021.10-win32\gcc-arm-none-eabi-10.3-2021.10\arm-none-eabi\lib\thumb\v6-m\nofp\libc_nano.a(lib_a-makebuf.o)
 .data          0x200001d8        0x0 C:\Users\wongh\Downloads\gcc-arm-none-eabi-10.3-2021.10-win32\gcc-arm-none-eabi-10.3-2021.10\arm-none-eabi\lib\thumb\v6-m\nofp\libc_nano.a(lib_a-nano-msizer.o)
 .data          0x200001d8        0x0 C:\Users\wongh\Downloads\gcc-arm-none-eabi-10.3-2021.10-win32\gcc-arm-none-eabi-10.3-2021.10\arm-none-eabi\lib\thumb\v6-m\nofp\libc_nano.a(lib_a-signal.o)
 .data          0x200001d8        0x0 C:\Users\wongh\Downloads\gcc-arm-none-eabi-10.3-2021.10-win32\gcc-arm-none-eabi-10.3-2021.10\arm-none-eabi\lib\thumb\v6-m\nofp\libc_nano.a(lib_a-signalr.o)
 .data          0x200001d8        0x0 C:\Users\wongh\Downloads\gcc-arm-none-eabi-10.3-2021.10-win32\gcc-arm-none-eabi-10.3-2021.10\arm-none-eabi\lib\thumb\v6-m\nofp\libc_nano.a(lib_a-fstatr.o)
 .data          0x200001d8        0x0 C:\Users\wongh\Downloads\gcc-arm-none-eabi-10.3-2021.10-win32\gcc-arm-none-eabi-10.3-2021.10\arm-none-eabi\lib\thumb\v6-m\nofp\libc_nano.a(lib_a-isattyr.o)
 .data          0x200001d8        0x0 C:\Users\wongh\Downloads\gcc-arm-none-eabi-10.3-2021.10-win32\gcc-arm-none-eabi-10.3-2021.10\arm-none-eabi\lib\thumb\v6-m\nofp\libm.a(lib_a-w_pow.o)
 .data          0x200001d8        0x0 C:\Users\wongh\Downloads\gcc-arm-none-eabi-10.3-2021.10-win32\gcc-arm-none-eabi-10.3-2021.10\arm-none-eabi\lib\thumb\v6-m\nofp\libm.a(lib_a-e_pow.o)
 .data          0x200001d8        0x0 C:\Users\wongh\Downloads\gcc-arm-none-eabi-10.3-2021.10-win32\gcc-arm-none-eabi-10.3-2021.10\arm-none-eabi\lib\thumb\v6-m\nofp\libm.a(lib_a-e_sqrt.o)
 .data          0x200001d8        0x0 C:\Users\wongh\Downloads\gcc-arm-none-eabi-10.3-2021.10-win32\gcc-arm-none-eabi-10.3-2021.10\arm-none-eabi\lib\thumb\v6-m\nofp\libm.a(lib_a-math_err.o)
 .data          0x200001d8        0x0 C:\Users\wongh\Downloads\gcc-arm-none-eabi-10.3-2021.10-win32\gcc-arm-none-eabi-10.3-2021.10\arm-none-eabi\lib\thumb\v6-m\nofp\libm.a(lib_a-s_fabs.o)
 .data          0x200001d8        0x0 C:\Users\wongh\Downloads\gcc-arm-none-eabi-10.3-2021.10-win32\gcc-arm-none-eabi-10.3-2021.10\arm-none-eabi\lib\thumb\v6-m\nofp\libm.a(lib_a-s_finite.o)